Component: ARM Compiler 5.06 update 7 (build 960) Tool: armlink [4d3601]

==============================================================================

Section Cross References

    startup_stm32f103xb.o(RESET) refers to startup_stm32f103xb.o(STACK) for __initial_sp
    startup_stm32f103xb.o(RESET) refers to startup_stm32f103xb.o(.text) for Reset_Handler
    startup_stm32f103xb.o(RESET) refers to stm32f1xx_it.o(i.NMI_Handler) for NMI_Handler
    startup_stm32f103xb.o(RESET) refers to stm32f1xx_it.o(i.HardFault_Handler) for HardFault_Handler
    startup_stm32f103xb.o(RESET) refers to stm32f1xx_it.o(i.MemManage_Handler) for MemManage_Handler
    startup_stm32f103xb.o(RESET) refers to stm32f1xx_it.o(i.BusFault_Handler) for BusFault_Handler
    startup_stm32f103xb.o(RESET) refers to stm32f1xx_it.o(i.UsageFault_Handler) for UsageFault_Handler
    startup_stm32f103xb.o(RESET) refers to port.o(.emb_text) for SVC_Handler
    startup_stm32f103xb.o(RESET) refers to stm32f1xx_it.o(i.DebugMon_Handler) for DebugMon_Handler
    startup_stm32f103xb.o(RESET) refers to stm32f1xx_it.o(i.SysTick_Handler) for SysTick_Handler
    startup_stm32f103xb.o(.text) refers to system_stm32f1xx.o(i.SystemInit) for SystemInit
    startup_stm32f103xb.o(.text) refers to entry.o(.ARM.Collect$$$$00000000) for __main
    main.o(i.SystemClock_Config) refers to memseta.o(.text) for __aeabi_memclr4
    main.o(i.SystemClock_Config) refers to stm32f1xx_hal_rcc.o(i.HAL_RCC_OscConfig) for HAL_RCC_OscConfig
    main.o(i.SystemClock_Config) refers to main.o(i.Error_Handler) for Error_Handler
    main.o(i.SystemClock_Config) refers to stm32f1xx_hal_rcc.o(i.HAL_RCC_ClockConfig) for HAL_RCC_ClockConfig
    main.o(i.main) refers to stm32f1xx_hal.o(i.HAL_Init) for HAL_Init
    main.o(i.main) refers to main.o(i.SystemClock_Config) for SystemClock_Config
    main.o(i.main) refers to gpio.o(i.MX_GPIO_Init) for MX_GPIO_Init
    main.o(i.main) refers to usart.o(i.MX_USART1_UART_Init) for MX_USART1_UART_Init
    main.o(i.main) refers to i2c.o(i.MX_I2C2_Init) for MX_I2C2_Init
    main.o(i.main) refers to strrchr.o(.text) for strrchr
    main.o(i.main) refers to printfa.o(i.__0printf) for __2printf
    main.o(i.main) refers to app_main.o(i.App_Main_Init) for App_Main_Init
    gpio.o(i.MX_GPIO_Init) refers to stm32f1xx_hal_gpio.o(i.HAL_GPIO_WritePin) for HAL_GPIO_WritePin
    gpio.o(i.MX_GPIO_Init) refers to stm32f1xx_hal_gpio.o(i.HAL_GPIO_Init) for HAL_GPIO_Init
    i2c.o(i.HAL_I2C_MspDeInit) refers to stm32f1xx_hal_gpio.o(i.HAL_GPIO_DeInit) for HAL_GPIO_DeInit
    i2c.o(i.HAL_I2C_MspInit) refers to stm32f1xx_hal_gpio.o(i.HAL_GPIO_Init) for HAL_GPIO_Init
    i2c.o(i.MX_I2C2_Init) refers to stm32f1xx_hal_i2c.o(i.HAL_I2C_Init) for HAL_I2C_Init
    i2c.o(i.MX_I2C2_Init) refers to main.o(i.Error_Handler) for Error_Handler
    i2c.o(i.MX_I2C2_Init) refers to i2c.o(.bss) for hi2c2
    usart.o(i.HAL_UART_MspDeInit) refers to stm32f1xx_hal_gpio.o(i.HAL_GPIO_DeInit) for HAL_GPIO_DeInit
    usart.o(i.HAL_UART_MspInit) refers to stm32f1xx_hal_gpio.o(i.HAL_GPIO_Init) for HAL_GPIO_Init
    usart.o(i.MX_USART1_UART_Init) refers to stm32f1xx_hal_uart.o(i.HAL_UART_Init) for HAL_UART_Init
    usart.o(i.MX_USART1_UART_Init) refers to main.o(i.Error_Handler) for Error_Handler
    usart.o(i.MX_USART1_UART_Init) refers to usart.o(.bss) for huart1
    stm32f1xx_it.o(i.SysTick_Handler) refers to stm32f1xx_hal.o(i.HAL_IncTick) for HAL_IncTick
    stm32f1xx_it.o(i.SysTick_Handler) refers to tasks.o(i.xTaskGetSchedulerState) for xTaskGetSchedulerState
    stm32f1xx_it.o(i.SysTick_Handler) refers to port.o(i.xPortSysTickHandler) for xPortSysTickHandler
    stm32f1xx_hal_i2c.o(i.HAL_I2C_DeInit) refers to i2c.o(i.HAL_I2C_MspDeInit) for HAL_I2C_MspDeInit
    stm32f1xx_hal_i2c.o(i.HAL_I2C_ER_IRQHandler) refers to stm32f1xx_hal_i2c.o(i.I2C_Slave_AF) for I2C_Slave_AF
    stm32f1xx_hal_i2c.o(i.HAL_I2C_ER_IRQHandler) refers to stm32f1xx_hal_i2c.o(i.I2C_ITError) for I2C_ITError
    stm32f1xx_hal_i2c.o(i.HAL_I2C_EV_IRQHandler) refers to stm32f1xx_hal_i2c.o(i.I2C_ConvertOtherXferOptions) for I2C_ConvertOtherXferOptions
    stm32f1xx_hal_i2c.o(i.HAL_I2C_EV_IRQHandler) refers to stm32f1xx_hal_i2c.o(i.I2C_Master_SB) for I2C_Master_SB
    stm32f1xx_hal_i2c.o(i.HAL_I2C_EV_IRQHandler) refers to stm32f1xx_hal_i2c.o(i.I2C_Master_ADD10) for I2C_Master_ADD10
    stm32f1xx_hal_i2c.o(i.HAL_I2C_EV_IRQHandler) refers to stm32f1xx_hal_i2c.o(i.I2C_Master_ADDR) for I2C_Master_ADDR
    stm32f1xx_hal_i2c.o(i.HAL_I2C_EV_IRQHandler) refers to stm32f1xx_hal_i2c.o(i.I2C_MasterTransmit_TXE) for I2C_MasterTransmit_TXE
    stm32f1xx_hal_i2c.o(i.HAL_I2C_EV_IRQHandler) refers to stm32f1xx_hal_i2c.o(i.I2C_MasterTransmit_BTF) for I2C_MasterTransmit_BTF
    stm32f1xx_hal_i2c.o(i.HAL_I2C_EV_IRQHandler) refers to stm32f1xx_hal_i2c.o(i.I2C_MemoryTransmit_TXE_BTF) for I2C_MemoryTransmit_TXE_BTF
    stm32f1xx_hal_i2c.o(i.HAL_I2C_EV_IRQHandler) refers to stm32f1xx_hal_i2c.o(i.I2C_MasterReceive_RXNE) for I2C_MasterReceive_RXNE
[...]
    ../clib/microlib/string/memcpy.c         0x00000000   Number         0  memcpya.o ABSOLUTE
    ../clib/microlib/string/memcpy.c         0x00000000   Number         0  memcpyb.o ABSOLUTE
    ../clib/microlib/string/memset.c         0x00000000   Number         0  memseta.o ABSOLUTE
    ../clib/microlib/string/strrchr.c        0x00000000   Number         0  strrchr.o ABSOLUTE
    ../clib/microlib/stubs.s                 0x00000000   Number         0  iusefp.o ABSOLUTE
    ../fplib/microlib/d2f.c                  0x00000000   Number         0  d2f.o ABSOLUTE
    ../fplib/microlib/f2d.c                  0x00000000   Number         0  f2d.o ABSOLUTE
    ../fplib/microlib/fpadd.c                0x00000000   Number         0  dadd.o ABSOLUTE
    ../fplib/microlib/fpadd.c                0x00000000   Number         0  fadd.o ABSOLUTE
    ../fplib/microlib/fpdiv.c                0x00000000   Number         0  ddiv.o ABSOLUTE
    ../fplib/microlib/fpdiv.c                0x00000000   Number         0  fdiv.o ABSOLUTE
    ../fplib/microlib/fpepilogue.c           0x00000000   Number         0  depilogue.o ABSOLUTE
    ../fplib/microlib/fpepilogue.c           0x00000000   Number         0  fepilogue.o ABSOLUTE
    ../fplib/microlib/fpfix.c                0x00000000   Number         0  dfixui.o ABSOLUTE
    ../fplib/microlib/fpfix.c                0x00000000   Number         0  ffixi.o ABSOLUTE
    ../fplib/microlib/fpfix.c                0x00000000   Number         0  dfixul.o ABSOLUTE
    ../fplib/microlib/fpflt.c                0x00000000   Number         0  dflti.o ABSOLUTE
    ../fplib/microlib/fpflt.c                0x00000000   Number         0  ffltui.o ABSOLUTE
    ../fplib/microlib/fpflt.c                0x00000000   Number         0  fflti.o ABSOLUTE
    ../fplib/microlib/fpflt.c                0x00000000   Number         0  dfltui.o ABSOLUTE
    ../fplib/microlib/fpmul.c                0x00000000   Number         0  dmul.o ABSOLUTE
    ../fplib/microlib/fpmul.c                0x00000000   Number         0  fmul.o ABSOLUTE
    ..\App\App_Battery.c                     0x00000000   Number         0  app_battery.o ABSOLUTE
    ..\App\App_Display.c                     0x00000000   Number         0  app_display.o ABSOLUTE
    ..\App\App_Main.c                        0x00000000   Number         0  app_main.o ABSOLUTE
    ..\Com\Com_BQ769.c                       0x00000000   Number         0  com_bq769.o ABSOLUTE
    ..\Com\Com_Debug.c                       0x00000000   Number         0  com_debug.o ABSOLUTE
    ..\Com\Com_Delay.c                       0x00000000   Number         0  com_delay.o ABSOLUTE
    ..\Core\Src\gpio.c                       0x00000000   Number         0  gpio.o ABSOLUTE
    ..\Core\Src\i2c.c                        0x00000000   Number         0  i2c.o ABSOLUTE
    ..\Core\Src\main.c                       0x00000000   Number         0  main.o ABSOLUTE
    ..\Core\Src\stm32f1xx_hal_msp.c          0x00000000   Number         0  stm32f1xx_hal_msp.o ABSOLUTE
    ..\Core\Src\stm32f1xx_it.c               0x00000000   Number         0  stm32f1xx_it.o ABSOLUTE
    ..\Core\Src\system_stm32f1xx.c           0x00000000   Number         0  system_stm32f1xx.o ABSOLUTE
    ..\Core\Src\usart.c                      0x00000000   Number         0  usart.o ABSOLUTE
    ..\Drivers\STM32F1xx_HAL_Driver\Src\stm32f1xx_hal.c 0x00000000   Number         0  stm32f1xx_hal.o ABSOLUTE
    ..\Drivers\STM32F1xx_HAL_Driver\Src\stm32f1xx_hal_cortex.c 0x00000000   Number         0  stm32f1xx_hal_cortex.o ABSOLUTE
    ..\Drivers\STM32F1xx_HAL_Driver\Src\stm32f1xx_hal_dma.c 0x00000000   Number         0  stm32f1xx_hal_dma.o ABSOLUTE
    ..\Drivers\STM32F1xx_HAL_Driver\Src\stm32f1xx_hal_exti.c 0x00000000   Number         0  stm32f1xx_hal_exti.o ABSOLUTE
    ..\Drivers\STM32F1xx_HAL_Driver\Src\stm32f1xx_hal_flash.c 0x00000000   Number         0  stm32f1xx_hal_flash.o ABSOLUTE
    ..\Drivers\STM32F1xx_HAL_Driver\Src\stm32f1xx_hal_flash_ex.c 0x00000000   Number         0  stm32f1xx_hal_flash_ex.o ABSOLUTE
    ..\Drivers\STM32F1xx_HAL_Driver\Src\stm32f1xx_hal_gpio.c 0x00000000   Number         0  stm32f1xx_hal_gpio.o ABSOLUTE
    ..\Drivers\STM32F1xx_HAL_Driver\Src\stm32f1xx_hal_gpio_ex.c 0x00000000   Number         0  stm32f1xx_hal_gpio_ex.o ABSOLUTE
    ..\Drivers\STM32F1xx_HAL_Driver\Src\stm32f1xx_hal_i2c.c 0x00000000   Number         0  stm32f1xx_hal_i2c.o ABSOLUTE
    ..\Drivers\STM32F1xx_HAL_Driver\Src\stm32f1xx_hal_pwr.c 0x00000000   Number         0  stm32f1xx_hal_pwr.o ABSOLUTE
    ..\Drivers\STM32F1xx_HAL_Driver\Src\stm32f1xx_hal_rcc.c 0x00000000   Number         0  stm32f1xx_hal_rcc.o ABSOLUTE
    ..\Drivers\STM32F1xx_HAL_Driver\Src\stm32f1xx_hal_rcc_ex.c 0x00000000   Number         0  stm32f1xx_hal_rcc_ex.o ABSOLUTE
    ..\Drivers\STM32F1xx_HAL_Driver\Src\stm32f1xx_hal_uart.c 0x00000000   Number         0  stm32f1xx_hal_uart.o ABSOLUTE
    ..\Int\BQ769\Int_BQ769.c                 0x00000000   Number         0  int_bq769.o ABSOLUTE
    ..\Int\SSD1315\Int_OLED.c                0x00000000   Number         0  int_oled.o ABSOLUTE
    ..\MId\FreeRTOS\portable\MemMang\heap_4.c 0x00000000   Number         0  heap_4.o ABSOLUTE
    ..\MId\FreeRTOS\portable\RVDS\port.c     0x00000000   Number         0  port.o ABSOLUTE
    ..\MId\FreeRTOS\source\croutine.c        0x00000000   Number         0  croutine.o ABSOLUTE
    ..\MId\FreeRTOS\source\event_groups.c    0x00000000   Number         0  event_groups.o ABSOLUTE
    ..\MId\FreeRTOS\source\list.c            0x00000000   Number         0  list.o ABSOLUTE
    ..\MId\FreeRTOS\source\queue.c           0x00000000   Number         0  queue.o ABSOLUTE
    ..\MId\FreeRTOS\source\stream_buffer.c   0x00000000   Number         0  stream_buffer.o ABSOLUTE
    ..\MId\FreeRTOS\source\tasks.c           0x00000000   Number         0  tasks.o ABSOLUTE
    ..\MId\FreeRTOS\source\timers.c          0x00000000   Number         0  timers.o ABSOLUTE
    ..\\App\\App_Battery.c                   0x00000000   Number         0  app_battery.o ABSOLUTE
    ..\\App\\App_Display.c                   0x00000000   Number         0  app_display.o ABSOLUTE
    ..\\App\\App_Main.c                      0x00000000   Number         0  app_main.o ABSOLUTE
    ..\\Com\\Com_BQ769.c                     0x00000000   Number         0  com_bq769.o ABSOLUTE
    ..\\Com\\Com_Debug.c                     0x00000000   Number         0  com_debug.o ABSOLUTE
    ..\\Com\\Com_Delay.c                     0x00000000   Number         0  com_delay.o ABSOLUTE
    ..\\Int\\BQ769\\Int_BQ769.c              0x00000000   Number         0  int_bq769.o ABSOLUTE
    ..\\Int\\SSD1315\\Int_OLED.c             0x00000000   Number         0  int_oled.o ABSOLUTE
    ..\\MId\\FreeRTOS\\portable\\RVDS\\port.c 0x00000000   Number         0  port.o ABSOLUTE
    cdrcmple.s                               0x00000000   Number         0  cdrcmple.o ABSOLUTE
    cfcmple.s                                0x00000000   Number         0  cfcmple.o ABSOLUTE
    cfrcmple.s                               0x00000000   Number         0  cfrcmple.o ABSOLUTE
    dc.s                                     0x00000000   Number         0  dc.o ABSOLUTE
    handlers.s                               0x00000000   Number         0  handlers.o ABSOLUTE
    init.s                                   0x00000000   Number         0  init.o ABSOLUTE
    startup_stm32f103xb.s                    0x00000000   Number         0  startup_stm32f103xb.o ABSOLUTE
    RESET                                    0x08000000   Section      236  startup_stm32f103xb.o(RESET)
    .ARM.Collect$$$$00000000                 0x080000ec   Section        0  entry.o(.ARM.Collect$$$$00000000)
    .ARM.Collect$$$$00000001                 0x080000ec   Section        4  entry2.o(.ARM.Collect$$$$00000001)
    .ARM.Collect$$$$00000004                 0x080000f0   Section        4  entry5.o(.ARM.Collect$$$$00000004)
    .ARM.Collect$$$$00000008                 0x080000f4   Section        0  entry7b.o(.ARM.Collect$$$$00000008)
    .ARM.Collect$$$$0000000A                 0x080000f4   Section        0  entry8b.o(.ARM.Collect$$$$0000000A)
    .ARM.Collect$$$$0000000B                 0x080000f4   Section        8  entry9a.o(.ARM.Collect$$$$0000000B)
    .ARM.Collect$$$$0000000E                 0x080000fc   Section        4  entry12b.o(.ARM.Collect$$$$0000000E)
    .ARM.Collect$$$$0000000F                 0x08000100   Section        0  entry10a.o(.ARM.Collect$$$$0000000F)
    .ARM.Collect$$$$00000011                 0x08000100   Section        0  entry11a.o(.ARM.Collect$$$$00000011)
    .ARM.Collect$$$$00002712                 0x08000100   Section        4  entry2.o(.ARM.Collect$$$$00002712)
    __lit__00000000                          0x08000100   Data           4  entry2.o(.ARM.Collect$$$$00002712)
    .emb_text                                0x08000104   Section      150  port.o(.emb_text)
    .text                                    0x0800019c   Section       36  startup_stm32f103xb.o(.text)
    .text                                    0x080001c0   Section        0  llushr.o(.text)
    .text                                    0x080001e0   Section        0  memseta.o(.text)
    .text                                    0x08000204   Section        0  strrchr.o(.text)
    .text                                    0x0800021a   Section        0  fadd.o(.text)
    .text                                    0x080002ca   Section        0  fmul.o(.text)
    .text                                    0x0800032e   Section        0  fdiv.o(.text)
    .text                                    0x080003aa   Section        0  dadd.o(.text)
    .text                                    0x080004f8   Section        0  dmul.o(.text)
    .text                                    0x080005dc   Section        0  ddiv.o(.text)
    .text                                    0x080006ba   Section        0  fflti.o(.text)
    .text                                    0x080006cc   Section        0  ffltui.o(.text)
    .text                                    0x080006d6   Section        0  dflti.o(.text)
    .text                                    0x080006f8   Section        0  dfltui.o(.text)
    .text                                    0x08000712   Section        0  ffixi.o(.text)
    .text                                    0x08000744   Section        0  dfixui.o(.text)
    .text                                    0x08000776   Section        0  f2d.o(.text)
    .text                                    0x0800079c   Section       48  cdrcmple.o(.text)
    .text                                    0x080007cc   Section        0  d2f.o(.text)
    .text                                    0x08000804   Section       20  cfcmple.o(.text)
    .text                                    0x08000818   Section       20  cfrcmple.o(.text)
    .text                                    0x0800082c   Section        0  uidiv.o(.text)
    .text                                    0x08000858   Section        0  uldiv.o(.text)
    .text                                    0x080008ba   Section        0  llshl.o(.text)
    .text                                    0x080008d8   Section        0  llsshr.o(.text)
    .text                                    0x080008fc   Section        0  iusefp.o(.text)
    .text                                    0x080008fc   Section        0  fepilogue.o(.text)
    .text                                    0x0800096a   Section        0  depilogue.o(.text)
    .text                                    0x08000a24   Section        0  dfixul.o(.text)
    .text                                    0x08000a54   Section       36  init.o(.text)
    .text                                    0x08000a78   Section        0  __dczerorl.o(.text)
    i.App_Battery_Balance                    0x08000ab4   Section        0  app_battery.o(i.App_Battery_Balance)
    i.App_Battery_GetCurrentA                0x08000c58   Section        0  app_battery.o(i.App_Battery_GetCurrentA)
    i.App_Battery_GetGainAndOffset           0x08000d20   Section        0  app_battery.o(i.App_Battery_GetGainAndOffset)
    App_Battery_GetGainAndOffset             0x08000d21   Thumb Code   152  app_battery.o(i.App_Battery_GetGainAndOffset)
    i.App_Battery_GetTotalV                  0x08000df8   Section        0  app_battery.o(i.App_Battery_GetTotalV)
    i.App_Battery_GetV                       0x08000ed0   Section        0  app_battery.o(i.App_Battery_GetV)
    i.App_Battery_Init                       0x08000fb4   Section        0  app_battery.o(i.App_Battery_Init)
    i.App_Battery_OtherConfig                0x08000fc4   Section        0  app_battery.o(i.App_Battery_OtherConfig)
    App_Battery_OtherConfig                  0x08000fc5   Thumb Code   356  app_battery.o(i.App_Battery_OtherConfig)
    i.App_Battery_getSoc                     0x0800113c   Section        0  app_battery.o(i.App_Battery_getSoc)
    i.App_Display_Init                       0x080012dc   Section        0  app_display.o(i.App_Display_Init)
    i.App_Display_Refresh                    0x080012e4   Section        0  app_display.o(i.App_Display_Refresh)
    App_Display_Refresh                      0x080012e5   Thumb Code   162  app_display.o(i.App_Display_Refresh)
    i.App_Display_ShowContent                0x080013bc   Section        0  app_display.o(i.App_Display_ShowContent)
    i.App_Display_ShowTitle                  0x080013c8   Section        0  app_display.o(i.App_Display_ShowTitle)
    App_Display_ShowTitle                    0x080013c9   Thumb Code    36  app_display.o(i.App_Display_ShowTitle)
    i.App_Main_Init                          0x080013ec   Section        0  app_main.o(i.App_Main_Init)
    i.App_battery_GetTemp                    0x08001460   Section        0  app_battery.o(i.App_battery_GetTemp)
    i.BusFault_Handler                       0x0800153c   Section        0  stm32f1xx_it.o(i.BusFault_Handler)
    i.Com_BQ769_GetSocByVol                  0x08001540   Section        0  com_bq769.o(i.Com_BQ769_GetSocByVol)
    i.Com_BQ769_GetTemperatureByRes          0x08001568   Section        0  com_bq769.o(i.Com_BQ769_GetTemperatureByRes)
    i.DebugMon_Handler                       0x08001594   Section        0  stm32f1xx_it.o(i.DebugMon_Handler)
    i.Error_Handler                          0x08001596   Section        0  main.o(i.Error_Handler)
    i.HAL_Delay                              0x0800159c   Section        0  stm32f1xx_hal.o(i.HAL_Delay)
    i.HAL_GPIO_Init                          0x080015c4   Section        0  stm32f1xx_hal_gpio.o(i.HAL_GPIO_Init)
    i.HAL_GPIO_WritePin                      0x080018e4   Section        0  stm32f1xx_hal_gpio.o(i.HAL_GPIO_WritePin)
    i.HAL_GetTick                            0x080018f0   Section        0  stm32f1xx_hal.o(i.HAL_GetTick)
    i.HAL_I2C_Init                           0x080018fc   Section        0  stm32f1xx_hal_i2c.o(i.HAL_I2C_Init)
    i.HAL_I2C_Master_Transmit                0x08001acc   Section        0  stm32f1xx_hal_i2c.o(i.HAL_I2C_Master_Transmit)
    i.HAL_I2C_Mem_Read                       0x08001c3c   Section        0  stm32f1xx_hal_i2c.o(i.HAL_I2C_Mem_Read)
    i.HAL_I2C_Mem_Write                      0x08001fb0   Section        0  stm32f1xx_hal_i2c.o(i.HAL_I2C_Mem_Write)
    i.HAL_I2C_MspInit                        0x08002114   Section        0  i2c.o(i.HAL_I2C_MspInit)
    i.HAL_IncTick                            0x0800218c   Section        0  stm32f1xx_hal.o(i.HAL_IncTick)
    i.HAL_Init                               0x080021a4   Section        0  stm32f1xx_hal.o(i.HAL_Init)
    i.HAL_InitTick                           0x080021cc   Section        0  stm32f1xx_hal.o(i.HAL_InitTick)
    i.HAL_MspInit                            0x08002218   Section        0  stm32f1xx_hal_msp.o(i.HAL_MspInit)
    i.HAL_NVIC_SetPriority                   0x0800226c   Section        0  stm32f1xx_hal_cortex.o(i.HAL_NVIC_SetPriority)
    i.HAL_NVIC_SetPriorityGrouping           0x080022e8   Section        0  stm32f1xx_hal_cortex.o(i.HAL_NVIC_SetPriorityGrouping)
    i.HAL_RCC_ClockConfig                    0x08002310   Section        0  stm32f1xx_hal_rcc.o(i.HAL_RCC_ClockConfig)
    i.HAL_RCC_GetHCLKFreq                    0x0800249c   Section        0  stm32f1xx_hal_rcc.o(i.HAL_RCC_GetHCLKFreq)
    i.HAL_RCC_GetPCLK1Freq                   0x080024a8   Section        0  stm32f1xx_hal_rcc.o(i.HAL_RCC_GetPCLK1Freq)
    i.HAL_RCC_GetPCLK2Freq                   0x080024c8   Section        0  stm32f1xx_hal_rcc.o(i.HAL_RCC_GetPCLK2Freq)
    i.HAL_RCC_GetSysClockFreq                0x080024e8   Section        0  stm32f1xx_hal_rcc.o(i.HAL_RCC_GetSysClockFreq)
    i.HAL_RCC_OscConfig                      0x08002558   Section        0  stm32f1xx_hal_rcc.o(i.HAL_RCC_OscConfig)
    i.HAL_SYSTICK_Config                     0x080029bc   Section        0  stm32f1xx_hal_cortex.o(i.HAL_SYSTICK_Config)
    i.HAL_UART_Init                          0x080029f0   Section        0  stm32f1xx_hal_uart.o(i.HAL_UART_Init)
    i.HAL_UART_MspInit                       0x08002a68   Section        0  usart.o(i.HAL_UART_MspInit)
    i.HAL_UART_Transmit                      0x08002af0   Section        0  stm32f1xx_hal_uart.o(i.HAL_UART_Transmit)
    i.HardFault_Handler                      0x08002bae   Section        0  stm32f1xx_it.o(i.HardFault_Handler)
    i.I2C_IsAcknowledgeFailed                0x08002bb2   Section        0  stm32f1xx_hal_i2c.o(i.I2C_IsAcknowledgeFailed)
    I2C_IsAcknowledgeFailed                  0x08002bb3   Thumb Code    62  stm32f1xx_hal_i2c.o(i.I2C_IsAcknowledgeFailed)
    i.I2C_MasterRequestWrite                 0x08002bf0   Section        0  stm32f1xx_hal_i2c.o(i.I2C_MasterRequestWrite)
    I2C_MasterRequestWrite                   0x08002bf1   Thumb Code   186  stm32f1xx_hal_i2c.o(i.I2C_MasterRequestWrite)
    i.I2C_RequestMemoryRead                  0x08002cb0   Section        0  stm32f1xx_hal_i2c.o(i.I2C_RequestMemoryRead)
    I2C_RequestMemoryRead                    0x08002cb1   Thumb Code   348  stm32f1xx_hal_i2c.o(i.I2C_RequestMemoryRead)
    i.I2C_RequestMemoryWrite                 0x08002e10   Section        0  stm32f1xx_hal_i2c.o(i.I2C_RequestMemoryWrite)
    I2C_RequestMemoryWrite                   0x08002e11   Thumb Code   220  stm32f1xx_hal_i2c.o(i.I2C_RequestMemoryWrite)
    i.I2C_WaitOnBTFFlagUntilTimeout          0x08002ef0   Section        0  stm32f1xx_hal_i2c.o(i.I2C_WaitOnBTFFlagUntilTimeout)
    I2C_WaitOnBTFFlagUntilTimeout            0x08002ef1   Thumb Code   102  stm32f1xx_hal_i2c.o(i.I2C_WaitOnBTFFlagUntilTimeout)
    i.I2C_WaitOnFlagUntilTimeout             0x08002f56   Section        0  stm32f1xx_hal_i2c.o(i.I2C_WaitOnFlagUntilTimeout)
    I2C_WaitOnFlagUntilTimeout               0x08002f57   Thumb Code   190  stm32f1xx_hal_i2c.o(i.I2C_WaitOnFlagUntilTimeout)
    i.I2C_WaitOnMasterAddressFlagUntilTimeout 0x08003014   Section        0  stm32f1xx_hal_i2c.o(i.I2C_WaitOnMasterAddressFlagUntilTimeout)
    I2C_WaitOnMasterAddressFlagUntilTimeout  0x08003015   Thumb Code   250  stm32f1xx_hal_i2c.o(i.I2C_WaitOnMasterAddressFlagUntilTimeout)
    i.I2C_WaitOnRXNEFlagUntilTimeout         0x0800310e   Section        0  stm32f1xx_hal_i2c.o(i.I2C_WaitOnRXNEFlagUntilTimeout)
    I2C_WaitOnRXNEFlagUntilTimeout           0x0800310f   Thumb Code   138  stm32f1xx_hal_i2c.o(i.I2C_WaitOnRXNEFlagUntilTimeout)
    i.I2C_WaitOnTXEFlagUntilTimeout          0x08003198   Section        0  stm32f1xx_hal_i2c.o(i.I2C_WaitOnTXEFlagUntilTimeout)
    I2C_WaitOnTXEFlagUntilTimeout            0x08003199   Thumb Code   102  stm32f1xx_hal_i2c.o(i.I2C_WaitOnTXEFlagUntilTimeout)
    i.Inf_OLED_Clear                         0x08003200   Section        0  int_oled.o(i.Inf_OLED_Clear)
    i.Inf_OLED_DrawPoint                     0x08003230   Section        0  int_oled.o(i.Inf_OLED_DrawPoint)
    i.Inf_OLED_Init                          0x080032a8   Section        0  int_oled.o(i.Inf_OLED_Init)
    i.Inf_OLED_Refresh                       0x08003398   Section        0  int_oled.o(i.Inf_OLED_Refresh)
    i.Inf_OLED_ShowChar                      0x080033e4   Section        0  int_oled.o(i.Inf_OLED_ShowChar)
    i.Inf_OLED_ShowChinese                   0x08003520   Section        0  int_oled.o(i.Inf_OLED_ShowChinese)
    i.Inf_OLED_ShowString                    0x080035e0   Section        0  int_oled.o(i.Inf_OLED_ShowString)
    i.Inf_OLED_WR_Byte                       0x0800362c   Section        0  int_oled.o(i.Inf_OLED_WR_Byte)
    i.Int_BQ769_Init                         0x08003658   Section        0  int_bq769.o(i.Int_BQ769_Init)
    i.Int_BQ769_ReadRegister                 0x080036c8   Section        0  int_bq769.o(i.Int_BQ769_ReadRegister)
    i.Int_BQ769_Ship                         0x08003814   Section        0  int_bq769.o(i.Int_BQ769_Ship)
    Int_BQ769_Ship                           0x08003815   Thumb Code    72  int_bq769.o(i.Int_BQ769_Ship)
    i.Int_BQ769_WakeUp                       0x08003860   Section        0  int_bq769.o(i.Int_BQ769_WakeUp)
    Int_BQ769_WakeUp                         0x08003861   Thumb Code    32  int_bq769.o(i.Int_BQ769_WakeUp)
    i.Int_BQ769_WriteRegister                0x08003884   Section        0  int_bq769.o(i.Int_BQ769_WriteRegister)
    i.MX_GPIO_Init                           0x080038dc   Section        0  gpio.o(i.MX_GPIO_Init)
    i.MX_I2C2_Init                           0x08003988   Section        0  i2c.o(i.MX_I2C2_Init)
    i.MX_USART1_UART_Init                    0x080039c4   Section        0  usart.o(i.MX_USART1_UART_Init)
    i.MemManage_Handler                      0x080039fc   Section        0  stm32f1xx_it.o(i.MemManage_Handler)
    i.NMI_Handler                            0x08003a00   Section        0  stm32f1xx_it.o(i.NMI_Handler)
    i.RCC_Delay                              0x08003a04   Section        0  stm32f1xx_hal_rcc.o(i.RCC_Delay)
    RCC_Delay                                0x08003a05   Thumb Code    36  stm32f1xx_hal_rcc.o(i.RCC_Delay)
    i.SysTick_Handler                        0x08003a2c   Section        0  stm32f1xx_it.o(i.SysTick_Handler)
    i.SystemClock_Config                     0x08003a40   Section        0  main.o(i.SystemClock_Config)
    i.SystemInit                             0x08003aa6   Section        0  system_stm32f1xx.o(i.SystemInit)
    i.UART_EndRxTransfer                     0x08003aa8   Section        0  stm32f1xx_hal_uart.o(i.UART_EndRxTransfer)
    UART_EndRxTransfer                       0x08003aa9   Thumb Code   108  stm32f1xx_hal_uart.o(i.UART_EndRxTransfer)
    i.UART_SetConfig                         0x08003b14   Section        0  stm32f1xx_hal_uart.o(i.UART_SetConfig)
    UART_SetConfig                           0x08003b15   Thumb Code   248  stm32f1xx_hal_uart.o(i.UART_SetConfig)
    i.UART_WaitOnFlagUntilTimeout            0x08003c10   Section        0  stm32f1xx_hal_uart.o(i.UART_WaitOnFlagUntilTimeout)
    UART_WaitOnFlagUntilTimeout              0x08003c11   Thumb Code   140  stm32f1xx_hal_uart.o(i.UART_WaitOnFlagUntilTimeout)
    i.UsageFault_Handler                     0x08003c9c   Section        0  stm32f1xx_it.o(i.UsageFault_Handler)
    i.__0printf                              0x08003ca0   Section        0  printfa.o(i.__0printf)
    i.__0sprintf                             0x08003cc0   Section        0  printfa.o(i.__0sprintf)
    i.__NVIC_GetPriorityGrouping             0x08003ce8   Section        0  stm32f1xx_hal_cortex.o(i.__NVIC_GetPriorityGrouping)
    __NVIC_GetPriorityGrouping               0x08003ce9   Thumb Code    10  stm32f1xx_hal_cortex.o(i.__NVIC_GetPriorityGrouping)
    i.__NVIC_SetPriority                     0x08003cf8   Section        0  stm32f1xx_hal_cortex.o(i.__NVIC_SetPriority)
    __NVIC_SetPriority                       0x08003cf9   Thumb Code    32  stm32f1xx_hal_cortex.o(i.__NVIC_SetPriority)
    i.__scatterload_copy                     0x08003d20   Section       14  handlers.o(i.__scatterload_copy)
    i.__scatterload_null                     0x08003d2e   Section        2  handlers.o(i.__scatterload_null)
    i.__scatterload_zeroinit                 0x08003d30   Section       14  handlers.o(i.__scatterload_zeroinit)
    i._fp_digits                             0x08003d40   Section        0  printfa.o(i._fp_digits)
    _fp_digits                               0x08003d41   Thumb Code   366  printfa.o(i._fp_digits)
    i._printf_core                           0x08003ec4   Section        0  printfa.o(i._printf_core)
    _printf_core                             0x08003ec5   Thumb Code  1704  printfa.o(i._printf_core)
    i._printf_post_padding                   0x08004578   Section        0  printfa.o(i._printf_post_padding)
    _printf_post_padding                     0x08004579   Thumb Code    36  printfa.o(i._printf_post_padding)
    i._printf_pre_padding                    0x0800459c   Section        0  printfa.o(i._printf_pre_padding)
    _printf_pre_padding                      0x0800459d   Thumb Code    46  printfa.o(i._printf_pre_padding)
    i._sputc                                 0x080045ca   Section        0  printfa.o(i._sputc)
    _sputc                                   0x080045cb   Thumb Code    10  printfa.o(i._sputc)
    i.balance_callBack                       0x080045d4   Section        0  app_main.o(i.balance_callBack)
    i.battery_callBack                       0x080045e4   Section        0  app_main.o(i.battery_callBack)
    i.crc8                                   0x08004608   Section        0  int_bq769.o(i.crc8)
    i.fputc                                  0x08004640   Section        0  com_debug.o(i.fputc)
    i.lookup_table                           0x0800465c   Section        0  com_bq769.o(i.lookup_table)
    lookup_table                             0x0800465d   Thumb Code    66  com_bq769.o(i.lookup_table)
    i.main                                   0x080046a0   Section        0  main.o(i.main)
    i.oled_callBack                          0x08004708   Section        0  app_main.o(i.oled_callBack)
    i.prvAddCurrentTaskToDelayedList         0x08004724   Section        0  tasks.o(i.prvAddCurrentTaskToDelayedList)
    prvAddCurrentTaskToDelayedList           0x08004725   Thumb Code   164  tasks.o(i.prvAddCurrentTaskToDelayedList)
    i.prvAddNewTaskToReadyList               0x080047e4   Section        0  tasks.o(i.prvAddNewTaskToReadyList)
    prvAddNewTaskToReadyList                 0x080047e5   Thumb Code   200  tasks.o(i.prvAddNewTaskToReadyList)
    i.prvCheckTasksWaitingTermination        0x080048c8   Section        0  tasks.o(i.prvCheckTasksWaitingTermination)
    prvCheckTasksWaitingTermination          0x080048c9   Thumb Code    60  tasks.o(i.prvCheckTasksWaitingTermination)
    i.prvDeleteTCB                           0x08004910   Section        0  tasks.o(i.prvDeleteTCB)
    prvDeleteTCB                             0x08004911   Thumb Code    18  tasks.o(i.prvDeleteTCB)
    i.prvHeapInit                            0x08004924   Section        0  heap_4.o(i.prvHeapInit)
    prvHeapInit                              0x08004925   Thumb Code    90  heap_4.o(i.prvHeapInit)
    i.prvIdleTask                            0x08004994   Section        0  tasks.o(i.prvIdleTask)
    prvIdleTask                              0x08004995   Thumb Code    32  tasks.o(i.prvIdleTask)
    i.prvInitialiseNewTask                   0x080049bc   Section        0  tasks.o(i.prvInitialiseNewTask)
    prvInitialiseNewTask                     0x080049bd   Thumb Code   122  tasks.o(i.prvInitialiseNewTask)
    i.prvInitialiseTaskLists                 0x08004a38   Section        0  tasks.o(i.prvInitialiseTaskLists)
    prvInitialiseTaskLists                   0x08004a39   Thumb Code    70  tasks.o(i.prvInitialiseTaskLists)
    i.prvInsertBlockIntoFreeList             0x08004aa0   Section        0  heap_4.o(i.prvInsertBlockIntoFreeList)
    prvInsertBlockIntoFreeList               0x08004aa1   Thumb Code    96  heap_4.o(i.prvInsertBlockIntoFreeList)
    i.prvResetNextTaskUnblockTime            0x08004b08   Section        0  tasks.o(i.prvResetNextTaskUnblockTime)
    prvResetNextTaskUnblockTime              0x08004b09   Thumb Code    40  tasks.o(i.prvResetNextTaskUnblockTime)
    i.prvTaskExitError                       0x08004b38   Section        0  port.o(i.prvTaskExitError)
    prvTaskExitError                         0x08004b39   Thumb Code    22  port.o(i.prvTaskExitError)
    i.pvPortMalloc                           0x08004b50   Section        0  heap_4.o(i.pvPortMalloc)
    i.pxPortInitialiseStack                  0x08004c34   Section        0  port.o(i.pxPortInitialiseStack)
    i.uxListRemove                           0x08004c58   Section        0  list.o(i.uxListRemove)
    i.vListInitialise                        0x08004c80   Section        0  list.o(i.vListInitialise)
    i.vListInitialiseItem                    0x08004c9a   Section        0  list.o(i.vListInitialiseItem)
    i.vListInsert                            0x08004ca0   Section        0  list.o(i.vListInsert)
    i.vPortEnterCritical                     0x08004cd4   Section        0  port.o(i.vPortEnterCritical)
    i.vPortExitCritical                      0x08004cf8   Section        0  port.o(i.vPortExitCritical)
    i.vPortFree                              0x08004d18   Section        0  heap_4.o(i.vPortFree)
    i.vPortSetupTimerInterrupt               0x08004d64   Section        0  port.o(i.vPortSetupTimerInterrupt)
    i.vTaskDelay                             0x08004d7c   Section        0  tasks.o(i.vTaskDelay)
    i.vTaskStartScheduler                    0x08004db0   Section        0  tasks.o(i.vTaskStartScheduler)
    i.vTaskSuspendAll                        0x08004e1c   Section        0  tasks.o(i.vTaskSuspendAll)
    i.vTaskSwitchContext                     0x08004e2c   Section        0  tasks.o(i.vTaskSwitchContext)
    i.xPortStartScheduler                    0x08004e8c   Section        0  port.o(i.xPortStartScheduler)
    i.xPortSysTickHandler                    0x08004ec0   Section        0  port.o(i.xPortSysTickHandler)
    i.xTaskCreate                            0x08004ef4   Section        0  tasks.o(i.xTaskCreate)
    i.xTaskGetSchedulerState                 0x08004f5c   Section        0  tasks.o(i.xTaskGetSchedulerState)
    i.xTaskIncrementTick                     0x08004f7c   Section        0  tasks.o(i.xTaskIncrementTick)
    i.xTaskResumeAll                         0x0800510c   Section        0  tasks.o(i.xTaskResumeAll)
    .constdata                               0x08005268   Section       18  stm32f1xx_hal_rcc.o(.constdata)
    aPLLMULFactorTable                       0x08005268   Data          16  stm32f1xx_hal_rcc.o(.constdata)
    aPredivFactorTable                       0x08005278   Data           2  stm32f1xx_hal_rcc.o(.constdata)
    .constdata                               0x0800527a   Section       24  system_stm32f1xx.o(.constdata)
    .constdata                               0x08005294   Section        2  app_battery.o(.constdata)
    .constdata                               0x08005296   Section     6792  int_oled.o(.constdata)
    .data                                    0x20000000   Section        9  stm32f1xx_hal.o(.data)
    .data                                    0x2000000c   Section        4  system_stm32f1xx.o(.data)
    .data                                    0x20000010   Section     1144  com_bq769.o(.data)
    last_tempr_idx                           0x20000010   Data           2  com_bq769.o(.data)
    last_res                                 0x20000014   Data           4  com_bq769.o(.data)
    res_tempr_lookup_table                   0x20000018   Data         724  com_bq769.o(.data)
    last_soc                                 0x200002ec   Data           4  com_bq769.o(.data)
    last_soc_idx                             0x200002f0   Data           2  com_bq769.o(.data)
    battery_soc_ocv_lookup_table             0x200002f4   Data         404  com_bq769.o(.data)
    .data                                    0x20000488   Section       64  tasks.o(.data)
    pxDelayedTaskList                        0x2000048c   Data           4  tasks.o(.data)
    pxOverflowDelayedTaskList                0x20000490   Data           4  tasks.o(.data)
    uxDeletedTasksWaitingCleanUp             0x20000494   Data           4  tasks.o(.data)
    uxCurrentNumberOfTasks                   0x20000498   Data           4  tasks.o(.data)
    xTickCount                               0x2000049c   Data           4  tasks.o(.data)
    uxTopReadyPriority                       0x200004a0   Data           4  tasks.o(.data)
    xSchedulerRunning                        0x200004a4   Data           4  tasks.o(.data)
    xPendedTicks                             0x200004a8   Data           4  tasks.o(.data)
    xYieldPending                            0x200004ac   Data           4  tasks.o(.data)
    xNumOfOverflows                          0x200004b0   Data           4  tasks.o(.data)
    uxTaskNumber                             0x200004b4   Data           4  tasks.o(.data)
    xNextTaskUnblockTime                     0x200004b8   Data           4  tasks.o(.data)
    xIdleTaskHandle                          0x200004bc   Data           4  tasks.o(.data)
    uxSchedulerSuspended                     0x200004c4   Data           4  tasks.o(.data)
    .data                                    0x200004c8   Section        4  port.o(.data)
    uxCriticalNesting                        0x200004c8   Data           4  port.o(.data)
    .data                                    0x200004cc   Section       28  heap_4.o(.data)
    xStart                                   0x200004cc   Data           8  heap_4.o(.data)
    pxEnd                                    0x200004d4   Data           4  heap_4.o(.data)
    xFreeBytesRemaining                      0x200004d8   Data           4  heap_4.o(.data)
    xMinimumEverFreeBytesRemaining           0x200004dc   Data           4  heap_4.o(.data)
    xNumberOfSuccessfulAllocations           0x200004e0   Data           4  heap_4.o(.data)
    xNumberOfSuccessfulFrees                 0x200004e4   Data           4  heap_4.o(.data)
    .data                                    0x200004e8   Section       12  app_main.o(.data)
    .data                                    0x200004f4   Section       18  app_battery.o(.data)
    .data                                    0x20000508   Section        4  stdout.o(.data)
    .bss                                     0x2000050c   Section       84  i2c.o(.bss)
    .bss                                     0x20000560   Section       72  usart.o(.bss)
    .bss                                     0x200005a8   Section      200  tasks.o(.bss)
    pxReadyTasksLists                        0x200005a8   Data         100  tasks.o(.bss)
    xDelayedTaskList1                        0x2000060c   Data          20  tasks.o(.bss)
    xDelayedTaskList2                        0x20000620   Data          20  tasks.o(.bss)
    xPendingReadyList                        0x20000634   Data          20  tasks.o(.bss)
    xTasksWaitingTermination                 0x20000648   Data          20  tasks.o(.bss)
    xSuspendedTaskList                       0x2000065c   Data          20  tasks.o(.bss)
    .bss                                     0x20000670   Section    10240  heap_4.o(.bss)
    ucHeap                                   0x20000670   Data       10240  heap_4.o(.bss)
    .bss                                     0x20002e70   Section       20  app_battery.o(.bss)
    .bss                                     0x20002e84   Section     1024  int_oled.o(.bss)
    .bss                                     0x20003284   Section       56  int_bq769.o(.bss)
    STACK                                    0x200032c0   Section     1024  startup_stm32f103xb.o(STACK)

    Global Symbols

    Symbol Name                              Value     Ov Type        Size  Object(Section)

    BuildAttributes$$THM_ISAv4$P$D$K$B$S$PE$A:L22UL41UL21$X:L11$S22US41US21$IEEE1$IW$USESV6$~STKCKD$USESV7$~SHL$OTIME$ROPI$EBA8$MICROLIB$REQ8$PRES8$EABIv2 0x00000000   Number         0  anon$$obj.o ABSOLUTE
    __ARM_use_no_argv                        0x00000000   Number         0  main.o ABSOLUTE
    _printf_a                                0x00000000   Number         0  stubs.o ABSOLUTE
    _printf_c                                0x00000000   Number         0  stubs.o ABSOLUTE
    _printf_charcount                        0x00000000   Number         0  stubs.o ABSOLUTE
    _printf_d                                0x00000000   Number         0  stubs.o ABSOLUTE
    _printf_e                                0x00000000   Number         0  stubs.o ABSOLUTE
    _printf_f                                0x00000000   Number         0  stubs.o ABSOLUTE
    _printf_flags                            0x00000000   Number         0  stubs.o ABSOLUTE
    _printf_fp_dec                           0x00000000   Number         0  stubs.o ABSOLUTE
    _printf_fp_hex                           0x00000000   Number         0  stubs.o ABSOLUTE
    _printf_g                                0x00000000   Number         0  stubs.o ABSOLUTE
    _printf_i                                0x00000000   Number         0  stubs.o ABSOLUTE
    _printf_int_dec                          0x00000000   Number         0  stubs.o ABSOLUTE
    _printf_l                                0x00000000   Number         0  stubs.o ABSOLUTE
    _printf_lc                               0x00000000   Number         0  stubs.o ABSOLUTE
    _printf_ll                               0x00000000   Number         0  stubs.o ABSOLUTE
    _printf_lld                              0x00000000   Number         0  stubs.o ABSOLUTE
    _printf_lli                              0x00000000   Number         0  stubs.o ABSOLUTE
    _printf_llo                              0x00000000   Number         0  stubs.o ABSOLUTE
    _printf_llu                              0x00000000   Number         0  stubs.o ABSOLUTE
    _printf_llx                              0x00000000   Number         0  stubs.o ABSOLUTE
    _printf_longlong_dec                     0x00000000   Number         0  stubs.o ABSOLUTE
    _printf_longlong_hex                     0x00000000   Number         0  stubs.o ABSOLUTE
    _printf_longlong_oct                     0x00000000   Number         0  stubs.o ABSOLUTE
    _printf_ls                               0x00000000   Number         0  stubs.o ABSOLUTE
    _printf_mbtowc                           0x00000000   Number         0  stubs.o ABSOLUTE
    _printf_n                                0x00000000   Number         0  stubs.o ABSOLUTE
    _printf_o                                0x00000000   Number         0  stubs.o ABSOLUTE
    _printf_p                                0x00000000   Number         0  stubs.o ABSOLUTE
    _printf_percent                          0x00000000   Number         0  stubs.o ABSOLUTE
    _printf_pre_padding                      0x00000000   Number         0  stubs.o ABSOLUTE
    _printf_return_value                     0x00000000   Number         0  stubs.o ABSOLUTE
    _printf_s                                0x00000000   Number         0  stubs.o ABSOLUTE
    _printf_sizespec                         0x00000000   Number         0  stubs.o ABSOLUTE
    _printf_str                              0x00000000   Number         0  stubs.o ABSOLUTE
    _printf_truncate_signed                  0x00000000   Number         0  stubs.o ABSOLUTE
    _printf_truncate_unsigned                0x00000000   Number         0  stubs.o ABSOLUTE
    _printf_u                                0x00000000   Number         0  stubs.o ABSOLUTE
    _printf_wc                               0x00000000   Number         0  stubs.o ABSOLUTE
    _printf_wctomb                           0x00000000   Number         0  stubs.o ABSOLUTE
    _printf_widthprec                        0x00000000   Number         0  stubs.o ABSOLUTE
    _printf_x                                0x00000000   Number         0  stubs.o ABSOLUTE
    __arm_fini_                               - Undefined Weak Reference
    __cpp_initialize__aeabi_                  - Undefined Weak Reference
    __cxa_finalize                            - Undefined Weak Reference
    _clock_init                               - Undefined Weak Reference
    _microlib_exit                            - Undefined Weak Reference
    __Vectors_Size                           0x000000ec   Number         0  startup_stm32f103xb.o ABSOLUTE
    __Vectors                                0x08000000   Data           4  startup_stm32f103xb.o(RESET)
    __Vectors_End                            0x080000ec   Data           0  startup_stm32f103xb.o(RESET)
    __main                                   0x080000ed   Thumb Code     0  entry.o(.ARM.Collect$$$$00000000)
    _main_stk                                0x080000ed   Thumb Code     0  entry2.o(.ARM.Collect$$$$00000001)
    _main_scatterload                        0x080000f1   Thumb Code     0  entry5.o(.ARM.Collect$$$$00000004)
    __main_after_scatterload                 0x080000f5   Thumb Code     0  entry5.o(.ARM.Collect$$$$00000004)
    _main_clock                              0x080000f5   Thumb Code     0  entry7b.o(.ARM.Collect$$$$00000008)
    _main_cpp_init                           0x080000f5   Thumb Code     0  entry8b.o(.ARM.Collect$$$$0000000A)
    _main_init                               0x080000f5   Thumb Code     0  entry9a.o(.ARM.Collect$$$$0000000B)
    __rt_lib_shutdown_fini                   0x080000fd   Thumb Code     0  entry12b.o(.ARM.Collect$$$$0000000E)
    __rt_final_cpp                           0x08000101   Thumb Code     0  entry10a.o(.ARM.Collect$$$$0000000F)
    __rt_final_exit                          0x08000101   Thumb Code     0  entry11a.o(.ARM.Collect$$$$00000011)
    SVC_Handler                              0x08000105   Thumb Code    32  port.o(.emb_text)
    __asm___6_port_c_39a90d8d__prvStartFirstTask 0x08000129   Thumb Code    28  port.o(.emb_text)
    PendSV_Handler                           0x08000149   Thumb Code    72  port.o(.emb_text)
    vPortGetIPSR                             0x08000195   Thumb Code     6  port.o(.emb_text)
    Reset_Handler                            0x0800019d   Thumb Code     8  startup_stm32f103xb.o(.text)
    ADC1_2_IRQHandler                        0x080001b7   Thumb Code     0  startup_stm32f103xb.o(.text)
    CAN1_RX1_IRQHandler                      0x080001b7   Thumb Code     0  startup_stm32f103xb.o(.text)
    CAN1_SCE_IRQHandler                      0x080001b7   Thumb Code     0  startup_stm32f103xb.o(.text)
    DMA1_Channel1_IRQHandler                 0x080001b7   Thumb Code     0  startup_stm32f103xb.o(.text)
    DMA1_Channel2_IRQHandler                 0x080001b7   Thumb Code     0  startup_stm32f103xb.o(.text)
    DMA1_Channel3_IRQHandler                 0x080001b7   Thumb Code     0  startup_stm32f103xb.o(.text)
    DMA1_Channel4_IRQHandler                 0x080001b7   Thumb Code     0  startup_stm32f103xb.o(.text)
    DMA1_Channel5_IRQHandler                 0x080001b7   Thumb Code     0  startup_stm32f103xb.o(.text)
    DMA1_Channel6_IRQHandler                 0x080001b7   Thumb Code     0  startup_stm32f103xb.o(.text)
    DMA1_Channel7_IRQHandler                 0x080001b7   Thumb Code     0  startup_stm32f103xb.o(.text)
    EXTI0_IRQHandler                         0x080001b7   Thumb Code     0  startup_stm32f103xb.o(.text)
    EXTI15_10_IRQHandler                     0x080001b7   Thumb Code     0  startup_stm32f103xb.o(.text)
    EXTI1_IRQHandler                         0x080001b7   Thumb Code     0  startup_stm32f103xb.o(.text)
    EXTI2_IRQHandler                         0x080001b7   Thumb Code     0  startup_stm32f103xb.o(.text)
    EXTI3_IRQHandler                         0x080001b7   Thumb Code     0  startup_stm32f103xb.o(.text)
    EXTI4_IRQHandler                         0x080001b7   Thumb Code     0  startup_stm32f103xb.o(.text)
    EXTI9_5_IRQHandler                       0x080001b7   Thumb Code     0  startup_stm32f103xb.o(.text)
    FLASH_IRQHandler                         0x080001b7   Thumb Code     0  startup_stm32f103xb.o(.text)
    I2C1_ER_IRQHandler                       0x080001b7   Thumb Code     0  startup_stm32f103xb.o(.text)
    I2C1_EV_IRQHandler                       0x080001b7   Thumb Code     0  startup_stm32f103xb.o(.text)
    I2C2_ER_IRQHandler                       0x080001b7   Thumb Code     0  startup_stm32f103xb.o(.text)
    I2C2_EV_IRQHandler                       0x080001b7   Thumb Code     0  startup_stm32f103xb.o(.text)
    PVD_IRQHandler                           0x080001b7   Thumb Code     0  startup_stm32f103xb.o(.text)
    RCC_IRQHandler                           0x080001b7   Thumb Code     0  startup_stm32f103xb.o(.text)
    RTC_Alarm_IRQHandler                     0x080001b7   Thumb Code     0  startup_stm32f103xb.o(.text)
    RTC_IRQHandler                           0x080001b7   Thumb Code     0  startup_stm32f103xb.o(.text)
    SPI1_IRQHandler                          0x080001b7   Thumb Code     0  startup_stm32f103xb.o(.text)
    SPI2_IRQHandler                          0x080001b7   Thumb Code     0  startup_stm32f103xb.o(.text)
    TAMPER_IRQHandler                        0x080001b7   Thumb Code     0  startup_stm32f103xb.o(.text)
    TIM1_BRK_IRQHandler                      0x080001b7   Thumb Code     0  startup_stm32f103xb.o(.text)
    TIM1_CC_IRQHandler                       0x080001b7   Thumb Code     0  startup_stm32f103xb.o(.text)
    TIM1_TRG_COM_IRQHandler                  0x080001b7   Thumb Code     0  startup_stm32f103xb.o(.text)
    TIM1_UP_IRQHandler                       0x080001b7   Thumb Code     0  startup_stm32f103xb.o(.text)
    TIM2_IRQHandler                          0x080001b7   Thumb Code     0  startup_stm32f103xb.o(.text)
    TIM3_IRQHandler                          0x080001b7   Thumb Code     0  startup_stm32f103xb.o(.text)
    TIM4_IRQHandler                          0x080001b7   Thumb Code     0  startup_stm32f103xb.o(.text)
    USART1_IRQHandler                        0x080001b7   Thumb Code     0  startup_stm32f103xb.o(.text)
    USART2_IRQHandler                        0x080001b7   Thumb Code     0  startup_stm32f103xb.o(.text)
    USART3_IRQHandler                        0x080001b7   Thumb Code     0  startup_stm32f103xb.o(.text)
    USBWakeUp_IRQHandler                     0x080001b7   Thumb Code     0  startup_stm32f103xb.o(.text)
    USB_HP_CAN1_TX_IRQHandler                0x080001b7   Thumb Code     0  startup_stm32f103xb.o(.text)
    USB_LP_CAN1_RX0_IRQHandler               0x080001b7   Thumb Code     0  startup_stm32f103xb.o(.text)
    WWDG_IRQHandler                          0x080001b7   Thumb Code     0  startup_stm32f103xb.o(.text)
    __aeabi_llsr                             0x080001c1   Thumb Code    32  llushr.o(.text)
    _ll_ushift_r                             0x080001c1   Thumb Code     0  llushr.o(.text)
    __aeabi_memset                           0x080001e1   Thumb Code    14  memseta.o(.text)
    __aeabi_memset4                          0x080001e1   Thumb Code     0  memseta.o(.text)
    __aeabi_memset8                          0x080001e1   Thumb Code     0  memseta.o(.text)
    __aeabi_memclr                           0x080001ef   Thumb Code     4  memseta.o(.text)
    __aeabi_memclr4                          0x080001ef   Thumb Code     0  memseta.o(.text)
    __aeabi_memclr8                          0x080001ef   Thumb Code     0  memseta.o(.text)
    _memset$wrapper                          0x080001f3   Thumb Code    18  memseta.o(.text)
    strrchr                                  0x08000205   Thumb Code    22  strrchr.o(.text)
    __aeabi_fadd                             0x0800021b   Thumb Code   164  fadd.o(.text)
    __aeabi_fsub                             0x080002bf   Thumb Code     6  fadd.o(.text)
    __aeabi_frsub                            0x080002c5   Thumb Code     6  fadd.o(.text)
    __aeabi_fmul                             0x080002cb   Thumb Code   100  fmul.o(.text)
    __aeabi_fdiv                             0x0800032f   Thumb Code   124  fdiv.o(.text)
    __aeabi_dadd                             0x080003ab   Thumb Code   322  dadd.o(.text)
    __aeabi_dsub                             0x080004ed   Thumb Code     6  dadd.o(.text)
    __aeabi_drsub                            0x080004f3   Thumb Code     6  dadd.o(.text)
    __aeabi_dmul                             0x080004f9   Thumb Code   228  dmul.o(.text)
    __aeabi_ddiv                             0x080005dd   Thumb Code   222  ddiv.o(.text)
    __aeabi_i2f                              0x080006bb   Thumb Code    18  fflti.o(.text)
    __aeabi_ui2f                             0x080006cd   Thumb Code    10  ffltui.o(.text)
    __aeabi_i2d                              0x080006d7   Thumb Code    34  dflti.o(.text)
    __aeabi_ui2d                             0x080006f9   Thumb Code    26  dfltui.o(.text)
    __aeabi_f2iz                             0x08000713   Thumb Code    50  ffixi.o(.text)
    __aeabi_d2uiz                            0x08000745   Thumb Code    50  dfixui.o(.text)
    __aeabi_f2d                              0x08000777   Thumb Code    38  f2d.o(.text)
    __aeabi_cdrcmple                         0x0800079d   Thumb Code    48  cdrcmple.o(.text)
    __aeabi_d2f                              0x080007cd   Thumb Code    56  d2f.o(.text)
    __aeabi_cfcmpeq                          0x08000805   Thumb Code     0  cfcmple.o(.text)
    __aeabi_cfcmple                          0x08000805   Thumb Code    20  cfcmple.o(.text)
    __aeabi_cfrcmple                         0x08000819   Thumb Code    20  cfrcmple.o(.text)
    __aeabi_uidiv                            0x0800082d   Thumb Code     0  uidiv.o(.text)
    __aeabi_uidivmod                         0x0800082d   Thumb Code    44  uidiv.o(.text)
    __aeabi_uldivmod                         0x08000859   Thumb Code    98  uldiv.o(.text)
    __aeabi_llsl                             0x080008bb   Thumb Code    30  llshl.o(.text)
    _ll_shift_l                              0x080008bb   Thumb Code     0  llshl.o(.text)
    __aeabi_lasr                             0x080008d9   Thumb Code    36  llsshr.o(.text)
    _ll_sshift_r                             0x080008d9   Thumb Code     0  llsshr.o(.text)
    __I$use$fp                               0x080008fd   Thumb Code     0  iusefp.o(.text)
    _float_round                             0x080008fd   Thumb Code    18  fepilogue.o(.text)
    _float_epilogue                          0x0800090f   Thumb Code    92  fepilogue.o(.text)
    _double_round                            0x0800096b   Thumb Code    30  depilogue.o(.text)
    _double_epilogue                         0x08000989   Thumb Code   156  depilogue.o(.text)
    __aeabi_d2ulz                            0x08000a25   Thumb Code    48  dfixul.o(.text)
    __scatterload                            0x08000a55   Thumb Code    28  init.o(.text)
    __scatterload_rt2                        0x08000a55   Thumb Code     0  init.o(.text)
    __decompress                             0x08000a79   Thumb Code     0  __dczerorl.o(.text)
    __decompress0                            0x08000a79   Thumb Code    58  __dczerorl.o(.text)
    App_Battery_Balance                      0x08000ab5   Thumb Code   362  app_battery.o(i.App_Battery_Balance)
    App_Battery_GetCurrentA                  0x08000c59   Thumb Code   134  app_battery.o(i.App_Battery_GetCurrentA)
    App_Battery_GetTotalV                    0x08000df9   Thumb Code   142  app_battery.o(i.App_Battery_GetTotalV)
    App_Battery_GetV                         0x08000ed1   Thumb Code   154  app_battery.o(i.App_Battery_GetV)
    App_Battery_Init                         0x08000fb5   Thumb Code    16  app_battery.o(i.App_Battery_Init)
    App_Battery_getSoc                       0x0800113d   Thumb Code   336  app_battery.o(i.App_Battery_getSoc)
    App_Display_Init                         0x080012dd   Thumb Code     8  app_display.o(i.App_Display_Init)
    App_Display_ShowContent                  0x080013bd   Thumb Code    12  app_display.o(i.App_Display_ShowContent)
    App_Main_Init                            0x080013ed   Thumb Code    68  app_main.o(i.App_Main_Init)
    App_battery_GetTemp                      0x08001461   Thumb Code   160  app_battery.o(i.App_battery_GetTemp)
    BusFault_Handler                         0x0800153d   Thumb Code     4  stm32f1xx_it.o(i.BusFault_Handler)
    Com_BQ769_GetSocByVol                    0x08001541   Thumb Code    26  com_bq769.o(i.Com_BQ769_GetSocByVol)
    Com_BQ769_GetTemperatureByRes            0x08001569   Thumb Code    30  com_bq769.o(i.Com_BQ769_GetTemperatureByRes)
    DebugMon_Handler                         0x08001595   Thumb Code     2  stm32f1xx_it.o(i.DebugMon_Handler)
    Error_Handler                            0x08001597   Thumb Code     6  main.o(i.Error_Handler)
    HAL_Delay                                0x0800159d   Thumb Code    36  stm32f1xx_hal.o(i.HAL_Delay)
    HAL_GPIO_Init                            0x080015c5   Thumb Code   766  stm32f1xx_hal_gpio.o(i.HAL_GPIO_Init)
    HAL_GPIO_WritePin                        0x080018e5   Thumb Code    12  stm32f1xx_hal_gpio.o(i.HAL_GPIO_WritePin)
    HAL_GetTick                              0x080018f1   Thumb Code     6  stm32f1xx_hal.o(i.HAL_GetTick)
    HAL_I2C_Init                             0x080018fd   Thumb Code   446  stm32f1xx_hal_i2c.o(i.HAL_I2C_Init)
    HAL_I2C_Master_Transmit                  0x08001acd   Thumb Code   360  stm32f1xx_hal_i2c.o(i.HAL_I2C_Master_Transmit)
    HAL_I2C_Mem_Read                         0x08001c3d   Thumb Code   868  stm32f1xx_hal_i2c.o(i.HAL_I2C_Mem_Read)
    HAL_I2C_Mem_Write                        0x08001fb1   Thumb Code   348  stm32f1xx_hal_i2c.o(i.HAL_I2C_Mem_Write)
    HAL_I2C_MspInit                          0x08002115   Thumb Code   106  i2c.o(i.HAL_I2C_MspInit)
    HAL_IncTick                              0x0800218d   Thumb Code    16  stm32f1xx_hal.o(i.HAL_IncTick)
    HAL_Init                                 0x080021a5   Thumb Code    34  stm32f1xx_hal.o(i.HAL_Init)
    HAL_InitTick                             0x080021cd   Thumb Code    64  stm32f1xx_hal.o(i.HAL_InitTick)
    HAL_MspInit                              0x08002219   Thumb Code    76  stm32f1xx_hal_msp.o(i.HAL_MspInit)
    HAL_NVIC_SetPriority                     0x0800226d   Thumb Code   124  stm32f1xx_hal_cortex.o(i.HAL_NVIC_SetPriority)
    HAL_NVIC_SetPriorityGrouping             0x080022e9   Thumb Code    32  stm32f1xx_hal_cortex.o(i.HAL_NVIC_SetPriorityGrouping)
    HAL_RCC_ClockConfig                      0x08002311   Thumb Code   376  stm32f1xx_hal_rcc.o(i.HAL_RCC_ClockConfig)
    HAL_RCC_GetHCLKFreq                      0x0800249d   Thumb Code     6  stm32f1xx_hal_rcc.o(i.HAL_RCC_GetHCLKFreq)
    HAL_RCC_GetPCLK1Freq                     0x080024a9   Thumb Code    22  stm32f1xx_hal_rcc.o(i.HAL_RCC_GetPCLK1Freq)
    HAL_RCC_GetPCLK2Freq                     0x080024c9   Thumb Code    22  stm32f1xx_hal_rcc.o(i.HAL_RCC_GetPCLK2Freq)
    HAL_RCC_GetSysClockFreq                  0x080024e9   Thumb Code    92  stm32f1xx_hal_rcc.o(i.HAL_RCC_GetSysClockFreq)
    HAL_RCC_OscConfig                        0x08002559   Thumb Code  1114  stm32f1xx_hal_rcc.o(i.HAL_RCC_OscConfig)
    HAL_SYSTICK_Config                       0x080029bd   Thumb Code    52  stm32f1xx_hal_cortex.o(i.HAL_SYSTICK_Config)
    HAL_UART_Init                            0x080029f1   Thumb Code   118  stm32f1xx_hal_uart.o(i.HAL_UART_Init)
    HAL_UART_MspInit                         0x08002a69   Thumb Code   122  usart.o(i.HAL_UART_MspInit)
    HAL_UART_Transmit                        0x08002af1   Thumb Code   190  stm32f1xx_hal_uart.o(i.HAL_UART_Transmit)
    HardFault_Handler                        0x08002baf   Thumb Code     4  stm32f1xx_it.o(i.HardFault_Handler)
    Inf_OLED_Clear                           0x08003201   Thumb Code    42  int_oled.o(i.Inf_OLED_Clear)
    Inf_OLED_DrawPoint                       0x08003231   Thumb Code   114  int_oled.o(i.Inf_OLED_DrawPoint)
    Inf_OLED_Init                            0x080032a9   Thumb Code   240  int_oled.o(i.Inf_OLED_Init)
    Inf_OLED_Refresh                         0x08003399   Thumb Code    70  int_oled.o(i.Inf_OLED_Refresh)
    Inf_OLED_ShowChar                        0x080033e5   Thumb Code   300  int_oled.o(i.Inf_OLED_ShowChar)
    Inf_OLED_ShowChinese                     0x08003521   Thumb Code   186  int_oled.o(i.Inf_OLED_ShowChinese)
    Inf_OLED_ShowString                      0x080035e1   Thumb Code    74  int_oled.o(i.Inf_OLED_ShowString)
    Inf_OLED_WR_Byte                         0x0800362d   Thumb Code    40  int_oled.o(i.Inf_OLED_WR_Byte)
    Int_BQ769_Init                           0x08003659   Thumb Code    56  int_bq769.o(i.Int_BQ769_Init)
    Int_BQ769_ReadRegister                   0x080036c9   Thumb Code   230  int_bq769.o(i.Int_BQ769_ReadRegister)
    Int_BQ769_WriteRegister                  0x08003885   Thumb Code    80  int_bq769.o(i.Int_BQ769_WriteRegister)
    MX_GPIO_Init                             0x080038dd   Thumb Code   162  gpio.o(i.MX_GPIO_Init)
    MX_I2C2_Init                             0x08003989   Thumb Code    48  i2c.o(i.MX_I2C2_Init)
    MX_USART1_UART_Init                      0x080039c5   Thumb Code    46  usart.o(i.MX_USART1_UART_Init)
    MemManage_Handler                        0x080039fd   Thumb Code     4  stm32f1xx_it.o(i.MemManage_Handler)
    NMI_Handler                              0x08003a01   Thumb Code     4  stm32f1xx_it.o(i.NMI_Handler)
    SysTick_Handler                          0x08003a2d   Thumb Code    20  stm32f1xx_it.o(i.SysTick_Handler)
    SystemClock_Config                       0x08003a41   Thumb Code   102  main.o(i.SystemClock_Config)
    SystemInit                               0x08003aa7   Thumb Code     2  system_stm32f1xx.o(i.SystemInit)
    UsageFault_Handler                       0x08003c9d   Thumb Code     4  stm32f1xx_it.o(i.UsageFault_Handler)
    __0printf                                0x08003ca1   Thumb Code    22  printfa.o(i.__0printf)
    __1printf                                0x08003ca1   Thumb Code     0  printfa.o(i.__0printf)
    __2printf                                0x08003ca1   Thumb Code     0  printfa.o(i.__0printf)
    __c89printf                              0x08003ca1   Thumb Code     0  printfa.o(i.__0printf)
    printf                                   0x08003ca1   Thumb Code     0  printfa.o(i.__0printf)
    __0sprintf                               0x08003cc1   Thumb Code    34  printfa.o(i.__0sprintf)
    __1sprintf                               0x08003cc1   Thumb Code     0  printfa.o(i.__0sprintf)
    __2sprintf                               0x08003cc1   Thumb Code     0  printfa.o(i.__0sprintf)
    __c89sprintf                             0x08003cc1   Thumb Code     0  printfa.o(i.__0sprintf)
    sprintf                                  0x08003cc1   Thumb Code     0  printfa.o(i.__0sprintf)
    __scatterload_copy                       0x08003d21   Thumb Code    14  handlers.o(i.__scatterload_copy)
    __scatterload_null                       0x08003d2f   Thumb Code     2  handlers.o(i.__scatterload_null)
    __scatterload_zeroinit                   0x08003d31   Thumb Code    14  handlers.o(i.__scatterload_zeroinit)
    balance_callBack                         0x080045d5   Thumb Code    16  app_main.o(i.balance_callBack)
    battery_callBack                         0x080045e5   Thumb Code    36  app_main.o(i.battery_callBack)
    crc8                                     0x08004609   Thumb Code    56  int_bq769.o(i.crc8)
    fputc                                    0x08004641   Thumb Code    22  com_debug.o(i.fputc)
    main                                     0x080046a1   Thumb Code    64  main.o(i.main)
    oled_callBack                            0x08004709   Thumb Code    26  app_main.o(i.oled_callBack)
    pvPortMalloc                             0x08004b51   Thumb Code   208  heap_4.o(i.pvPortMalloc)
    pxPortInitialiseStack                    0x08004c35   Thumb Code    30  port.o(i.pxPortInitialiseStack)
    uxListRemove                             0x08004c59   Thumb Code    40  list.o(i.uxListRemove)
    vListInitialise                          0x08004c81   Thumb Code    26  list.o(i.vListInitialise)
    vListInitialiseItem                      0x08004c9b   Thumb Code     6  list.o(i.vListInitialiseItem)
    vListInsert                              0x08004ca1   Thumb Code    52  list.o(i.vListInsert)
    vPortEnterCritical                       0x08004cd5   Thumb Code    30  port.o(i.vPortEnterCritical)
    vPortExitCritical                        0x08004cf9   Thumb Code    28  port.o(i.vPortExitCritical)
    vPortFree                                0x08004d19   Thumb Code    68  heap_4.o(i.vPortFree)
    vPortSetupTimerInterrupt                 0x08004d65   Thumb Code    20  port.o(i.vPortSetupTimerInterrupt)
    vTaskDelay                               0x08004d7d   Thumb Code    46  tasks.o(i.vTaskDelay)
    vTaskStartScheduler                      0x08004db1   Thumb Code    76  tasks.o(i.vTaskStartScheduler)
    vTaskSuspendAll                          0x08004e1d   Thumb Code    12  tasks.o(i.vTaskSuspendAll)
    vTaskSwitchContext                       0x08004e2d   Thumb Code    76  tasks.o(i.vTaskSwitchContext)
    xPortStartScheduler                      0x08004e8d   Thumb Code    42  port.o(i.xPortStartScheduler)
    xPortSysTickHandler                      0x08004ec1   Thumb Code    46  port.o(i.xPortSysTickHandler)
    xTaskCreate                              0x08004ef5   Thumb Code   104  tasks.o(i.xTaskCreate)
    xTaskGetSchedulerState                   0x08004f5d   Thumb Code    24  tasks.o(i.xTaskGetSchedulerState)
    xTaskIncrementTick                       0x08004f7d   Thumb Code   356  tasks.o(i.xTaskIncrementTick)
    xTaskResumeAll                           0x0800510d   Thumb Code   310  tasks.o(i.xTaskResumeAll)
    AHBPrescTable                            0x0800527a   Data          16  system_stm32f1xx.o(.constdata)
    APBPrescTable                            0x0800528a   Data           8  system_stm32f1xx.o(.constdata)
    asc2_0806                                0x08005296   Data         552  int_oled.o(.constdata)
    asc2_1206                                0x080054be   Data        1140  int_oled.o(.constdata)
    asc2_1608                                0x08005932   Data        1520  int_oled.o(.constdata)
    asc2_2412                                0x08005f22   Data        3420  int_oled.o(.constdata)
    Hzk1                                     0x08006c7e   Data         160  int_oled.o(.constdata)
    Region$$Table$$Base                      0x08006d20   Number         0  anon$$obj.o(Region$$Table)
    Region$$Table$$Limit                     0x08006d40   Number         0  anon$$obj.o(Region$$Table)
    uwTick                                   0x20000000   Data           4  stm32f1xx_hal.o(.data)
    uwTickPrio                               0x20000004   Data           4  stm32f1xx_hal.o(.data)
    uwTickFreq                               0x20000008   Data           1  stm32f1xx_hal.o(.data)
    SystemCoreClock                          0x2000000c   Data           4  system_stm32f1xx.o(.data)
    pxCurrentTCB                             0x20000488   Data           4  tasks.o(.data)
    uxTopUsedPriority                        0x200004c0   Data           4  tasks.o(.data)
    oled_handler                             0x200004e8   Data           4  app_main.o(.data)
    battery_handler                          0x200004ec   Data           4  app_main.o(.data)
    balance_handler                          0x200004f0   Data           4  app_main.o(.data)
    gain                                     0x200004f4   Data           4  app_battery.o(.data)
    offset                                   0x200004f8   Data           1  app_battery.o(.data)
    battery_totalV                           0x200004fc   Data           4  app_battery.o(.data)
    battery_A                                0x20000500   Data           4  app_battery.o(.data)
    battery_temp                             0x20000504   Data           1  app_battery.o(.data)
    battery_soc                              0x20000505   Data           1  app_battery.o(.data)
    __stdout                                 0x20000508   Data           4  stdout.o(.data)
    hi2c2                                    0x2000050c   Data          84  i2c.o(.bss)
    huart1                                   0x20000560   Data          72  usart.o(.bss)
    battery_array                            0x20002e70   Data          20  app_battery.o(.bss)
    OLED_GRAM                                0x20002e84   Data        1024  int_oled.o(.bss)
    bq_register                              0x20003284   Data          56  int_bq769.o(.bss)
    __initial_sp                             0x200036c0   Data           0  startup_stm32f103xb.o(STACK)



==============================================================================

Memory Map of the image

  Image Entry point : 0x080000ed

  Load Region LR_IROM1 (Base: 0x08000000, Size: 0x0000724c, Max: 0x00010000, ABSOLUTE, COMPRESSED[0x000070d4])

    Execution Region ER_IROM1 (Exec base: 0x08000000, Load base: 0x08000000, Size: 0x00006d40, Max: 0x00010000, ABSOLUTE)

    Exec Addr    Load Addr    Size         Type   Attr      Idx    E Section Name        Object

    0x08000000   0x08000000   0x000000ec   Data   RO            3    RESET               startup_stm32f103xb.o
    0x080000ec   0x080000ec   0x00000000   Code   RO         3679  * .ARM.Collect$$$$00000000  mc_w.l(entry.o)
    0x080000ec   0x080000ec   0x00000004   Code   RO         3987    .ARM.Collect$$$$00000001  mc_w.l(entry2.o)
    0x080000f0   0x080000f0   0x00000004   Code   RO         3990    .ARM.Collect$$$$00000004  mc_w.l(entry5.o)
    0x080000f4   0x080000f4   0x00000000   Code   RO         3992    .ARM.Collect$$$$00000008  mc_w.l(entry7b.o)
    0x080000f4   0x080000f4   0x00000000   Code   RO         3994    .ARM.Collect$$$$0000000A  mc_w.l(entry8b.o)
    0x080000f4   0x080000f4   0x00000008   Code   RO         3995    .ARM.Collect$$$$0000000B  mc_w.l(entry9a.o)
    0x080000fc   0x080000fc   0x00000004   Code   RO         4002    .ARM.Collect$$$$0000000E  mc_w.l(entry12b.o)
    0x08000100   0x08000100   0x00000000   Code   RO         3997    .ARM.Collect$$$$0000000F  mc_w.l(entry10a.o)
    0x08000100   0x08000100   0x00000000   Code   RO         3999    .ARM.Collect$$$$00000011  mc_w.l(entry11a.o)
    0x08000100   0x08000100   0x00000004   Code   RO         3988    .ARM.Collect$$$$00002712  mc_w.l(entry2.o)
    0x08000104   0x08000104   0x00000096   Code   RO         3165    .emb_text           port.o
    0x0800019a   0x0800019a   0x00000002   PAD
    0x0800019c   0x0800019c   0x00000024   Code   RO            4    .text               startup_stm32f103xb.o
    0x080001c0   0x080001c0   0x00000020   Code   RO         3682    .text               mc_w.l(llushr.o)
    0x080001e0   0x080001e0   0x00000024   Code   RO         3686    .text               mc_w.l(memseta.o)
    0x08000204   0x08000204   0x00000016   Code   RO         3688    .text               mc_w.l(strrchr.o)
    0x0800021a   0x0800021a   0x000000b0   Code   RO         3953    .text               mf_w.l(fadd.o)
    0x080002ca   0x080002ca   0x00000064   Code   RO         3955    .text               mf_w.l(fmul.o)
    0x0800032e   0x0800032e   0x0000007c   Code   RO         3957    .text               mf_w.l(fdiv.o)
    0x080003aa   0x080003aa   0x0000014e   Code   RO         3959    .text               mf_w.l(dadd.o)
    0x080004f8   0x080004f8   0x000000e4   Code   RO         3961    .text               mf_w.l(dmul.o)
    0x080005dc   0x080005dc   0x000000de   Code   RO         3963    .text               mf_w.l(ddiv.o)
    0x080006ba   0x080006ba   0x00000012   Code   RO         3965    .text               mf_w.l(fflti.o)
    0x080006cc   0x080006cc   0x0000000a   Code   RO         3967    .text               mf_w.l(ffltui.o)
    0x080006d6   0x080006d6   0x00000022   Code   RO         3969    .text               mf_w.l(dflti.o)
    0x080006f8   0x080006f8   0x0000001a   Code   RO         3971    .text               mf_w.l(dfltui.o)
    0x08000712   0x08000712   0x00000032   Code   RO         3973    .text               mf_w.l(ffixi.o)
    0x08000744   0x08000744   0x00000032   Code   RO         3975    .text               mf_w.l(dfixui.o)
    0x08000776   0x08000776   0x00000026   Code   RO         3977    .text               mf_w.l(f2d.o)
    0x0800079c   0x0800079c   0x00000030   Code   RO         3979    .text               mf_w.l(cdrcmple.o)
    0x080007cc   0x080007cc   0x00000038   Code   RO         3981    .text               mf_w.l(d2f.o)
    0x08000804   0x08000804   0x00000014   Code   RO         3983    .text               mf_w.l(cfcmple.o)
    0x08000818   0x08000818   0x00000014   Code   RO         3985    .text               mf_w.l(cfrcmple.o)
    0x0800082c   0x0800082c   0x0000002c   Code   RO         4004    .text               mc_w.l(uidiv.o)
    0x08000858   0x08000858   0x00000062   Code   RO         4006    .text               mc_w.l(uldiv.o)
    0x080008ba   0x080008ba   0x0000001e   Code   RO         4008    .text               mc_w.l(llshl.o)
    0x080008d8   0x080008d8   0x00000024   Code   RO         4010    .text               mc_w.l(llsshr.o)
    0x080008fc   0x080008fc   0x00000000   Code   RO         4012    .text               mc_w.l(iusefp.o)
    0x080008fc   0x080008fc   0x0000006e   Code   RO         4013    .text               mf_w.l(fepilogue.o)
    0x0800096a   0x0800096a   0x000000ba   Code   RO         4015    .text               mf_w.l(depilogue.o)
    0x08000a24   0x08000a24   0x00000030   Code   RO         4017    .text               mf_w.l(dfixul.o)
    0x08000a54   0x08000a54   0x00000024   Code   RO         4019    .text               mc_w.l(init.o)
    0x08000a78   0x08000a78   0x0000003a   Code   RO         4029    .text               mc_w.l(__dczerorl.o)
    0x08000ab2   0x08000ab2   0x00000002   PAD
    0x08000ab4   0x08000ab4   0x000001a4   Code   RO         3401    i.App_Battery_Balance  app_battery.o
    0x08000c58   0x08000c58   0x000000c8   Code   RO         3404    i.App_Battery_GetCurrentA  app_battery.o
    0x08000d20   0x08000d20   0x000000d8   Code   RO         3405    i.App_Battery_GetGainAndOffset  app_battery.o
    0x08000df8   0x08000df8   0x000000d8   Code   RO         3406    i.App_Battery_GetTotalV  app_battery.o
    0x08000ed0   0x08000ed0   0x000000e4   Code   RO         3407    i.App_Battery_GetV  app_battery.o
    0x08000fb4   0x08000fb4   0x00000010   Code   RO         3408    i.App_Battery_Init  app_battery.o
    0x08000fc4   0x08000fc4   0x00000178   Code   RO         3409    i.App_Battery_OtherConfig  app_battery.o
    0x0800113c   0x0800113c   0x000001a0   Code   RO         3410    i.App_Battery_getSoc  app_battery.o
    0x080012dc   0x080012dc   0x00000008   Code   RO         3360    i.App_Display_Init  app_display.o
    0x080012e4   0x080012e4   0x000000d8   Code   RO         3361    i.App_Display_Refresh  app_display.o
    0x080013bc   0x080013bc   0x0000000c   Code   RO         3362    i.App_Display_ShowContent  app_display.o
    0x080013c8   0x080013c8   0x00000024   Code   RO         3363    i.App_Display_ShowTitle  app_display.o
    0x080013ec   0x080013ec   0x00000074   Code   RO         3306    i.App_Main_Init     app_main.o
    0x08001460   0x08001460   0x000000dc   Code   RO         3411    i.App_battery_GetTemp  app_battery.o
    0x0800153c   0x0800153c   0x00000004   Code   RO          318    i.BusFault_Handler  stm32f1xx_it.o
    0x08001540   0x08001540   0x00000028   Code   RO         2396    i.Com_BQ769_GetSocByVol  com_bq769.o
    0x08001568   0x08001568   0x0000002c   Code   RO         2397    i.Com_BQ769_GetTemperatureByRes  com_bq769.o
    0x08001594   0x08001594   0x00000002   Code   RO          319    i.DebugMon_Handler  stm32f1xx_it.o
    0x08001596   0x08001596   0x00000006   Code   RO           13    i.Error_Handler     main.o
    0x0800159c   0x0800159c   0x00000028   Code   RO          925    i.HAL_Delay         stm32f1xx_hal.o
    0x080015c4   0x080015c4   0x00000320   Code   RO         1240    i.HAL_GPIO_Init     stm32f1xx_hal_gpio.o
    0x080018e4   0x080018e4   0x0000000c   Code   RO         1244    i.HAL_GPIO_WritePin  stm32f1xx_hal_gpio.o
    0x080018f0   0x080018f0   0x0000000c   Code   RO          929    i.HAL_GetTick       stm32f1xx_hal.o
    0x080018fc   0x080018fc   0x000001d0   Code   RO          452    i.HAL_I2C_Init      stm32f1xx_hal_i2c.o
    0x08001acc   0x08001acc   0x00000170   Code   RO          465    i.HAL_I2C_Master_Transmit  stm32f1xx_hal_i2c.o
    0x08001c3c   0x08001c3c   0x00000374   Code   RO          470    i.HAL_I2C_Mem_Read  stm32f1xx_hal_i2c.o
    0x08001fb0   0x08001fb0   0x00000164   Code   RO          473    i.HAL_I2C_Mem_Write  stm32f1xx_hal_i2c.o
    0x08002114   0x08002114   0x00000078   Code   RO          235    i.HAL_I2C_MspInit   i2c.o
    0x0800218c   0x0800218c   0x00000018   Code   RO          935    i.HAL_IncTick       stm32f1xx_hal.o
    0x080021a4   0x080021a4   0x00000028   Code   RO          936    i.HAL_Init          stm32f1xx_hal.o
    0x080021cc   0x080021cc   0x0000004c   Code   RO          937    i.HAL_InitTick      stm32f1xx_hal.o
    0x08002218   0x08002218   0x00000054   Code   RO          381    i.HAL_MspInit       stm32f1xx_hal_msp.o
    0x0800226c   0x0800226c   0x0000007c   Code   RO         1406    i.HAL_NVIC_SetPriority  stm32f1xx_hal_cortex.o
    0x080022e8   0x080022e8   0x00000028   Code   RO         1407    i.HAL_NVIC_SetPriorityGrouping  stm32f1xx_hal_cortex.o
    0x08002310   0x08002310   0x0000018c   Code   RO         1093    i.HAL_RCC_ClockConfig  stm32f1xx_hal_rcc.o
    0x0800249c   0x0800249c   0x0000000c   Code   RO         1098    i.HAL_RCC_GetHCLKFreq  stm32f1xx_hal_rcc.o
    0x080024a8   0x080024a8   0x00000020   Code   RO         1100    i.HAL_RCC_GetPCLK1Freq  stm32f1xx_hal_rcc.o
    0x080024c8   0x080024c8   0x00000020   Code   RO         1101    i.HAL_RCC_GetPCLK2Freq  stm32f1xx_hal_rcc.o
    0x080024e8   0x080024e8   0x00000070   Code   RO         1102    i.HAL_RCC_GetSysClockFreq  stm32f1xx_hal_rcc.o
    0x08002558   0x08002558   0x00000464   Code   RO         1105    i.HAL_RCC_OscConfig  stm32f1xx_hal_rcc.o
    0x080029bc   0x080029bc   0x00000034   Code   RO         1411    i.HAL_SYSTICK_Config  stm32f1xx_hal_cortex.o
    0x080029f0   0x080029f0   0x00000076   Code   RO         1956    i.HAL_UART_Init     stm32f1xx_hal_uart.o
    0x08002a66   0x08002a66   0x00000002   PAD
    0x08002a68   0x08002a68   0x00000088   Code   RO          277    i.HAL_UART_MspInit  usart.o
    0x08002af0   0x08002af0   0x000000be   Code   RO         1964    i.HAL_UART_Transmit  stm32f1xx_hal_uart.o
    0x08002bae   0x08002bae   0x00000004   Code   RO          320    i.HardFault_Handler  stm32f1xx_it.o
    0x08002bb2   0x08002bb2   0x0000003e   Code   RO          496    i.I2C_IsAcknowledgeFailed  stm32f1xx_hal_i2c.o
    0x08002bf0   0x08002bf0   0x000000c0   Code   RO          500    i.I2C_MasterRequestWrite  stm32f1xx_hal_i2c.o
    0x08002cb0   0x08002cb0   0x00000160   Code   RO          507    i.I2C_RequestMemoryRead  stm32f1xx_hal_i2c.o
    0x08002e10   0x08002e10   0x000000e0   Code   RO          508    i.I2C_RequestMemoryWrite  stm32f1xx_hal_i2c.o
    0x08002ef0   0x08002ef0   0x00000066   Code   RO          516    i.I2C_WaitOnBTFFlagUntilTimeout  stm32f1xx_hal_i2c.o
    0x08002f56   0x08002f56   0x000000be   Code   RO          517    i.I2C_WaitOnFlagUntilTimeout  stm32f1xx_hal_i2c.o
    0x08003014   0x08003014   0x000000fa   Code   RO          518    i.I2C_WaitOnMasterAddressFlagUntilTimeout  stm32f1xx_hal_i2c.o
    0x0800310e   0x0800310e   0x0000008a   Code   RO          519    i.I2C_WaitOnRXNEFlagUntilTimeout  stm32f1xx_hal_i2c.o
    0x08003198   0x08003198   0x00000066   Code   RO          522    i.I2C_WaitOnTXEFlagUntilTimeout  stm32f1xx_hal_i2c.o
    0x080031fe   0x080031fe   0x00000002   PAD
    0x08003200   0x08003200   0x00000030   Code   RO         3488    i.Inf_OLED_Clear    int_oled.o
    0x08003230   0x08003230   0x00000078   Code   RO         3495    i.Inf_OLED_DrawPoint  int_oled.o
    0x080032a8   0x080032a8   0x000000f0   Code   RO         3496    i.Inf_OLED_Init     int_oled.o
    0x08003398   0x08003398   0x0000004c   Code   RO         3498    i.Inf_OLED_Refresh  int_oled.o
    0x080033e4   0x080033e4   0x0000013c   Code   RO         3500    i.Inf_OLED_ShowChar  int_oled.o
    0x08003520   0x08003520   0x000000c0   Code   RO         3501    i.Inf_OLED_ShowChinese  int_oled.o
    0x080035e0   0x080035e0   0x0000004a   Code   RO         3504    i.Inf_OLED_ShowString  int_oled.o
    0x0800362a   0x0800362a   0x00000002   PAD
    0x0800362c   0x0800362c   0x0000002c   Code   RO         3505    i.Inf_OLED_WR_Byte  int_oled.o
    0x08003658   0x08003658   0x00000070   Code   RO         3624    i.Int_BQ769_Init    int_bq769.o
    0x080036c8   0x080036c8   0x0000014c   Code   RO         3625    i.Int_BQ769_ReadRegister  int_bq769.o
    0x08003814   0x08003814   0x0000004c   Code   RO         3626    i.Int_BQ769_Ship    int_bq769.o
    0x08003860   0x08003860   0x00000024   Code   RO         3627    i.Int_BQ769_WakeUp  int_bq769.o
    0x08003884   0x08003884   0x00000058   Code   RO         3628    i.Int_BQ769_WriteRegister  int_bq769.o
    0x080038dc   0x080038dc   0x000000ac   Code   RO          210    i.MX_GPIO_Init      gpio.o
    0x08003988   0x08003988   0x0000003c   Code   RO          236    i.MX_I2C2_Init      i2c.o
    0x080039c4   0x080039c4   0x00000038   Code   RO          278    i.MX_USART1_UART_Init  usart.o
    0x080039fc   0x080039fc   0x00000004   Code   RO          321    i.MemManage_Handler  stm32f1xx_it.o
    0x08003a00   0x08003a00   0x00000004   Code   RO          322    i.NMI_Handler       stm32f1xx_it.o
    0x08003a04   0x08003a04   0x00000028   Code   RO         1106    i.RCC_Delay         stm32f1xx_hal_rcc.o
    0x08003a2c   0x08003a2c   0x00000014   Code   RO          323    i.SysTick_Handler   stm32f1xx_it.o
    0x08003a40   0x08003a40   0x00000066   Code   RO           14    i.SystemClock_Config  main.o
    0x08003aa6   0x08003aa6   0x00000002   Code   RO         2300    i.SystemInit        system_stm32f1xx.o
    0x08003aa8   0x08003aa8   0x0000006c   Code   RO         1979    i.UART_EndRxTransfer  stm32f1xx_hal_uart.o
    0x08003b14   0x08003b14   0x000000fc   Code   RO         1983    i.UART_SetConfig    stm32f1xx_hal_uart.o
    0x08003c10   0x08003c10   0x0000008c   Code   RO         1987    i.UART_WaitOnFlagUntilTimeout  stm32f1xx_hal_uart.o
    0x08003c9c   0x08003c9c   0x00000004   Code   RO          324    i.UsageFault_Handler  stm32f1xx_it.o
    0x08003ca0   0x08003ca0   0x00000020   Code   RO         3925    i.__0printf         mc_w.l(printfa.o)
    0x08003cc0   0x08003cc0   0x00000028   Code   RO         3927    i.__0sprintf        mc_w.l(printfa.o)
    0x08003ce8   0x08003ce8   0x00000010   Code   RO         1413    i.__NVIC_GetPriorityGrouping  stm32f1xx_hal_cortex.o
    0x08003cf8   0x08003cf8   0x00000028   Code   RO         1414    i.__NVIC_SetPriority  stm32f1xx_hal_cortex.o
    0x08003d20   0x08003d20   0x0000000e   Code   RO         4023    i.__scatterload_copy  mc_w.l(handlers.o)
    0x08003d2e   0x08003d2e   0x00000002   Code   RO         4024    i.__scatterload_null  mc_w.l(handlers.o)
    0x08003d30   0x08003d30   0x0000000e   Code   RO         4025    i.__scatterload_zeroinit  mc_w.l(handlers.o)
    0x08003d3e   0x08003d3e   0x00000002   PAD
    0x08003d40   0x08003d40   0x00000184   Code   RO         3932    i._fp_digits        mc_w.l(printfa.o)
    0x08003ec4   0x08003ec4   0x000006b4   Code   RO         3933    i._printf_core      mc_w.l(printfa.o)
    0x08004578   0x08004578   0x00000024   Code   RO         3934    i._printf_post_padding  mc_w.l(printfa.o)
    0x0800459c   0x0800459c   0x0000002e   Code   RO         3935    i._printf_pre_padding  mc_w.l(printfa.o)
    0x080045ca   0x080045ca   0x0000000a   Code   RO         3937    i._sputc            mc_w.l(printfa.o)
    0x080045d4   0x080045d4   0x00000010   Code   RO         3307    i.balance_callBack  app_main.o
    0x080045e4   0x080045e4   0x00000024   Code   RO         3308    i.battery_callBack  app_main.o
    0x08004608   0x08004608   0x00000038   Code   RO         3629    i.crc8              int_bq769.o
    0x08004640   0x08004640   0x0000001c   Code   RO         2336    i.fputc             com_debug.o
    0x0800465c   0x0800465c   0x00000042   Code   RO         2398    i.lookup_table      com_bq769.o
    0x0800469e   0x0800469e   0x00000002   PAD
    0x080046a0   0x080046a0   0x00000068   Code   RO           15    i.main              main.o
    0x08004708   0x08004708   0x0000001a   Code   RO         3309    i.oled_callBack     app_main.o
    0x08004722   0x08004722   0x00000002   PAD
    0x08004724   0x08004724   0x000000c0   Code   RO         2853    i.prvAddCurrentTaskToDelayedList  tasks.o
    0x080047e4   0x080047e4   0x000000e4   Code   RO         2854    i.prvAddNewTaskToReadyList  tasks.o
    0x080048c8   0x080048c8   0x00000048   Code   RO         2855    i.prvCheckTasksWaitingTermination  tasks.o
    0x08004910   0x08004910   0x00000012   Code   RO         2856    i.prvDeleteTCB      tasks.o
    0x08004922   0x08004922   0x00000002   PAD
    0x08004924   0x08004924   0x00000070   Code   RO         3236    i.prvHeapInit       heap_4.o
    0x08004994   0x08004994   0x00000028   Code   RO         2857    i.prvIdleTask       tasks.o
    0x080049bc   0x080049bc   0x0000007a   Code   RO         2858    i.prvInitialiseNewTask  tasks.o
    0x08004a36   0x08004a36   0x00000002   PAD
    0x08004a38   0x08004a38   0x00000068   Code   RO         2859    i.prvInitialiseTaskLists  tasks.o
    0x08004aa0   0x08004aa0   0x00000068   Code   RO         3237    i.prvInsertBlockIntoFreeList  heap_4.o
    0x08004b08   0x08004b08   0x00000030   Code   RO         2860    i.prvResetNextTaskUnblockTime  tasks.o
    0x08004b38   0x08004b38   0x00000016   Code   RO         3166    i.prvTaskExitError  port.o
    0x08004b4e   0x08004b4e   0x00000002   PAD
    0x08004b50   0x08004b50   0x000000e4   Code   RO         3239    i.pvPortMalloc      heap_4.o
    0x08004c34   0x08004c34   0x00000024   Code   RO         3167    i.pxPortInitialiseStack  port.o
    0x08004c58   0x08004c58   0x00000028   Code   RO         2534    i.uxListRemove      list.o
    0x08004c80   0x08004c80   0x0000001a   Code   RO         2535    i.vListInitialise   list.o
    0x08004c9a   0x08004c9a   0x00000006   Code   RO         2536    i.vListInitialiseItem  list.o
    0x08004ca0   0x08004ca0   0x00000034   Code   RO         2537    i.vListInsert       list.o
    0x08004cd4   0x08004cd4   0x00000024   Code   RO         3169    i.vPortEnterCritical  port.o
    0x08004cf8   0x08004cf8   0x00000020   Code   RO         3170    i.vPortExitCritical  port.o
    0x08004d18   0x08004d18   0x0000004c   Code   RO         3241    i.vPortFree         heap_4.o
    0x08004d64   0x08004d64   0x00000018   Code   RO         3171    i.vPortSetupTimerInterrupt  port.o
    0x08004d7c   0x08004d7c   0x00000034   Code   RO         2868    i.vTaskDelay        tasks.o
    0x08004db0   0x08004db0   0x0000006c   Code   RO         2880    i.vTaskStartScheduler  tasks.o
    0x08004e1c   0x08004e1c   0x00000010   Code   RO         2882    i.vTaskSuspendAll   tasks.o
    0x08004e2c   0x08004e2c   0x00000060   Code   RO         2883    i.vTaskSwitchContext  tasks.o
    0x08004e8c   0x08004e8c   0x00000034   Code   RO         3172    i.xPortStartScheduler  port.o
    0x08004ec0   0x08004ec0   0x00000034   Code   RO         3173    i.xPortSysTickHandler  port.o
    0x08004ef4   0x08004ef4   0x00000068   Code   RO         2886    i.xTaskCreate       tasks.o
    0x08004f5c   0x08004f5c   0x00000020   Code   RO         2893    i.xTaskGetSchedulerState  tasks.o
    0x08004f7c   0x08004f7c   0x00000190   Code   RO         2896    i.xTaskIncrementTick  tasks.o
    0x0800510c   0x0800510c   0x0000015c   Code   RO         2898    i.xTaskResumeAll    tasks.o
    0x08005268   0x08005268   0x00000012   Data   RO         1107    .constdata          stm32f1xx_hal_rcc.o
    0x0800527a   0x0800527a   0x00000018   Data   RO         2301    .constdata          system_stm32f1xx.o
    0x08005292   0x08005292   0x00000002   PAD
    0x08005294   0x08005294   0x00000002   Data   RO         3413    .constdata          app_battery.o
    0x08005296   0x08005296   0x00001a88   Data   RO         3507    .constdata          int_oled.o
    0x08006d1e   0x08006d1e   0x00000002   PAD
    0x08006d20   0x08006d20   0x00000020   Data   RO         4021    Region$$Table       anon$$obj.o


    Execution Region RW_IRAM1 (Exec base: 0x20000000, Load base: 0x08006d40, Size: 0x000036c0, Max: 0x00005000, ABSOLUTE, COMPRESSED[0x00000394])

    Exec Addr    Load Addr    Size         Type   Attr      Idx    E Section Name        Object

    0x20000000   COMPRESSED   0x00000009   Data   RW          943    .data               stm32f1xx_hal.o
    0x20000009   COMPRESSED   0x00000003   PAD
    0x2000000c   COMPRESSED   0x00000004   Data   RW         2302    .data               system_stm32f1xx.o
    0x20000010   COMPRESSED   0x00000478   Data   RW         2399    .data               com_bq769.o
    0x20000488   COMPRESSED   0x00000040   Data   RW         2901    .data               tasks.o
    0x200004c8   COMPRESSED   0x00000004   Data   RW         3174    .data               port.o
    0x200004cc   COMPRESSED   0x0000001c   Data   RW         3247    .data               heap_4.o
    0x200004e8   COMPRESSED   0x0000000c   Data   RW         3310    .data               app_main.o
    0x200004f4   COMPRESSED   0x00000012   Data   RW         3414    .data               app_battery.o
    0x20000506   COMPRESSED   0x00000002   PAD
    0x20000508   COMPRESSED   0x00000004   Data   RW         4003    .data               mc_w.l(stdout.o)
    0x2000050c        -       0x00000054   Zero   RW          237    .bss                i2c.o
    0x20000560        -       0x00000048   Zero   RW          279    .bss                usart.o
    0x200005a8        -       0x000000c8   Zero   RW         2900    .bss                tasks.o
    0x20000670        -       0x00002800   Zero   RW         3246    .bss                heap_4.o
    0x20002e70        -       0x00000014   Zero   RW         3412    .bss                app_battery.o
    0x20002e84        -       0x00000400   Zero   RW         3506    .bss                int_oled.o
    0x20003284        -       0x00000038   Zero   RW         3630    .bss                int_bq769.o
    0x200032bc   COMPRESSED   0x00000004   PAD
    0x200032c0        -       0x00000400   Zero   RW            1    STACK               startup_stm32f103xb.o


==============================================================================

Image component sizes


      Code (inc. data)   RO Data    RW Data    ZI Data      Debug   Object Name

      2308        496          2         18         20       6695   app_battery.o
       272         54          0          0          0       2113   app_display.o
       194         48          0         12          0       2405   app_main.o
       150         28          0       1144          0       2712   com_bq769.o
        28          6          0          0          0        544   com_debug.o
         0          0          0          0          0       2544   event_groups.o
       172         10          0          0          0       1007   gpio.o
       520         58          0         28      10240       4851   heap_4.o
       180         26          0          0         84       1745   i2c.o
       700        174          0          0         56       4593   int_bq769.o
      1110         44       6792          0       1024       7326   int_oled.o
       124          0          0          0          0       2853   list.o
       212         40          0          0          0     424724   main.o
       404         48          0          4          0       9520   port.o
        36          8        236          0       1024        832   startup_stm32f103xb.o
       192         36          0          9          0       6161   stm32f1xx_hal.o
       272         22          0          0          0      28954   stm32f1xx_hal_cortex.o
       812         34          0          0          0       2776   stm32f1xx_hal_gpio.o
      3684         64          0          0          0      14088   stm32f1xx_hal_i2c.o
        84          8          0          0          0        962   stm32f1xx_hal_msp.o
      1748         98         18          0          0       6240   stm32f1xx_hal_rcc.o
       808          4          0          0          0       4584   stm32f1xx_hal_uart.o
        42          0          0          0          0       3327   stm32f1xx_it.o
         2          0         24          4          0       1223   system_stm32f1xx.o
      1980        270          0         64        200      27328   tasks.o
       192         24          0          0         72       1798   usart.o

    ----------------------------------------------------------------------
     16244       1600       7108       1288      12724     571905   Object Totals
         0          0         32          0          0          0   (incl. Generated)
        18          0          4          5          4          0   (incl. Padding)

    ----------------------------------------------------------------------

      Code (inc. data)   RO Data    RW Data    ZI Data      Debug   Library Member Name

        58          0          0          0          0          0   __dczerorl.o
         0          0          0          0          0          0   entry.o
         0          0          0          0          0          0   entry10a.o
         0          0          0          0          0          0   entry11a.o
         4          0          0          0          0          0   entry12b.o
         8          4          0          0          0          0   entry2.o
         4          0          0          0          0          0   entry5.o
         0          0          0          0          0          0   entry7b.o
         0          0          0          0          0          0   entry8b.o
         8          4          0          0          0          0   entry9a.o
        30          0          0          0          0          0   handlers.o
        36          8          0          0          0         68   init.o
         0          0          0          0          0          0   iusefp.o
        30          0          0          0          0         68   llshl.o
        36          0          0          0          0         68   llsshr.o
        32          0          0          0          0         68   llushr.o
        36          0          0          0          0        108   memseta.o
      2268         96          0          0          0        616   printfa.o
         0          0          0          4          0          0   stdout.o
        22          0          0          0          0         68   strrchr.o
        44          0          0          0          0         80   uidiv.o
        98          0          0          0          0         92   uldiv.o
        48          0          0          0          0         68   cdrcmple.o
        20          0          0          0          0         68   cfcmple.o
        20          0          0          0          0         68   cfrcmple.o
        56          0          0          0          0         88   d2f.o
       334          0          0          0          0        148   dadd.o
       222          0          0          0          0        100   ddiv.o
       186          0          0          0          0        176   depilogue.o
        50          0          0          0          0         76   dfixui.o
        48          0          0          0          0         68   dfixul.o
        34          0          0          0          0         76   dflti.o
        26          0          0          0          0         76   dfltui.o
       228          0          0          0          0         96   dmul.o
        38          0          0          0          0         68   f2d.o
       176          0          0          0          0        140   fadd.o
       124          0          0          0          0         88   fdiv.o
       110          0          0          0          0        168   fepilogue.o
        50          0          0          0          0         68   ffixi.o
        18          0          0          0          0         68   fflti.o
        10          0          0          0          0         68   ffltui.o
       100          0          0          0          0         76   fmul.o

    ----------------------------------------------------------------------
      4616        112          0          4          0       3088   Library Totals
         4          0          0          0          0          0   (incl. Padding)

    ----------------------------------------------------------------------

      Code (inc. data)   RO Data    RW Data    ZI Data      Debug   Library Name

      2714        112          0          4          0       1236   mc_w.l
      1898          0          0          0          0       1852   mf_w.l

    ----------------------------------------------------------------------
      4616        112          0          4          0       3088   Library Totals

    ----------------------------------------------------------------------

==============================================================================


      Code (inc. data)   RO Data    RW Data    ZI Data      Debug   

     20860       1712       7108       1292      12724     567529   Grand Totals
     20860       1712       7108        916      12724     567529   ELF Image Totals (compressed)
     20860       1712       7108        916          0          0   ROM Totals

==============================================================================

    Total RO  Size (Code + RO Data)                27968 (  27.31kB)
    Total RW  Size (RW Data + ZI Data)             14016 (  13.69kB)
    Total ROM Size (Code + RO Data + RW Data)      28884 (  28.21kB)

==============================================================================

