Component: ARM Compiler 5.06 update 7 (build 960) Tool: armlink [4d3601]

==============================================================================

Section Cross References

    startup_stm32f103xb.o(RESET) refers to startup_stm32f103xb.o(STACK) for __initial_sp
    startup_stm32f103xb.o(RESET) refers to startup_stm32f103xb.o(.text) for Reset_Handler
    startup_stm32f103xb.o(RESET) refers to stm32f1xx_it.o(i.NMI_Handler) for NMI_Handler
    startup_stm32f103xb.o(RESET) refers to stm32f1xx_it.o(i.HardFault_Handler) for HardFault_Handler
    startup_stm32f103xb.o(RESET) refers to stm32f1xx_it.o(i.MemManage_Handler) for MemManage_Handler
    startup_stm32f103xb.o(RESET) refers to stm32f1xx_it.o(i.BusFault_Handler) for BusFault_Handler
    startup_stm32f103xb.o(RESET) refers to stm32f1xx_it.o(i.UsageFault_Handler) for UsageFault_Handler
    startup_stm32f103xb.o(RESET) refers to port.o(.emb_text) for SVC_Handler
    startup_stm32f103xb.o(RESET) refers to stm32f1xx_it.o(i.DebugMon_Handler) for DebugMon_Handler
    startup_stm32f103xb.o(RESET) refers to stm32f1xx_it.o(i.SysTick_Handler) for SysTick_Handler
    startup_stm32f103xb.o(RESET) refers to stm32f1xx_it.o(i.USART2_IRQHandler) for USART2_IRQHandler
    startup_stm32f103xb.o(.text) refers to system_stm32f1xx.o(i.SystemInit) for SystemInit
    startup_stm32f103xb.o(.text) refers to entry.o(.ARM.Collect$$$$00000000) for __main
    main.o(i.SystemClock_Config) refers to memseta.o(.text) for __aeabi_memclr4
    main.o(i.SystemClock_Config) refers to stm32f1xx_hal_rcc.o(i.HAL_RCC_OscConfig) for HAL_RCC_OscConfig
    main.o(i.SystemClock_Config) refers to main.o(i.Error_Handler) for Error_Handler
    main.o(i.SystemClock_Config) refers to stm32f1xx_hal_rcc.o(i.HAL_RCC_ClockConfig) for HAL_RCC_ClockConfig
    main.o(i.main) refers to stm32f1xx_hal.o(i.HAL_Init) for HAL_Init
    main.o(i.main) refers to main.o(i.SystemClock_Config) for SystemClock_Config
    main.o(i.main) refers to gpio.o(i.MX_GPIO_Init) for MX_GPIO_Init
    main.o(i.main) refers to usart.o(i.MX_USART1_UART_Init) for MX_USART1_UART_Init
    main.o(i.main) refers to spi.o(i.MX_SPI2_Init) for MX_SPI2_Init
    main.o(i.main) refers to usart.o(i.MX_USART2_UART_Init) for MX_USART2_UART_Init
    main.o(i.main) refers to can.o(i.MX_CAN_Init) for MX_CAN_Init
    main.o(i.main) refers to strrchr.o(.text) for strrchr
    main.o(i.main) refers to printfa.o(i.__0printf) for __2printf
    main.o(i.main) refers to app_main.o(i.App_Main_Start) for App_Main_Start
    gpio.o(i.MX_GPIO_Init) refers to stm32f1xx_hal_gpio.o(i.HAL_GPIO_WritePin) for HAL_GPIO_WritePin
    gpio.o(i.MX_GPIO_Init) refers to stm32f1xx_hal_gpio.o(i.HAL_GPIO_Init) for HAL_GPIO_Init
    can.o(i.HAL_CAN_MspDeInit) refers to stm32f1xx_hal_gpio.o(i.HAL_GPIO_DeInit) for HAL_GPIO_DeInit
    can.o(i.HAL_CAN_MspInit) refers to stm32f1xx_hal_gpio.o(i.HAL_GPIO_Init) for HAL_GPIO_Init
    can.o(i.MX_CAN_Init) refers to stm32f1xx_hal_can.o(i.HAL_CAN_Init) for HAL_CAN_Init
    can.o(i.MX_CAN_Init) refers to main.o(i.Error_Handler) for Error_Handler
    can.o(i.MX_CAN_Init) refers to can.o(.bss) for hcan
    spi.o(i.HAL_SPI_MspDeInit) refers to stm32f1xx_hal_gpio.o(i.HAL_GPIO_DeInit) for HAL_GPIO_DeInit
    spi.o(i.HAL_SPI_MspInit) refers to stm32f1xx_hal_gpio.o(i.HAL_GPIO_Init) for HAL_GPIO_Init
    spi.o(i.MX_SPI2_Init) refers to stm32f1xx_hal_spi.o(i.HAL_SPI_Init) for HAL_SPI_Init
    spi.o(i.MX_SPI2_Init) refers to main.o(i.Error_Handler) for Error_Handler
    spi.o(i.MX_SPI2_Init) refers to spi.o(.bss) for hspi2
    usart.o(i.HAL_UART_MspDeInit) refers to stm32f1xx_hal_gpio.o(i.HAL_GPIO_DeInit) for HAL_GPIO_DeInit
    usart.o(i.HAL_UART_MspDeInit) refers to stm32f1xx_hal_cortex.o(i.HAL_NVIC_DisableIRQ) for HAL_NVIC_DisableIRQ
    usart.o(i.HAL_UART_MspInit) refers to stm32f1xx_hal_gpio.o(i.HAL_GPIO_Init) for HAL_GPIO_Init
    usart.o(i.HAL_UART_MspInit) refers to stm32f1xx_hal_cortex.o(i.HAL_NVIC_SetPriority) for HAL_NVIC_SetPriority
    usart.o(i.HAL_UART_MspInit) refers to stm32f1xx_hal_cortex.o(i.HAL_NVIC_EnableIRQ) for HAL_NVIC_EnableIRQ
    usart.o(i.MX_USART1_UART_Init) refers to stm32f1xx_hal_uart.o(i.HAL_UART_Init) for HAL_UART_Init
    usart.o(i.MX_USART1_UART_Init) refers to main.o(i.Error_Handler) for Error_Handler
    usart.o(i.MX_USART1_UART_Init) refers to usart.o(.bss) for huart1
    usart.o(i.MX_USART2_UART_Init) refers to stm32f1xx_hal_uart.o(i.HAL_UART_Init) for HAL_UART_Init
    usart.o(i.MX_USART2_UART_Init) refers to main.o(i.Error_Handler) for Error_Handler
    usart.o(i.MX_USART2_UART_Init) refers to usart.o(.bss) for huart2
    stm32f1xx_it.o(i.SysTick_Handler) refers to stm32f1xx_hal.o(i.HAL_IncTick) for HAL_IncTick
    stm32f1xx_it.o(i.SysTick_Handler) refers to tasks.o(i.xTaskGetSchedulerState) for xTaskGetSchedulerState
    stm32f1xx_it.o(i.SysTick_Handler) refers to port.o(i.xPortSysTickHandler) for xPortSysTickHandler
[...]
    getNextPacketId                          0x08004f01   Thumb Code    24  mqttclient.o(i.getNextPacketId)
    i.getSn_RX_RSR                           0x08004f18   Section        0  w5500.o(i.getSn_RX_RSR)
    i.getSn_TX_FSR                           0x08004f84   Section        0  w5500.o(i.getSn_TX_FSR)
    i.get_decimal_point                      0x08004ff0   Section        0  cjson.o(i.get_decimal_point)
    get_decimal_point                        0x08004ff1   Thumb Code     4  cjson.o(i.get_decimal_point)
    i.get_object_item                        0x08004ff4   Section        0  cjson.o(i.get_object_item)
    get_object_item                          0x08004ff5   Thumb Code    82  cjson.o(i.get_object_item)
    i.isTopicMatched                         0x08005046   Section        0  mqttclient.o(i.isTopicMatched)
    isTopicMatched                           0x08005047   Thumb Code   118  mqttclient.o(i.isTopicMatched)
    i.keepalive                              0x080050bc   Section        0  mqttclient.o(i.keepalive)
    i.main                                   0x08005114   Section        0  main.o(i.main)
    i.mqtt_clinet_receiveCallBack            0x08005188   Section        0  int_mqtt_client.o(i.mqtt_clinet_receiveCallBack)
    i.parse_array                            0x0800519c   Section        0  cjson.o(i.parse_array)
    parse_array                              0x0800519d   Thumb Code   248  cjson.o(i.parse_array)
    i.parse_hex4                             0x08005294   Section        0  cjson.o(i.parse_hex4)
    parse_hex4                               0x08005295   Thumb Code    90  cjson.o(i.parse_hex4)
    i.parse_number                           0x080052f0   Section        0  cjson.o(i.parse_number)
    parse_number                             0x080052f1   Thumb Code   354  cjson.o(i.parse_number)
    i.parse_object                           0x08005460   Section        0  cjson.o(i.parse_object)
    parse_object                             0x08005461   Thumb Code   332  cjson.o(i.parse_object)
    i.parse_string                           0x080055ac   Section        0  cjson.o(i.parse_string)
    parse_string                             0x080055ad   Thumb Code   398  cjson.o(i.parse_string)
    i.parse_value                            0x0800573c   Section        0  cjson.o(i.parse_value)
    parse_value                              0x0800573d   Thumb Code   290  cjson.o(i.parse_value)
    i.print_network_info                     0x08005878   Section        0  int_w5500.o(i.print_network_info)
    print_network_info                       0x08005879   Thumb Code   174  int_w5500.o(i.print_network_info)
    i.prvAddCurrentTaskToDelayedList         0x0800599c   Section        0  tasks.o(i.prvAddCurrentTaskToDelayedList)
    prvAddCurrentTaskToDelayedList           0x0800599d   Thumb Code   164  tasks.o(i.prvAddCurrentTaskToDelayedList)
    i.prvAddNewTaskToReadyList               0x08005a5c   Section        0  tasks.o(i.prvAddNewTaskToReadyList)
    prvAddNewTaskToReadyList                 0x08005a5d   Thumb Code   200  tasks.o(i.prvAddNewTaskToReadyList)
    i.prvCheckTasksWaitingTermination        0x08005b40   Section        0  tasks.o(i.prvCheckTasksWaitingTermination)
    prvCheckTasksWaitingTermination          0x08005b41   Thumb Code    60  tasks.o(i.prvCheckTasksWaitingTermination)
    i.prvDeleteTCB                           0x08005b88   Section        0  tasks.o(i.prvDeleteTCB)
    prvDeleteTCB                             0x08005b89   Thumb Code    18  tasks.o(i.prvDeleteTCB)
    i.prvHeapInit                            0x08005b9c   Section        0  heap_4.o(i.prvHeapInit)
    prvHeapInit                              0x08005b9d   Thumb Code    90  heap_4.o(i.prvHeapInit)
    i.prvIdleTask                            0x08005c0c   Section        0  tasks.o(i.prvIdleTask)
    prvIdleTask                              0x08005c0d   Thumb Code    32  tasks.o(i.prvIdleTask)
    i.prvInitialiseNewTask                   0x08005c34   Section        0  tasks.o(i.prvInitialiseNewTask)
    prvInitialiseNewTask                     0x08005c35   Thumb Code   122  tasks.o(i.prvInitialiseNewTask)
    i.prvInitialiseTaskLists                 0x08005cb0   Section        0  tasks.o(i.prvInitialiseTaskLists)
    prvInitialiseTaskLists                   0x08005cb1   Thumb Code    70  tasks.o(i.prvInitialiseTaskLists)
    i.prvInsertBlockIntoFreeList             0x08005d18   Section        0  heap_4.o(i.prvInsertBlockIntoFreeList)
    prvInsertBlockIntoFreeList               0x08005d19   Thumb Code    96  heap_4.o(i.prvInsertBlockIntoFreeList)
    i.prvResetNextTaskUnblockTime            0x08005d80   Section        0  tasks.o(i.prvResetNextTaskUnblockTime)
    prvResetNextTaskUnblockTime              0x08005d81   Thumb Code    40  tasks.o(i.prvResetNextTaskUnblockTime)
    i.prvTaskExitError                       0x08005db0   Section        0  port.o(i.prvTaskExitError)
    prvTaskExitError                         0x08005db1   Thumb Code    22  port.o(i.prvTaskExitError)
    i.pvPortMalloc                           0x08005dc8   Section        0  heap_4.o(i.pvPortMalloc)
    i.pxPortInitialiseStack                  0x08005eac   Section        0  port.o(i.pxPortInitialiseStack)
    i.readChar                               0x08005ed0   Section        0  mqttpacket.o(i.readChar)
    i.readInt                                0x08005ede   Section        0  mqttpacket.o(i.readInt)
    i.readMQTTLenString                      0x08005ef8   Section        0  mqttpacket.o(i.readMQTTLenString)
    i.readPacket                             0x08005f32   Section        0  mqttclient.o(i.readPacket)
    readPacket                               0x08005f33   Thumb Code   140  mqttclient.o(i.readPacket)
    i.recv                                   0x08005fc0   Section        0  socket.o(i.recv)
    i.reg_wizchip_cris_cbfunc                0x080060e0   Section        0  wizchip_conf.o(i.reg_wizchip_cris_cbfunc)
    i.reg_wizchip_cs_cbfunc                  0x08006108   Section        0  wizchip_conf.o(i.reg_wizchip_cs_cbfunc)
    i.reg_wizchip_spi_cbfunc                 0x08006130   Section        0  wizchip_conf.o(i.reg_wizchip_spi_cbfunc)
    i.send                                   0x08006164   Section        0  socket.o(i.send)
    i.sendPacket                             0x080062e4   Section        0  mqttclient.o(i.sendPacket)
    sendPacket                               0x080062e5   Thumb Code    96  mqttclient.o(i.sendPacket)
    i.skip_utf8_bom                          0x08006344   Section        0  cjson.o(i.skip_utf8_bom)
    skip_utf8_bom                            0x08006345   Thumb Code    56  cjson.o(i.skip_utf8_bom)
    i.socket                                 0x08006380   Section        0  socket.o(i.socket)
    i.strtod                                 0x08006514   Section        0  strtod.o(i.strtod)
    i.task1                                  0x08006530   Section        0  app_task1.o(i.task1)
    i.task1_callBack                         0x0800654c   Section        0  app_task1.o(i.task1_callBack)
    i.user_register_callBack                 0x08006594   Section        0  wizchip_conf.o(i.user_register_callBack)
    i.utf16_literal_to_utf8                  0x080065c8   Section        0  cjson.o(i.utf16_literal_to_utf8)
    utf16_literal_to_utf8                    0x080065c9   Thumb Code   300  cjson.o(i.utf16_literal_to_utf8)
    i.uxListRemove                           0x080066f4   Section        0  list.o(i.uxListRemove)
    i.vListInitialise                        0x0800671c   Section        0  list.o(i.vListInitialise)
    i.vListInitialiseItem                    0x08006736   Section        0  list.o(i.vListInitialiseItem)
    i.vListInsert                            0x0800673c   Section        0  list.o(i.vListInsert)
    i.vPortEnterCritical                     0x08006770   Section        0  port.o(i.vPortEnterCritical)
    i.vPortExitCritical                      0x08006794   Section        0  port.o(i.vPortExitCritical)
    i.vPortFree                              0x080067b4   Section        0  heap_4.o(i.vPortFree)
    i.vPortSetupTimerInterrupt               0x08006800   Section        0  port.o(i.vPortSetupTimerInterrupt)
    i.vTaskDelay                             0x08006818   Section        0  tasks.o(i.vTaskDelay)
    i.vTaskStartScheduler                    0x0800684c   Section        0  tasks.o(i.vTaskStartScheduler)
    i.vTaskSuspendAll                        0x080068b8   Section        0  tasks.o(i.vTaskSuspendAll)
    i.vTaskSwitchContext                     0x080068c8   Section        0  tasks.o(i.vTaskSwitchContext)
    i.w5x00_disconnect                       0x08006928   Section        0  mqtt_interface.o(i.w5x00_disconnect)
    i.w5x00_read                             0x08006934   Section        0  mqtt_interface.o(i.w5x00_read)
    i.w5x00_write                            0x08006972   Section        0  mqtt_interface.o(i.w5x00_write)
    i.waitfor                                0x080069a6   Section        0  mqttclient.o(i.waitfor)
    i.wiz_recv_data                          0x080069d6   Section        0  w5500.o(i.wiz_recv_data)
    i.wiz_send_data                          0x08006a5a   Section        0  w5500.o(i.wiz_send_data)
    i.wizchip_bus_readdata                   0x08006ade   Section        0  wizchip_conf.o(i.wizchip_bus_readdata)
    i.wizchip_bus_writedata                  0x08006ae4   Section        0  wizchip_conf.o(i.wizchip_bus_writedata)
    i.wizchip_cris_enter                     0x08006ae8   Section        0  wizchip_conf.o(i.wizchip_cris_enter)
    i.wizchip_cris_exit                      0x08006af0   Section        0  wizchip_conf.o(i.wizchip_cris_exit)
    i.wizchip_cs_deselect                    0x08006af8   Section        0  wizchip_conf.o(i.wizchip_cs_deselect)
    i.wizchip_cs_select                      0x08006b0c   Section        0  wizchip_conf.o(i.wizchip_cs_select)
    i.wizchip_spi_readbyte                   0x08006b20   Section        0  wizchip_conf.o(i.wizchip_spi_readbyte)
    i.wizchip_spi_writebyte                  0x08006b40   Section        0  wizchip_conf.o(i.wizchip_spi_writebyte)
    i.writeCString                           0x08006b58   Section        0  mqttpacket.o(i.writeCString)
    i.writeChar                              0x08006b80   Section        0  mqttpacket.o(i.writeChar)
    i.writeInt                               0x08006b8c   Section        0  mqttpacket.o(i.writeInt)
    i.writeMQTTString                        0x08006bbc   Section        0  mqttpacket.o(i.writeMQTTString)
    i.xPortStartScheduler                    0x08006bfc   Section        0  port.o(i.xPortStartScheduler)
    i.xPortSysTickHandler                    0x08006c30   Section        0  port.o(i.xPortSysTickHandler)
    i.xTaskCreate                            0x08006c64   Section        0  tasks.o(i.xTaskCreate)
    i.xTaskGetSchedulerState                 0x08006ccc   Section        0  tasks.o(i.xTaskGetSchedulerState)
    i.xTaskIncrementTick                     0x08006cec   Section        0  tasks.o(i.xTaskIncrementTick)
    i.xTaskResumeAll                         0x08006e7c   Section        0  tasks.o(i.xTaskResumeAll)
    .constdata                               0x08006fd8   Section       18  stm32f1xx_hal_rcc.o(.constdata)
    aPLLMULFactorTable                       0x08006fd8   Data          16  stm32f1xx_hal_rcc.o(.constdata)
    aPredivFactorTable                       0x08006fe8   Data           2  stm32f1xx_hal_rcc.o(.constdata)
    .constdata                               0x08006fea   Section       24  system_stm32f1xx.o(.constdata)
    .constdata                               0x08007004   Section       88  mqttclient.o(.constdata)
    .constdata                               0x0800705c   Section       88  int_mqtt_client.o(.constdata)
    .constdata                               0x080070b4   Section       64  ctype_c.o(.constdata)
    .data                                    0x20000000   Section        9  stm32f1xx_hal.o(.data)
    .data                                    0x2000000c   Section        4  system_stm32f1xx.o(.data)
    .data                                    0x20000010   Section       20  cjson.o(.data)
    global_error                             0x20000010   Data           8  cjson.o(.data)
    global_hooks                             0x20000018   Data          12  cjson.o(.data)
    .data                                    0x20000024   Section       64  tasks.o(.data)
    pxDelayedTaskList                        0x20000028   Data           4  tasks.o(.data)
    pxOverflowDelayedTaskList                0x2000002c   Data           4  tasks.o(.data)
    uxDeletedTasksWaitingCleanUp             0x20000030   Data           4  tasks.o(.data)
    uxCurrentNumberOfTasks                   0x20000034   Data           4  tasks.o(.data)
    xTickCount                               0x20000038   Data           4  tasks.o(.data)
    uxTopReadyPriority                       0x2000003c   Data           4  tasks.o(.data)
    xSchedulerRunning                        0x20000040   Data           4  tasks.o(.data)
    xPendedTicks                             0x20000044   Data           4  tasks.o(.data)
    xYieldPending                            0x20000048   Data           4  tasks.o(.data)
    xNumOfOverflows                          0x2000004c   Data           4  tasks.o(.data)
    uxTaskNumber                             0x20000050   Data           4  tasks.o(.data)
    xNextTaskUnblockTime                     0x20000054   Data           4  tasks.o(.data)
    xIdleTaskHandle                          0x20000058   Data           4  tasks.o(.data)
    uxSchedulerSuspended                     0x20000060   Data           4  tasks.o(.data)
    .data                                    0x20000064   Section       28  heap_4.o(.data)
    xStart                                   0x20000064   Data           8  heap_4.o(.data)
    pxEnd                                    0x2000006c   Data           4  heap_4.o(.data)
    xFreeBytesRemaining                      0x20000070   Data           4  heap_4.o(.data)
    xMinimumEverFreeBytesRemaining           0x20000074   Data           4  heap_4.o(.data)
    xNumberOfSuccessfulAllocations           0x20000078   Data           4  heap_4.o(.data)
    xNumberOfSuccessfulFrees                 0x2000007c   Data           4  heap_4.o(.data)
    .data                                    0x20000080   Section        4  port.o(.data)
    uxCriticalNesting                        0x20000080   Data           4  port.o(.data)
    .data                                    0x20000084   Section        4  app_main.o(.data)
    .data                                    0x20000088   Section       23  int_w5500.o(.data)
    .data                                    0x200000a0   Section       14  socket.o(.data)
    sock_any_port                            0x200000a0   Data           2  socket.o(.data)
    sock_io_mode                             0x200000a2   Data           2  socket.o(.data)
    sock_is_sending                          0x200000a4   Data           2  socket.o(.data)
    .data                                    0x200000b0   Section       49  wizchip_conf.o(.data)
    _DNS_                                    0x200000dc   Data           4  wizchip_conf.o(.data)
    _DHCP_                                   0x200000e0   Data           1  wizchip_conf.o(.data)
    .data                                    0x200000e4   Section        4  mqtt_interface.o(.data)
    .data                                    0x200000e8   Section        4  mqttpacket.o(.data)
    bufptr                                   0x200000e8   Data           4  mqttpacket.o(.data)
    .data                                    0x200000ec   Section        8  int_mqtt_client.o(.data)
    .data                                    0x200000f4   Section        4  stdout.o(.data)
    .bss                                     0x200000f8   Section       40  can.o(.bss)
    .bss                                     0x20000120   Section       88  spi.o(.bss)
    .bss                                     0x20000178   Section      144  usart.o(.bss)
    .bss                                     0x20000208   Section      200  tasks.o(.bss)
    pxReadyTasksLists                        0x20000208   Data         100  tasks.o(.bss)
    xDelayedTaskList1                        0x2000026c   Data          20  tasks.o(.bss)
    xDelayedTaskList2                        0x20000280   Data          20  tasks.o(.bss)
    xPendingReadyList                        0x20000294   Data          20  tasks.o(.bss)
    xTasksWaitingTermination                 0x200002a8   Data          20  tasks.o(.bss)
    xSuspendedTaskList                       0x200002bc   Data          20  tasks.o(.bss)
    .bss                                     0x200002d0   Section    10240  heap_4.o(.bss)
    ucHeap                                   0x200002d0   Data       10240  heap_4.o(.bss)
    .bss                                     0x20002ad0   Section       16  socket.o(.bss)
    sock_remained_size                       0x20002ad0   Data          16  socket.o(.bss)
    .bss                                     0x20002ae0   Section     2156  int_mqtt_client.o(.bss)
    STACK                                    0x20003350   Section     1024  startup_stm32f103xb.o(STACK)

    Global Symbols

    Symbol Name                              Value     Ov Type        Size  Object(Section)

    BuildAttributes$$THM_ISAv4$P$D$K$B$S$PE$A:L22UL41UL21$X:L11$S22US41US21$IEEE1$IW$USESV6$~STKCKD$USESV7$~SHL$OTIME$ROPI$IEEEJ$EBA8$MICROLIB$REQ8$PRES8$EABIv2 0x00000000   Number         0  anon$$obj.o ABSOLUTE
    __ARM_use_no_argv                        0x00000000   Number         0  main.o ABSOLUTE
    _printf_a                                0x00000000   Number         0  stubs.o ABSOLUTE
    _printf_c                                0x00000000   Number         0  stubs.o ABSOLUTE
    _printf_charcount                        0x00000000   Number         0  stubs.o ABSOLUTE
    _printf_d                                0x00000000   Number         0  stubs.o ABSOLUTE
    _printf_e                                0x00000000   Number         0  stubs.o ABSOLUTE
    _printf_f                                0x00000000   Number         0  stubs.o ABSOLUTE
    _printf_flags                            0x00000000   Number         0  stubs.o ABSOLUTE
    _printf_fp_dec                           0x00000000   Number         0  stubs.o ABSOLUTE
    _printf_fp_hex                           0x00000000   Number         0  stubs.o ABSOLUTE
    _printf_g                                0x00000000   Number         0  stubs.o ABSOLUTE
    _printf_i                                0x00000000   Number         0  stubs.o ABSOLUTE
    _printf_int_dec                          0x00000000   Number         0  stubs.o ABSOLUTE
    _printf_l                                0x00000000   Number         0  stubs.o ABSOLUTE
    _printf_lc                               0x00000000   Number         0  stubs.o ABSOLUTE
    _printf_ll                               0x00000000   Number         0  stubs.o ABSOLUTE
    _printf_lld                              0x00000000   Number         0  stubs.o ABSOLUTE
    _printf_lli                              0x00000000   Number         0  stubs.o ABSOLUTE
    _printf_llo                              0x00000000   Number         0  stubs.o ABSOLUTE
    _printf_llu                              0x00000000   Number         0  stubs.o ABSOLUTE
    _printf_llx                              0x00000000   Number         0  stubs.o ABSOLUTE
    _printf_longlong_dec                     0x00000000   Number         0  stubs.o ABSOLUTE
    _printf_longlong_hex                     0x00000000   Number         0  stubs.o ABSOLUTE
    _printf_longlong_oct                     0x00000000   Number         0  stubs.o ABSOLUTE
    _printf_ls                               0x00000000   Number         0  stubs.o ABSOLUTE
    _printf_mbtowc                           0x00000000   Number         0  stubs.o ABSOLUTE
    _printf_n                                0x00000000   Number         0  stubs.o ABSOLUTE
    _printf_o                                0x00000000   Number         0  stubs.o ABSOLUTE
    _printf_p                                0x00000000   Number         0  stubs.o ABSOLUTE
    _printf_percent                          0x00000000   Number         0  stubs.o ABSOLUTE
    _printf_pre_padding                      0x00000000   Number         0  stubs.o ABSOLUTE
    _printf_return_value                     0x00000000   Number         0  stubs.o ABSOLUTE
    _printf_s                                0x00000000   Number         0  stubs.o ABSOLUTE
    _printf_sizespec                         0x00000000   Number         0  stubs.o ABSOLUTE
    _printf_str                              0x00000000   Number         0  stubs.o ABSOLUTE
    _printf_truncate_signed                  0x00000000   Number         0  stubs.o ABSOLUTE
    _printf_truncate_unsigned                0x00000000   Number         0  stubs.o ABSOLUTE
    _printf_u                                0x00000000   Number         0  stubs.o ABSOLUTE
    _printf_wc                               0x00000000   Number         0  stubs.o ABSOLUTE
    _printf_wctomb                           0x00000000   Number         0  stubs.o ABSOLUTE
    _printf_widthprec                        0x00000000   Number         0  stubs.o ABSOLUTE
    _printf_x                                0x00000000   Number         0  stubs.o ABSOLUTE
    __arm_fini_                               - Undefined Weak Reference
    __cpp_initialize__aeabi_                  - Undefined Weak Reference
    __cxa_finalize                            - Undefined Weak Reference
    __decompress                              - Undefined Weak Reference
    _clock_init                               - Undefined Weak Reference
    _microlib_exit                            - Undefined Weak Reference
    _scanf_int                                - Undefined Weak Reference
    _scanf_longlong                           - Undefined Weak Reference
    _scanf_string                             - Undefined Weak Reference
    __Vectors_Size                           0x000000ec   Number         0  startup_stm32f103xb.o ABSOLUTE
    __Vectors                                0x08000000   Data           4  startup_stm32f103xb.o(RESET)
    __Vectors_End                            0x080000ec   Data           0  startup_stm32f103xb.o(RESET)
    __main                                   0x080000ed   Thumb Code     0  entry.o(.ARM.Collect$$$$00000000)
    _main_stk                                0x080000ed   Thumb Code     0  entry2.o(.ARM.Collect$$$$00000001)
    _main_scatterload                        0x080000f1   Thumb Code     0  entry5.o(.ARM.Collect$$$$00000004)
    __main_after_scatterload                 0x080000f5   Thumb Code     0  entry5.o(.ARM.Collect$$$$00000004)
    _main_clock                              0x080000f5   Thumb Code     0  entry7b.o(.ARM.Collect$$$$00000008)
    _main_cpp_init                           0x080000f5   Thumb Code     0  entry8b.o(.ARM.Collect$$$$0000000A)
    _main_init                               0x080000f5   Thumb Code     0  entry9a.o(.ARM.Collect$$$$0000000B)
    __rt_lib_shutdown_fini                   0x080000fd   Thumb Code     0  entry12b.o(.ARM.Collect$$$$0000000E)
    __rt_final_cpp                           0x08000101   Thumb Code     0  entry10a.o(.ARM.Collect$$$$0000000F)
    __rt_final_exit                          0x08000101   Thumb Code     0  entry11a.o(.ARM.Collect$$$$00000011)
    SVC_Handler                              0x08000105   Thumb Code    32  port.o(.emb_text)
    __asm___6_port_c_39a90d8d__prvStartFirstTask 0x08000129   Thumb Code    28  port.o(.emb_text)
    PendSV_Handler                           0x08000149   Thumb Code    72  port.o(.emb_text)
    vPortGetIPSR                             0x08000195   Thumb Code     6  port.o(.emb_text)
    Reset_Handler                            0x0800019d   Thumb Code     8  startup_stm32f103xb.o(.text)
    ADC1_2_IRQHandler                        0x080001b7   Thumb Code     0  startup_stm32f103xb.o(.text)
    CAN1_RX1_IRQHandler                      0x080001b7   Thumb Code     0  startup_stm32f103xb.o(.text)
    CAN1_SCE_IRQHandler                      0x080001b7   Thumb Code     0  startup_stm32f103xb.o(.text)
    DMA1_Channel1_IRQHandler                 0x080001b7   Thumb Code     0  startup_stm32f103xb.o(.text)
    DMA1_Channel2_IRQHandler                 0x080001b7   Thumb Code     0  startup_stm32f103xb.o(.text)
    DMA1_Channel3_IRQHandler                 0x080001b7   Thumb Code     0  startup_stm32f103xb.o(.text)
    DMA1_Channel4_IRQHandler                 0x080001b7   Thumb Code     0  startup_stm32f103xb.o(.text)
    DMA1_Channel5_IRQHandler                 0x080001b7   Thumb Code     0  startup_stm32f103xb.o(.text)
    DMA1_Channel6_IRQHandler                 0x080001b7   Thumb Code     0  startup_stm32f103xb.o(.text)
    DMA1_Channel7_IRQHandler                 0x080001b7   Thumb Code     0  startup_stm32f103xb.o(.text)
    EXTI0_IRQHandler                         0x080001b7   Thumb Code     0  startup_stm32f103xb.o(.text)
    EXTI15_10_IRQHandler                     0x080001b7   Thumb Code     0  startup_stm32f103xb.o(.text)
    EXTI1_IRQHandler                         0x080001b7   Thumb Code     0  startup_stm32f103xb.o(.text)
    EXTI2_IRQHandler                         0x080001b7   Thumb Code     0  startup_stm32f103xb.o(.text)
    EXTI3_IRQHandler                         0x080001b7   Thumb Code     0  startup_stm32f103xb.o(.text)
    EXTI4_IRQHandler                         0x080001b7   Thumb Code     0  startup_stm32f103xb.o(.text)
    EXTI9_5_IRQHandler                       0x080001b7   Thumb Code     0  startup_stm32f103xb.o(.text)
    FLASH_IRQHandler                         0x080001b7   Thumb Code     0  startup_stm32f103xb.o(.text)
    I2C1_ER_IRQHandler                       0x080001b7   Thumb Code     0  startup_stm32f103xb.o(.text)
    I2C1_EV_IRQHandler                       0x080001b7   Thumb Code     0  startup_stm32f103xb.o(.text)
    I2C2_ER_IRQHandler                       0x080001b7   Thumb Code     0  startup_stm32f103xb.o(.text)
    I2C2_EV_IRQHandler                       0x080001b7   Thumb Code     0  startup_stm32f103xb.o(.text)
    PVD_IRQHandler                           0x080001b7   Thumb Code     0  startup_stm32f103xb.o(.text)
    RCC_IRQHandler                           0x080001b7   Thumb Code     0  startup_stm32f103xb.o(.text)
    RTC_Alarm_IRQHandler                     0x080001b7   Thumb Code     0  startup_stm32f103xb.o(.text)
    RTC_IRQHandler                           0x080001b7   Thumb Code     0  startup_stm32f103xb.o(.text)
    SPI1_IRQHandler                          0x080001b7   Thumb Code     0  startup_stm32f103xb.o(.text)
    SPI2_IRQHandler                          0x080001b7   Thumb Code     0  startup_stm32f103xb.o(.text)
    TAMPER_IRQHandler                        0x080001b7   Thumb Code     0  startup_stm32f103xb.o(.text)
    TIM1_BRK_IRQHandler                      0x080001b7   Thumb Code     0  startup_stm32f103xb.o(.text)
    TIM1_CC_IRQHandler                       0x080001b7   Thumb Code     0  startup_stm32f103xb.o(.text)
    TIM1_TRG_COM_IRQHandler                  0x080001b7   Thumb Code     0  startup_stm32f103xb.o(.text)
    TIM1_UP_IRQHandler                       0x080001b7   Thumb Code     0  startup_stm32f103xb.o(.text)
    TIM2_IRQHandler                          0x080001b7   Thumb Code     0  startup_stm32f103xb.o(.text)
    TIM3_IRQHandler                          0x080001b7   Thumb Code     0  startup_stm32f103xb.o(.text)
    TIM4_IRQHandler                          0x080001b7   Thumb Code     0  startup_stm32f103xb.o(.text)
    USART1_IRQHandler                        0x080001b7   Thumb Code     0  startup_stm32f103xb.o(.text)
    USART3_IRQHandler                        0x080001b7   Thumb Code     0  startup_stm32f103xb.o(.text)
    USBWakeUp_IRQHandler                     0x080001b7   Thumb Code     0  startup_stm32f103xb.o(.text)
    USB_HP_CAN1_TX_IRQHandler                0x080001b7   Thumb Code     0  startup_stm32f103xb.o(.text)
    USB_LP_CAN1_RX0_IRQHandler               0x080001b7   Thumb Code     0  startup_stm32f103xb.o(.text)
    WWDG_IRQHandler                          0x080001b7   Thumb Code     0  startup_stm32f103xb.o(.text)
    __aeabi_llsr                             0x080001c1   Thumb Code    32  llushr.o(.text)
    _ll_ushift_r                             0x080001c1   Thumb Code     0  llushr.o(.text)
    tolower                                  0x080001e1   Thumb Code    12  tolower.o(.text)
    __aeabi_memcpy                           0x080001ed   Thumb Code    36  memcpya.o(.text)
    __aeabi_memcpy4                          0x080001ed   Thumb Code     0  memcpya.o(.text)
    __aeabi_memcpy8                          0x080001ed   Thumb Code     0  memcpya.o(.text)
    __aeabi_memset                           0x08000211   Thumb Code    14  memseta.o(.text)
    __aeabi_memset4                          0x08000211   Thumb Code     0  memseta.o(.text)
    __aeabi_memset8                          0x08000211   Thumb Code     0  memseta.o(.text)
    __aeabi_memclr                           0x0800021f   Thumb Code     4  memseta.o(.text)
    __aeabi_memclr4                          0x0800021f   Thumb Code     0  memseta.o(.text)
    __aeabi_memclr8                          0x0800021f   Thumb Code     0  memseta.o(.text)
    _memset$wrapper                          0x08000223   Thumb Code    18  memseta.o(.text)
    strlen                                   0x08000235   Thumb Code    14  strlen.o(.text)
    strcmp                                   0x08000243   Thumb Code    28  strcmp.o(.text)
    strncmp                                  0x0800025f   Thumb Code    30  strncmp.o(.text)
    strrchr                                  0x0800027d   Thumb Code    22  strrchr.o(.text)
    _scanf_real                              0x080003bd   Thumb Code     0  scanf_fp.o(.text)
    _scanf_really_real                       0x080003bd   Thumb Code   556  scanf_fp.o(.text)
    __aeabi_dadd                             0x080005f5   Thumb Code   322  dadd.o(.text)
    __aeabi_dsub                             0x08000737   Thumb Code     6  dadd.o(.text)
    __aeabi_drsub                            0x0800073d   Thumb Code     6  dadd.o(.text)
    __aeabi_dmul                             0x08000743   Thumb Code   228  dmul.o(.text)
    __aeabi_d2iz                             0x08000827   Thumb Code    62  dfixi.o(.text)
    __aeabi_cdcmpeq                          0x08000865   Thumb Code     0  cdcmple.o(.text)
    __aeabi_cdcmple                          0x08000865   Thumb Code    48  cdcmple.o(.text)
    __aeabi_cdrcmple                         0x08000895   Thumb Code    48  cdrcmple.o(.text)
    __aeabi_uidiv                            0x080008c5   Thumb Code     0  uidiv.o(.text)
    __aeabi_uidivmod                         0x080008c5   Thumb Code    44  uidiv.o(.text)
    __aeabi_uldivmod                         0x080008f1   Thumb Code    98  uldiv.o(.text)
    __aeabi_llsl                             0x08000953   Thumb Code    30  llshl.o(.text)
    _ll_shift_l                              0x08000953   Thumb Code     0  llshl.o(.text)
    __aeabi_lasr                             0x08000971   Thumb Code    36  llsshr.o(.text)
    _ll_sshift_r                             0x08000971   Thumb Code     0  llsshr.o(.text)
    _sgetc                                   0x08000995   Thumb Code    30  _sgetc.o(.text)
    _sbackspace                              0x080009b3   Thumb Code    34  _sgetc.o(.text)
    __strtod_int                             0x08000a0b   Thumb Code    90  strtod.o(.text)
    __I$use$fp                               0x08000a71   Thumb Code     0  iusefp.o(.text)
    _double_round                            0x08000a71   Thumb Code    30  depilogue.o(.text)
    _double_epilogue                         0x08000a8f   Thumb Code   156  depilogue.o(.text)
    __aeabi_ddiv                             0x08000b2b   Thumb Code   222  ddiv.o(.text)
    __aeabi_ul2d                             0x08000c09   Thumb Code    24  dfltul.o(.text)
    __aeabi_d2ulz                            0x08000c21   Thumb Code    48  dfixul.o(.text)
    __aeabi_d2f                              0x08000c51   Thumb Code    56  d2f.o(.text)
    __scatterload                            0x08000c89   Thumb Code    28  init.o(.text)
    __scatterload_rt2                        0x08000c89   Thumb Code     0  init.o(.text)
    isspace                                  0x08000cad   Thumb Code    10  isspace_c.o(.text)
    _float_round                             0x08000cb7   Thumb Code    18  fepilogue.o(.text)
    _float_epilogue                          0x08000cc9   Thumb Code    92  fepilogue.o(.text)
    __ctype_lookup                           0x08000d25   Thumb Code    34  ctype_c.o(.text)
    App_Main_Start                           0x08000d4d   Thumb Code    30  app_main.o(i.App_Main_Start)
    BusFault_Handler                         0x08000d7d   Thumb Code     4  stm32f1xx_it.o(i.BusFault_Handler)
    Com_Delay_ms                             0x08000d81   Thumb Code    12  com_delay.o(i.Com_Delay_ms)
    Com_Delay_s                              0x08000d8d   Thumb Code    24  com_delay.o(i.Com_Delay_s)
    ConnectNetwork                           0x08000da5   Thumb Code    60  mqtt_interface.o(i.ConnectNetwork)
    DebugMon_Handler                         0x08000de1   Thumb Code     2  stm32f1xx_it.o(i.DebugMon_Handler)
    Error_Handler                            0x08000de3   Thumb Code     6  main.o(i.Error_Handler)
    HAL_CAN_Init                             0x08000de9   Thumb Code   372  stm32f1xx_hal_can.o(i.HAL_CAN_Init)
    HAL_CAN_MspInit                          0x08000f5d   Thumb Code   122  can.o(i.HAL_CAN_MspInit)
    HAL_DMA_Abort                            0x08000fe5   Thumb Code    86  stm32f1xx_hal_dma.o(i.HAL_DMA_Abort)
    HAL_DMA_Abort_IT                         0x0800103d   Thumb Code   172  stm32f1xx_hal_dma.o(i.HAL_DMA_Abort_IT)
    HAL_Delay                                0x080010ed   Thumb Code    36  stm32f1xx_hal.o(i.HAL_Delay)
    HAL_GPIO_Init                            0x08001115   Thumb Code   766  stm32f1xx_hal_gpio.o(i.HAL_GPIO_Init)
    HAL_GPIO_WritePin                        0x08001435   Thumb Code    12  stm32f1xx_hal_gpio.o(i.HAL_GPIO_WritePin)
    HAL_GetTick                              0x08001441   Thumb Code     6  stm32f1xx_hal.o(i.HAL_GetTick)
    HAL_IncTick                              0x0800144d   Thumb Code    16  stm32f1xx_hal.o(i.HAL_IncTick)
    HAL_Init                                 0x08001465   Thumb Code    34  stm32f1xx_hal.o(i.HAL_Init)
    HAL_InitTick                             0x0800148d   Thumb Code    64  stm32f1xx_hal.o(i.HAL_InitTick)
    HAL_MspInit                              0x080014d9   Thumb Code    76  stm32f1xx_hal_msp.o(i.HAL_MspInit)
    HAL_NVIC_EnableIRQ                       0x0800152d   Thumb Code    32  stm32f1xx_hal_cortex.o(i.HAL_NVIC_EnableIRQ)
    HAL_NVIC_SetPriority                     0x0800154d   Thumb Code   124  stm32f1xx_hal_cortex.o(i.HAL_NVIC_SetPriority)
    HAL_NVIC_SetPriorityGrouping             0x080015c9   Thumb Code    32  stm32f1xx_hal_cortex.o(i.HAL_NVIC_SetPriorityGrouping)
    HAL_RCC_ClockConfig                      0x080015f1   Thumb Code   376  stm32f1xx_hal_rcc.o(i.HAL_RCC_ClockConfig)
    HAL_RCC_GetHCLKFreq                      0x0800177d   Thumb Code     6  stm32f1xx_hal_rcc.o(i.HAL_RCC_GetHCLKFreq)
    HAL_RCC_GetPCLK1Freq                     0x08001789   Thumb Code    22  stm32f1xx_hal_rcc.o(i.HAL_RCC_GetPCLK1Freq)
    HAL_RCC_GetPCLK2Freq                     0x080017a9   Thumb Code    22  stm32f1xx_hal_rcc.o(i.HAL_RCC_GetPCLK2Freq)
    HAL_RCC_GetSysClockFreq                  0x080017c9   Thumb Code    92  stm32f1xx_hal_rcc.o(i.HAL_RCC_GetSysClockFreq)
    HAL_RCC_OscConfig                        0x08001839   Thumb Code  1114  stm32f1xx_hal_rcc.o(i.HAL_RCC_OscConfig)
    HAL_SPI_Init                             0x08001c9d   Thumb Code   190  stm32f1xx_hal_spi.o(i.HAL_SPI_Init)
    HAL_SPI_MspInit                          0x08001d5d   Thumb Code   124  spi.o(i.HAL_SPI_MspInit)
    HAL_SPI_Receive                          0x08001de5   Thumb Code   386  stm32f1xx_hal_spi.o(i.HAL_SPI_Receive)
    HAL_SPI_Transmit                         0x08001f67   Thumb Code   446  stm32f1xx_hal_spi.o(i.HAL_SPI_Transmit)
    HAL_SPI_TransmitReceive                  0x08002125   Thumb Code   584  stm32f1xx_hal_spi.o(i.HAL_SPI_TransmitReceive)
    HAL_SYSTICK_Config                       0x0800236d   Thumb Code    52  stm32f1xx_hal_cortex.o(i.HAL_SYSTICK_Config)
    HAL_UARTEx_RxEventCallback               0x080023a1   Thumb Code     2  stm32f1xx_hal_uart.o(i.HAL_UARTEx_RxEventCallback)
    HAL_UART_ErrorCallback                   0x080023a3   Thumb Code     2  stm32f1xx_hal_uart.o(i.HAL_UART_ErrorCallback)
    HAL_UART_IRQHandler                      0x080023a5   Thumb Code   736  stm32f1xx_hal_uart.o(i.HAL_UART_IRQHandler)
    HAL_UART_Init                            0x08002689   Thumb Code   118  stm32f1xx_hal_uart.o(i.HAL_UART_Init)
    HAL_UART_MspInit                         0x08002701   Thumb Code   240  usart.o(i.HAL_UART_MspInit)
    HAL_UART_RxCpltCallback                  0x08002801   Thumb Code     2  stm32f1xx_hal_uart.o(i.HAL_UART_RxCpltCallback)
    HAL_UART_Transmit                        0x08002803   Thumb Code   190  stm32f1xx_hal_uart.o(i.HAL_UART_Transmit)
    HAL_UART_TxCpltCallback                  0x080028c1   Thumb Code     2  stm32f1xx_hal_uart.o(i.HAL_UART_TxCpltCallback)
    HardFault_Handler                        0x080028c3   Thumb Code     4  stm32f1xx_it.o(i.HardFault_Handler)
    Int_MQTTClientRegisterCallBack           0x080028c9   Thumb Code     6  int_mqtt_client.o(i.Int_MQTTClientRegisterCallBack)
    Int_MQTTClient_Init                      0x08002ae5   Thumb Code    16  int_mqtt_client.o(i.Int_MQTTClient_Init)
    Int_MQTTClient_Yield                     0x08002af5   Thumb Code    14  int_mqtt_client.o(i.Int_MQTTClient_Yield)
    Int_W5500_Init                           0x08002b09   Thumb Code   104  int_w5500.o(i.Int_W5500_Init)
    MQTTClientInit                           0x08002b79   Thumb Code    84  mqttclient.o(i.MQTTClientInit)
    MQTTConnect                              0x08002bcd   Thumb Code   162  mqttclient.o(i.MQTTConnect)
    MQTTDeserialize_ack                      0x08002c75   Thumb Code   108  mqttdeserializepublish.o(i.MQTTDeserialize_ack)
    MQTTDeserialize_connack                  0x08002ce1   Thumb Code   118  mqttconnectclient.o(i.MQTTDeserialize_connack)
    MQTTDeserialize_publish                  0x08002d57   Thumb Code   168  mqttdeserializepublish.o(i.MQTTDeserialize_publish)
    MQTTDeserialize_suback                   0x08002dff   Thumb Code   146  mqttsubscribeclient.o(i.MQTTDeserialize_suback)
    MQTTPacket_decode                        0x08002e91   Thumb Code    88  mqttpacket.o(i.MQTTPacket_decode)
    MQTTPacket_decodeBuf                     0x08002ee9   Thumb Code    20  mqttpacket.o(i.MQTTPacket_decodeBuf)
    MQTTPacket_encode                        0x08002f05   Thumb Code    54  mqttpacket.o(i.MQTTPacket_encode)
    MQTTPacket_equals                        0x08002f3b   Thumb Code    66  mqttpacket.o(i.MQTTPacket_equals)
    MQTTPacket_len                           0x08002f7d   Thumb Code    34  mqttpacket.o(i.MQTTPacket_len)
    MQTTSerialize_ack                        0x08002fa5   Thumb Code   114  mqttserializepublish.o(i.MQTTSerialize_ack)
    MQTTSerialize_connect                    0x08003019   Thumb Code   342  mqttconnectclient.o(i.MQTTSerialize_connect)
    MQTTSerialize_connectLength              0x08003181   Thumb Code   118  mqttconnectclient.o(i.MQTTSerialize_connectLength)
    MQTTSerialize_pingreq                    0x080031f7   Thumb Code    18  mqttconnectclient.o(i.MQTTSerialize_pingreq)
    MQTTSerialize_subscribe                  0x08003209   Thumb Code   174  mqttsubscribeclient.o(i.MQTTSerialize_subscribe)
    MQTTSerialize_subscribeLength            0x080032b7   Thumb Code    46  mqttsubscribeclient.o(i.MQTTSerialize_subscribeLength)
    MQTTSerialize_zero                       0x080032e5   Thumb Code    76  mqttconnectclient.o(i.MQTTSerialize_zero)
    MQTTSubscribe                            0x08003331   Thumb Code   232  mqttclient.o(i.MQTTSubscribe)
    MQTTYield                                0x08003419   Thumb Code    40  mqttclient.o(i.MQTTYield)
    MQTTstrlen                               0x08003441   Thumb Code    24  mqttpacket.o(i.MQTTstrlen)
    MX_CAN_Init                              0x08003459   Thumb Code    66  can.o(i.MX_CAN_Init)
    MX_GPIO_Init                             0x080034a5   Thumb Code   216  gpio.o(i.MX_GPIO_Init)
    MX_SPI2_Init                             0x08003589   Thumb Code    58  spi.o(i.MX_SPI2_Init)
    MX_USART1_UART_Init                      0x080035cd   Thumb Code    46  usart.o(i.MX_USART1_UART_Init)
    MX_USART2_UART_Init                      0x08003605   Thumb Code    46  usart.o(i.MX_USART2_UART_Init)
    MemManage_Handler                        0x0800363d   Thumb Code     4  stm32f1xx_it.o(i.MemManage_Handler)
    NMI_Handler                              0x08003641   Thumb Code     4  stm32f1xx_it.o(i.NMI_Handler)
    NewNetwork                               0x0800364d   Thumb Code    16  mqtt_interface.o(i.NewNetwork)
    SysTick_Handler                          0x08003825   Thumb Code    20  stm32f1xx_it.o(i.SysTick_Handler)
    SystemClock_Config                       0x08003839   Thumb Code   102  main.o(i.SystemClock_Config)
    SystemInit                               0x0800389f   Thumb Code     2  system_stm32f1xx.o(i.SystemInit)
    TimerCountdown                           0x080038a1   Thumb Code    20  mqtt_interface.o(i.TimerCountdown)
    TimerCountdownMS                         0x080038b9   Thumb Code    10  mqtt_interface.o(i.TimerCountdownMS)
    TimerInit                                0x080038c9   Thumb Code     6  mqtt_interface.o(i.TimerInit)
    TimerIsExpired                           0x080038d1   Thumb Code    14  mqtt_interface.o(i.TimerIsExpired)
    TimerLeftMS                              0x080038e5   Thumb Code    22  mqtt_interface.o(i.TimerLeftMS)
    USART2_IRQHandler                        0x08003c85   Thumb Code    10  stm32f1xx_it.o(i.USART2_IRQHandler)
    UsageFault_Handler                       0x08003c95   Thumb Code     4  stm32f1xx_it.o(i.UsageFault_Handler)
    WIZCHIP_READ                             0x08003c99   Thumb Code   112  w5500.o(i.WIZCHIP_READ)
    WIZCHIP_READ_BUF                         0x08003d0d   Thumb Code   136  w5500.o(i.WIZCHIP_READ_BUF)
    WIZCHIP_WRITE                            0x08003d99   Thumb Code   112  w5500.o(i.WIZCHIP_WRITE)
    WIZCHIP_WRITE_BUF                        0x08003e0d   Thumb Code   132  w5500.o(i.WIZCHIP_WRITE_BUF)
    __0printf                                0x08003e95   Thumb Code    22  printfa.o(i.__0printf)
    __1printf                                0x08003e95   Thumb Code     0  printfa.o(i.__0printf)
    __2printf                                0x08003e95   Thumb Code     0  printfa.o(i.__0printf)
    __c89printf                              0x08003e95   Thumb Code     0  printfa.o(i.__0printf)
    printf                                   0x08003e95   Thumb Code     0  printfa.o(i.__0printf)
    __scatterload_copy                       0x08003eed   Thumb Code    14  handlers.o(i.__scatterload_copy)
    __scatterload_null                       0x08003efb   Thumb Code     2  handlers.o(i.__scatterload_null)
    __scatterload_zeroinit                   0x08003efd   Thumb Code    14  handlers.o(i.__scatterload_zeroinit)
    _is_digit                                0x08004091   Thumb Code    14  scanf_fp.o(i._is_digit)
    bufchar                                  0x080047a9   Thumb Code    36  mqttpacket.o(i.bufchar)
    cJSON_Delete                             0x08004819   Thumb Code    92  cjson.o(i.cJSON_Delete)
    cJSON_GetObjectItem                      0x08004879   Thumb Code    18  cjson.o(i.cJSON_GetObjectItem)
    cJSON_Parse                              0x080048a5   Thumb Code    16  cjson.o(i.cJSON_Parse)
    cJSON_ParseWithLengthOpts                0x080048b5   Thumb Code   204  cjson.o(i.cJSON_ParseWithLengthOpts)
    cJSON_ParseWithOpts                      0x08004989   Thumb Code    40  cjson.o(i.cJSON_ParseWithOpts)
    close                                    0x080049f9   Thumb Code   142  socket.o(i.close)
    connect                                  0x08004a99   Thumb Code   342  socket.o(i.connect)
    cycle                                    0x08004bf5   Thumb Code   318  mqttclient.o(i.cycle)
    deliverMessage                           0x08004d9d   Thumb Code   140  mqttclient.o(i.deliverMessage)
    disconnect                               0x08004e29   Thumb Code   180  socket.o(i.disconnect)
    fputc                                    0x08004ee5   Thumb Code    22  com_debug.o(i.fputc)
    getSn_RX_RSR                             0x08004f19   Thumb Code   108  w5500.o(i.getSn_RX_RSR)
    getSn_TX_FSR                             0x08004f85   Thumb Code   108  w5500.o(i.getSn_TX_FSR)
    keepalive                                0x080050bd   Thumb Code    86  mqttclient.o(i.keepalive)
    main                                     0x08005115   Thumb Code    72  main.o(i.main)
    mqtt_clinet_receiveCallBack              0x08005189   Thumb Code    16  int_mqtt_client.o(i.mqtt_clinet_receiveCallBack)
    pvPortMalloc                             0x08005dc9   Thumb Code   208  heap_4.o(i.pvPortMalloc)
    pxPortInitialiseStack                    0x08005ead   Thumb Code    30  port.o(i.pxPortInitialiseStack)
    readChar                                 0x08005ed1   Thumb Code    14  mqttpacket.o(i.readChar)
    readInt                                  0x08005edf   Thumb Code    26  mqttpacket.o(i.readInt)
    readMQTTLenString                        0x08005ef9   Thumb Code    58  mqttpacket.o(i.readMQTTLenString)
    recv                                     0x08005fc1   Thumb Code   282  socket.o(i.recv)
    reg_wizchip_cris_cbfunc                  0x080060e1   Thumb Code    26  wizchip_conf.o(i.reg_wizchip_cris_cbfunc)
    reg_wizchip_cs_cbfunc                    0x08006109   Thumb Code    26  wizchip_conf.o(i.reg_wizchip_cs_cbfunc)
    reg_wizchip_spi_cbfunc                   0x08006131   Thumb Code    40  wizchip_conf.o(i.reg_wizchip_spi_cbfunc)
    send                                     0x08006165   Thumb Code   374  socket.o(i.send)
    socket                                   0x08006381   Thumb Code   384  socket.o(i.socket)
    strtod                                   0x08006515   Thumb Code    28  strtod.o(i.strtod)
    task1                                    0x08006531   Thumb Code    24  app_task1.o(i.task1)
    task1_callBack                           0x0800654d   Thumb Code    48  app_task1.o(i.task1_callBack)
    user_register_callBack                   0x08006595   Thumb Code    28  wizchip_conf.o(i.user_register_callBack)
    uxListRemove                             0x080066f5   Thumb Code    40  list.o(i.uxListRemove)
    vListInitialise                          0x0800671d   Thumb Code    26  list.o(i.vListInitialise)
    vListInitialiseItem                      0x08006737   Thumb Code     6  list.o(i.vListInitialiseItem)
    vListInsert                              0x0800673d   Thumb Code    52  list.o(i.vListInsert)
    vPortEnterCritical                       0x08006771   Thumb Code    30  port.o(i.vPortEnterCritical)
    vPortExitCritical                        0x08006795   Thumb Code    28  port.o(i.vPortExitCritical)
    vPortFree                                0x080067b5   Thumb Code    68  heap_4.o(i.vPortFree)
    vPortSetupTimerInterrupt                 0x08006801   Thumb Code    20  port.o(i.vPortSetupTimerInterrupt)
    vTaskDelay                               0x08006819   Thumb Code    46  tasks.o(i.vTaskDelay)
    vTaskStartScheduler                      0x0800684d   Thumb Code    76  tasks.o(i.vTaskStartScheduler)
    vTaskSuspendAll                          0x080068b9   Thumb Code    12  tasks.o(i.vTaskSuspendAll)
    vTaskSwitchContext                       0x080068c9   Thumb Code    76  tasks.o(i.vTaskSwitchContext)
    w5x00_disconnect                         0x08006929   Thumb Code    12  mqtt_interface.o(i.w5x00_disconnect)
    w5x00_read                               0x08006935   Thumb Code    62  mqtt_interface.o(i.w5x00_read)
    w5x00_write                              0x08006973   Thumb Code    52  mqtt_interface.o(i.w5x00_write)
    waitfor                                  0x080069a7   Thumb Code    48  mqttclient.o(i.waitfor)
    wiz_recv_data                            0x080069d7   Thumb Code   132  w5500.o(i.wiz_recv_data)
    wiz_send_data                            0x08006a5b   Thumb Code   132  w5500.o(i.wiz_send_data)
    wizchip_bus_readdata                     0x08006adf   Thumb Code     6  wizchip_conf.o(i.wizchip_bus_readdata)
    wizchip_bus_writedata                    0x08006ae5   Thumb Code     4  wizchip_conf.o(i.wizchip_bus_writedata)
    wizchip_cris_enter                       0x08006ae9   Thumb Code     8  wizchip_conf.o(i.wizchip_cris_enter)
    wizchip_cris_exit                        0x08006af1   Thumb Code     8  wizchip_conf.o(i.wizchip_cris_exit)
    wizchip_cs_deselect                      0x08006af9   Thumb Code    14  wizchip_conf.o(i.wizchip_cs_deselect)
    wizchip_cs_select                        0x08006b0d   Thumb Code    16  wizchip_conf.o(i.wizchip_cs_select)
    wizchip_spi_readbyte                     0x08006b21   Thumb Code    26  wizchip_conf.o(i.wizchip_spi_readbyte)
    wizchip_spi_writebyte                    0x08006b41   Thumb Code    18  wizchip_conf.o(i.wizchip_spi_writebyte)
    writeCString                             0x08006b59   Thumb Code    40  mqttpacket.o(i.writeCString)
    writeChar                                0x08006b81   Thumb Code    12  mqttpacket.o(i.writeChar)
    writeInt                                 0x08006b8d   Thumb Code    48  mqttpacket.o(i.writeInt)
    writeMQTTString                          0x08006bbd   Thumb Code    62  mqttpacket.o(i.writeMQTTString)
    xPortStartScheduler                      0x08006bfd   Thumb Code    42  port.o(i.xPortStartScheduler)
    xPortSysTickHandler                      0x08006c31   Thumb Code    46  port.o(i.xPortSysTickHandler)
    xTaskCreate                              0x08006c65   Thumb Code   104  tasks.o(i.xTaskCreate)
    xTaskGetSchedulerState                   0x08006ccd   Thumb Code    24  tasks.o(i.xTaskGetSchedulerState)
    xTaskIncrementTick                       0x08006ced   Thumb Code   356  tasks.o(i.xTaskIncrementTick)
    xTaskResumeAll                           0x08006e7d   Thumb Code   310  tasks.o(i.xTaskResumeAll)
    AHBPrescTable                            0x08006fea   Data          16  system_stm32f1xx.o(.constdata)
    APBPrescTable                            0x08006ffa   Data           8  system_stm32f1xx.o(.constdata)
    __ctype_categories                       0x080070b4   Data          64  ctype_c.o(.constdata)
    Region$$Table$$Base                      0x080070f4   Number         0  anon$$obj.o(Region$$Table)
    Region$$Table$$Limit                     0x08007114   Number         0  anon$$obj.o(Region$$Table)
    uwTick                                   0x20000000   Data           4  stm32f1xx_hal.o(.data)
    uwTickPrio                               0x20000004   Data           4  stm32f1xx_hal.o(.data)
    uwTickFreq                               0x20000008   Data           1  stm32f1xx_hal.o(.data)
    SystemCoreClock                          0x2000000c   Data           4  system_stm32f1xx.o(.data)
    pxCurrentTCB                             0x20000024   Data           4  tasks.o(.data)
    uxTopUsedPriority                        0x2000005c   Data           4  tasks.o(.data)
    task1_handler                            0x20000084   Data           4  app_main.o(.data)
    default_net_info                         0x20000088   Data          23  int_w5500.o(.data)
    sock_pack_info                           0x200000a6   Data           8  socket.o(.data)
    WIZCHIP                                  0x200000b0   Data          44  wizchip_conf.o(.data)
    MilliTimer                               0x200000e4   Data           4  mqtt_interface.o(.data)
    gloal_cb                                 0x200000ec   Data           4  int_mqtt_client.o(.data)
    SERVER_IP                                0x200000f0   Data           4  int_mqtt_client.o(.data)
    __stdout                                 0x200000f4   Data           4  stdout.o(.data)
    hcan                                     0x200000f8   Data          40  can.o(.bss)
    hspi2                                    0x20000120   Data          88  spi.o(.bss)
    huart1                                   0x20000178   Data          72  usart.o(.bss)
    huart2                                   0x200001c0   Data          72  usart.o(.bss)
    mqtt_network                             0x20002ae0   Data          16  int_mqtt_client.o(.bss)
    mqtt_client                              0x20002af0   Data          92  int_mqtt_client.o(.bss)
    mqtt_publish_buffer                      0x20002b4c   Data        1024  int_mqtt_client.o(.bss)
    mqtt_subscribe_buffer                    0x20002f4c   Data        1024  int_mqtt_client.o(.bss)
    __initial_sp                             0x20003750   Data           0  startup_stm32f103xb.o(STACK)



==============================================================================

Memory Map of the image

  Image Entry point : 0x080000ed

  Load Region LR_IROM1 (Base: 0x08000000, Size: 0x0000720c, Max: 0x00010000, ABSOLUTE)

    Execution Region ER_IROM1 (Exec base: 0x08000000, Load base: 0x08000000, Size: 0x00007114, Max: 0x00010000, ABSOLUTE)

    Exec Addr    Load Addr    Size         Type   Attr      Idx    E Section Name        Object

    0x08000000   0x08000000   0x000000ec   Data   RO            3    RESET               startup_stm32f103xb.o
    0x080000ec   0x080000ec   0x00000000   Code   RO         5462  * .ARM.Collect$$$$00000000  mc_w.l(entry.o)
    0x080000ec   0x080000ec   0x00000004   Code   RO         5796    .ARM.Collect$$$$00000001  mc_w.l(entry2.o)
    0x080000f0   0x080000f0   0x00000004   Code   RO         5799    .ARM.Collect$$$$00000004  mc_w.l(entry5.o)
    0x080000f4   0x080000f4   0x00000000   Code   RO         5801    .ARM.Collect$$$$00000008  mc_w.l(entry7b.o)
    0x080000f4   0x080000f4   0x00000000   Code   RO         5803    .ARM.Collect$$$$0000000A  mc_w.l(entry8b.o)
    0x080000f4   0x080000f4   0x00000008   Code   RO         5804    .ARM.Collect$$$$0000000B  mc_w.l(entry9a.o)
    0x080000fc   0x080000fc   0x00000004   Code   RO         5811    .ARM.Collect$$$$0000000E  mc_w.l(entry12b.o)
    0x08000100   0x08000100   0x00000000   Code   RO         5806    .ARM.Collect$$$$0000000F  mc_w.l(entry10a.o)
    0x08000100   0x08000100   0x00000000   Code   RO         5808    .ARM.Collect$$$$00000011  mc_w.l(entry11a.o)
    0x08000100   0x08000100   0x00000004   Code   RO         5797    .ARM.Collect$$$$00002712  mc_w.l(entry2.o)
    0x08000104   0x08000104   0x00000096   Code   RO         4054    .emb_text           port.o
    0x0800019a   0x0800019a   0x00000002   PAD
    0x0800019c   0x0800019c   0x00000024   Code   RO            4    .text               startup_stm32f103xb.o
    0x080001c0   0x080001c0   0x00000020   Code   RO         5465    .text               mc_w.l(llushr.o)
    0x080001e0   0x080001e0   0x0000000c   Code   RO         5467    .text               mc_w.l(tolower.o)
    0x080001ec   0x080001ec   0x00000024   Code   RO         5469    .text               mc_w.l(memcpya.o)
    0x08000210   0x08000210   0x00000024   Code   RO         5471    .text               mc_w.l(memseta.o)
    0x08000234   0x08000234   0x0000000e   Code   RO         5473    .text               mc_w.l(strlen.o)
    0x08000242   0x08000242   0x0000001c   Code   RO         5475    .text               mc_w.l(strcmp.o)
    0x0800025e   0x0800025e   0x0000001e   Code   RO         5481    .text               mc_w.l(strncmp.o)
    0x0800027c   0x0800027c   0x00000016   Code   RO         5483    .text               mc_w.l(strrchr.o)
    0x08000292   0x08000292   0x00000002   PAD
    0x08000294   0x08000294   0x00000360   Code   RO         5778    .text               mc_w.l(scanf_fp.o)
    0x080005f4   0x080005f4   0x0000014e   Code   RO         5782    .text               mf_w.l(dadd.o)
    0x08000742   0x08000742   0x000000e4   Code   RO         5784    .text               mf_w.l(dmul.o)
    0x08000826   0x08000826   0x0000003e   Code   RO         5788    .text               mf_w.l(dfixi.o)
    0x08000864   0x08000864   0x00000030   Code   RO         5792    .text               mf_w.l(cdcmple.o)
    0x08000894   0x08000894   0x00000030   Code   RO         5794    .text               mf_w.l(cdrcmple.o)
    0x080008c4   0x080008c4   0x0000002c   Code   RO         5813    .text               mc_w.l(uidiv.o)
    0x080008f0   0x080008f0   0x00000062   Code   RO         5815    .text               mc_w.l(uldiv.o)
    0x08000952   0x08000952   0x0000001e   Code   RO         5817    .text               mc_w.l(llshl.o)
    0x08000970   0x08000970   0x00000024   Code   RO         5819    .text               mc_w.l(llsshr.o)
    0x08000994   0x08000994   0x00000040   Code   RO         5825    .text               mc_w.l(_sgetc.o)
    0x080009d4   0x080009d4   0x0000009c   Code   RO         5827    .text               mc_w.l(strtod.o)
    0x08000a70   0x08000a70   0x00000000   Code   RO         5829    .text               mc_w.l(iusefp.o)
    0x08000a70   0x08000a70   0x000000ba   Code   RO         5830    .text               mf_w.l(depilogue.o)
    0x08000b2a   0x08000b2a   0x000000de   Code   RO         5832    .text               mf_w.l(ddiv.o)
    0x08000c08   0x08000c08   0x00000018   Code   RO         5834    .text               mf_w.l(dfltul.o)
    0x08000c20   0x08000c20   0x00000030   Code   RO         5836    .text               mf_w.l(dfixul.o)
    0x08000c50   0x08000c50   0x00000038   Code   RO         5838    .text               mf_w.l(d2f.o)
    0x08000c88   0x08000c88   0x00000024   Code   RO         5840    .text               mc_w.l(init.o)
    0x08000cac   0x08000cac   0x0000000a   Code   RO         5842    .text               mc_w.l(isspace_c.o)
    0x08000cb6   0x08000cb6   0x0000006e   Code   RO         5846    .text               mf_w.l(fepilogue.o)
    0x08000d24   0x08000d24   0x00000028   Code   RO         5848    .text               mc_w.l(ctype_c.o)
    0x08000d4c   0x08000d4c   0x00000030   Code   RO         4128    i.App_Main_Start    app_main.o
    0x08000d7c   0x08000d7c   0x00000004   Code   RO          415    i.BusFault_Handler  stm32f1xx_it.o
    0x08000d80   0x08000d80   0x0000000c   Code   RO         2546    i.Com_Delay_ms      com_delay.o
    0x08000d8c   0x08000d8c   0x00000018   Code   RO         2547    i.Com_Delay_s       com_delay.o
    0x08000da4   0x08000da4   0x0000003c   Code   RO         4624    i.ConnectNetwork    mqtt_interface.o
    0x08000de0   0x08000de0   0x00000002   Code   RO          416    i.DebugMon_Handler  stm32f1xx_it.o
    0x08000de2   0x08000de2   0x00000006   Code   RO           13    i.Error_Handler     main.o
    0x08000de8   0x08000de8   0x00000174   Code   RO          559    i.HAL_CAN_Init      stm32f1xx_hal_can.o
    0x08000f5c   0x08000f5c   0x00000088   Code   RO          284    i.HAL_CAN_MspInit   can.o
    0x08000fe4   0x08000fe4   0x00000056   Code   RO         1165    i.HAL_DMA_Abort     stm32f1xx_hal_dma.o
    0x0800103a   0x0800103a   0x00000002   PAD
    0x0800103c   0x0800103c   0x000000b0   Code   RO         1166    i.HAL_DMA_Abort_IT  stm32f1xx_hal_dma.o
    0x080010ec   0x080010ec   0x00000028   Code   RO          786    i.HAL_Delay         stm32f1xx_hal.o
    0x08001114   0x08001114   0x00000320   Code   RO         1101    i.HAL_GPIO_Init     stm32f1xx_hal_gpio.o
    0x08001434   0x08001434   0x0000000c   Code   RO         1105    i.HAL_GPIO_WritePin  stm32f1xx_hal_gpio.o
    0x08001440   0x08001440   0x0000000c   Code   RO          790    i.HAL_GetTick       stm32f1xx_hal.o
    0x0800144c   0x0800144c   0x00000018   Code   RO          796    i.HAL_IncTick       stm32f1xx_hal.o
    0x08001464   0x08001464   0x00000028   Code   RO          797    i.HAL_Init          stm32f1xx_hal.o
    0x0800148c   0x0800148c   0x0000004c   Code   RO          798    i.HAL_InitTick      stm32f1xx_hal.o
    0x080014d8   0x080014d8   0x00000054   Code   RO          485    i.HAL_MspInit       stm32f1xx_hal_msp.o
    0x0800152c   0x0800152c   0x00000020   Code   RO         1261    i.HAL_NVIC_EnableIRQ  stm32f1xx_hal_cortex.o
    0x0800154c   0x0800154c   0x0000007c   Code   RO         1267    i.HAL_NVIC_SetPriority  stm32f1xx_hal_cortex.o
    0x080015c8   0x080015c8   0x00000028   Code   RO         1268    i.HAL_NVIC_SetPriorityGrouping  stm32f1xx_hal_cortex.o
    0x080015f0   0x080015f0   0x0000018c   Code   RO          954    i.HAL_RCC_ClockConfig  stm32f1xx_hal_rcc.o
    0x0800177c   0x0800177c   0x0000000c   Code   RO          959    i.HAL_RCC_GetHCLKFreq  stm32f1xx_hal_rcc.o
    0x08001788   0x08001788   0x00000020   Code   RO          961    i.HAL_RCC_GetPCLK1Freq  stm32f1xx_hal_rcc.o
    0x080017a8   0x080017a8   0x00000020   Code   RO          962    i.HAL_RCC_GetPCLK2Freq  stm32f1xx_hal_rcc.o
    0x080017c8   0x080017c8   0x00000070   Code   RO          963    i.HAL_RCC_GetSysClockFreq  stm32f1xx_hal_rcc.o
    0x08001838   0x08001838   0x00000464   Code   RO          966    i.HAL_RCC_OscConfig  stm32f1xx_hal_rcc.o
    0x08001c9c   0x08001c9c   0x000000be   Code   RO         1798    i.HAL_SPI_Init      stm32f1xx_hal_spi.o
    0x08001d5a   0x08001d5a   0x00000002   PAD
    0x08001d5c   0x08001d5c   0x00000088   Code   RO          326    i.HAL_SPI_MspInit   spi.o
    0x08001de4   0x08001de4   0x00000182   Code   RO         1801    i.HAL_SPI_Receive   stm32f1xx_hal_spi.o
    0x08001f66   0x08001f66   0x000001be   Code   RO         1806    i.HAL_SPI_Transmit  stm32f1xx_hal_spi.o
    0x08002124   0x08002124   0x00000248   Code   RO         1807    i.HAL_SPI_TransmitReceive  stm32f1xx_hal_spi.o
    0x0800236c   0x0800236c   0x00000034   Code   RO         1272    i.HAL_SYSTICK_Config  stm32f1xx_hal_cortex.o
    0x080023a0   0x080023a0   0x00000002   Code   RO         2121    i.HAL_UARTEx_RxEventCallback  stm32f1xx_hal_uart.o
    0x080023a2   0x080023a2   0x00000002   Code   RO         2135    i.HAL_UART_ErrorCallback  stm32f1xx_hal_uart.o
    0x080023a4   0x080023a4   0x000002e4   Code   RO         2138    i.HAL_UART_IRQHandler  stm32f1xx_hal_uart.o
    0x08002688   0x08002688   0x00000076   Code   RO         2139    i.HAL_UART_Init     stm32f1xx_hal_uart.o
    0x080026fe   0x080026fe   0x00000002   PAD
    0x08002700   0x08002700   0x00000100   Code   RO          368    i.HAL_UART_MspInit  usart.o
    0x08002800   0x08002800   0x00000002   Code   RO         2145    i.HAL_UART_RxCpltCallback  stm32f1xx_hal_uart.o
    0x08002802   0x08002802   0x000000be   Code   RO         2147    i.HAL_UART_Transmit  stm32f1xx_hal_uart.o
    0x080028c0   0x080028c0   0x00000002   Code   RO         2150    i.HAL_UART_TxCpltCallback  stm32f1xx_hal_uart.o
    0x080028c2   0x080028c2   0x00000004   Code   RO          417    i.HardFault_Handler  stm32f1xx_it.o
    0x080028c6   0x080028c6   0x00000002   PAD
    0x080028c8   0x080028c8   0x0000000c   Code   RO         5261    i.Int_MQTTClientRegisterCallBack  int_mqtt_client.o
    0x080028d4   0x080028d4   0x00000120   Code   RO         5262    i.Int_MQTTClient_CreateClientConnectServer  int_mqtt_client.o
    0x080029f4   0x080029f4   0x000000f0   Code   RO         5263    i.Int_MQTTClient_CreateSocketConnectServer  int_mqtt_client.o
    0x08002ae4   0x08002ae4   0x00000010   Code   RO         5264    i.Int_MQTTClient_Init  int_mqtt_client.o
    0x08002af4   0x08002af4   0x00000014   Code   RO         5266    i.Int_MQTTClient_Yield  int_mqtt_client.o
    0x08002b08   0x08002b08   0x00000070   Code   RO         4191    i.Int_W5500_Init    int_w5500.o
    0x08002b78   0x08002b78   0x00000054   Code   RO         4702    i.MQTTClientInit    mqttclient.o
    0x08002bcc   0x08002bcc   0x000000a8   Code   RO         4703    i.MQTTConnect       mqttclient.o
    0x08002c74   0x08002c74   0x0000006c   Code   RO         4929    i.MQTTDeserialize_ack  mqttdeserializepublish.o
    0x08002ce0   0x08002ce0   0x00000076   Code   RO         4839    i.MQTTDeserialize_connack  mqttconnectclient.o
    0x08002d56   0x08002d56   0x000000a8   Code   RO         4930    i.MQTTDeserialize_publish  mqttdeserializepublish.o
    0x08002dfe   0x08002dfe   0x00000092   Code   RO         5174    i.MQTTDeserialize_suback  mqttsubscribeclient.o
    0x08002e90   0x08002e90   0x00000058   Code   RO         5017    i.MQTTPacket_decode  mqttpacket.o
    0x08002ee8   0x08002ee8   0x0000001c   Code   RO         5018    i.MQTTPacket_decodeBuf  mqttpacket.o
    0x08002f04   0x08002f04   0x00000036   Code   RO         5020    i.MQTTPacket_encode  mqttpacket.o
    0x08002f3a   0x08002f3a   0x00000042   Code   RO         5021    i.MQTTPacket_equals  mqttpacket.o
    0x08002f7c   0x08002f7c   0x00000028   Code   RO         5022    i.MQTTPacket_len    mqttpacket.o
    0x08002fa4   0x08002fa4   0x00000072   Code   RO         5132    i.MQTTSerialize_ack  mqttserializepublish.o
    0x08003016   0x08003016   0x00000002   PAD
    0x08003018   0x08003018   0x00000168   Code   RO         4840    i.MQTTSerialize_connect  mqttconnectclient.o
    0x08003180   0x08003180   0x00000076   Code   RO         4841    i.MQTTSerialize_connectLength  mqttconnectclient.o
    0x080031f6   0x080031f6   0x00000012   Code   RO         4843    i.MQTTSerialize_pingreq  mqttconnectclient.o
    0x08003208   0x08003208   0x000000ae   Code   RO         5175    i.MQTTSerialize_subscribe  mqttsubscribeclient.o
    0x080032b6   0x080032b6   0x0000002e   Code   RO         5176    i.MQTTSerialize_subscribeLength  mqttsubscribeclient.o
    0x080032e4   0x080032e4   0x0000004c   Code   RO         4844    i.MQTTSerialize_zero  mqttconnectclient.o
    0x08003330   0x08003330   0x000000e8   Code   RO         4707    i.MQTTSubscribe     mqttclient.o
    0x08003418   0x08003418   0x00000028   Code   RO         4709    i.MQTTYield         mqttclient.o
    0x08003440   0x08003440   0x00000018   Code   RO         5025    i.MQTTstrlen        mqttpacket.o
    0x08003458   0x08003458   0x0000004c   Code   RO          285    i.MX_CAN_Init       can.o
    0x080034a4   0x080034a4   0x000000e4   Code   RO          259    i.MX_GPIO_Init      gpio.o
    0x08003588   0x08003588   0x00000044   Code   RO          327    i.MX_SPI2_Init      spi.o
    0x080035cc   0x080035cc   0x00000038   Code   RO          369    i.MX_USART1_UART_Init  usart.o
    0x08003604   0x08003604   0x00000038   Code   RO          370    i.MX_USART2_UART_Init  usart.o
    0x0800363c   0x0800363c   0x00000004   Code   RO          418    i.MemManage_Handler  stm32f1xx_it.o
    0x08003640   0x08003640   0x00000004   Code   RO          419    i.NMI_Handler       stm32f1xx_it.o
    0x08003644   0x08003644   0x00000006   Code   RO         4710    i.NewMessageData    mqttclient.o
    0x0800364a   0x0800364a   0x00000002   PAD
    0x0800364c   0x0800364c   0x0000001c   Code   RO         4626    i.NewNetwork        mqtt_interface.o
    0x08003668   0x08003668   0x00000028   Code   RO          967    i.RCC_Delay         stm32f1xx_hal_rcc.o
    0x08003690   0x08003690   0x00000078   Code   RO         1835    i.SPI_EndRxTransaction  stm32f1xx_hal_spi.o
    0x08003708   0x08003708   0x00000044   Code   RO         1836    i.SPI_EndRxTxTransaction  stm32f1xx_hal_spi.o
    0x0800374c   0x0800374c   0x000000d8   Code   RO         1841    i.SPI_WaitFlagStateUntilTimeout  stm32f1xx_hal_spi.o
    0x08003824   0x08003824   0x00000014   Code   RO          420    i.SysTick_Handler   stm32f1xx_it.o
    0x08003838   0x08003838   0x00000066   Code   RO           14    i.SystemClock_Config  main.o
    0x0800389e   0x0800389e   0x00000002   Code   RO         2483    i.SystemInit        system_stm32f1xx.o
    0x080038a0   0x080038a0   0x00000018   Code   RO         4627    i.TimerCountdown    mqtt_interface.o
    0x080038b8   0x080038b8   0x00000010   Code   RO         4628    i.TimerCountdownMS  mqtt_interface.o
    0x080038c8   0x080038c8   0x00000006   Code   RO         4629    i.TimerInit         mqtt_interface.o
    0x080038ce   0x080038ce   0x00000002   PAD
    0x080038d0   0x080038d0   0x00000014   Code   RO         4630    i.TimerIsExpired    mqtt_interface.o
    0x080038e4   0x080038e4   0x0000001c   Code   RO         4631    i.TimerLeftMS       mqtt_interface.o
    0x08003900   0x08003900   0x00000014   Code   RO         2152    i.UART_DMAAbortOnError  stm32f1xx_hal_uart.o
    0x08003914   0x08003914   0x0000006c   Code   RO         2162    i.UART_EndRxTransfer  stm32f1xx_hal_uart.o
    0x08003980   0x08003980   0x00000020   Code   RO         2163    i.UART_EndTransmit_IT  stm32f1xx_hal_uart.o
    0x080039a0   0x080039a0   0x000000fc   Code   RO         2165    i.UART_Receive_IT   stm32f1xx_hal_uart.o
    0x08003a9c   0x08003a9c   0x000000fc   Code   RO         2166    i.UART_SetConfig    stm32f1xx_hal_uart.o
    0x08003b98   0x08003b98   0x00000060   Code   RO         2169    i.UART_Transmit_IT  stm32f1xx_hal_uart.o
    0x08003bf8   0x08003bf8   0x0000008c   Code   RO         2170    i.UART_WaitOnFlagUntilTimeout  stm32f1xx_hal_uart.o
    0x08003c84   0x08003c84   0x00000010   Code   RO          421    i.USART2_IRQHandler  stm32f1xx_it.o
    0x08003c94   0x08003c94   0x00000004   Code   RO          422    i.UsageFault_Handler  stm32f1xx_it.o
    0x08003c98   0x08003c98   0x00000074   Code   RO         4561    i.WIZCHIP_READ      w5500.o
    0x08003d0c   0x08003d0c   0x0000008c   Code   RO         4562    i.WIZCHIP_READ_BUF  w5500.o
    0x08003d98   0x08003d98   0x00000074   Code   RO         4563    i.WIZCHIP_WRITE     w5500.o
    0x08003e0c   0x08003e0c   0x00000088   Code   RO         4564    i.WIZCHIP_WRITE_BUF  w5500.o
    0x08003e94   0x08003e94   0x00000020   Code   RO         5720    i.__0printf         mc_w.l(printfa.o)
    0x08003eb4   0x08003eb4   0x00000010   Code   RO         1274    i.__NVIC_GetPriorityGrouping  stm32f1xx_hal_cortex.o
    0x08003ec4   0x08003ec4   0x00000028   Code   RO         1275    i.__NVIC_SetPriority  stm32f1xx_hal_cortex.o
    0x08003eec   0x08003eec   0x0000000e   Code   RO         5853    i.__scatterload_copy  mc_w.l(handlers.o)
    0x08003efa   0x08003efa   0x00000002   Code   RO         5854    i.__scatterload_null  mc_w.l(handlers.o)
    0x08003efc   0x08003efc   0x0000000e   Code   RO         5855    i.__scatterload_zeroinit  mc_w.l(handlers.o)
    0x08003f0a   0x08003f0a   0x00000002   PAD
    0x08003f0c   0x08003f0c   0x00000184   Code   RO         5727    i._fp_digits        mc_w.l(printfa.o)
    0x08004090   0x08004090   0x0000000e   Code   RO         5780    i._is_digit         mc_w.l(scanf_fp.o)
    0x0800409e   0x0800409e   0x00000002   PAD
    0x080040a0   0x080040a0   0x000006b4   Code   RO         5728    i._printf_core      mc_w.l(printfa.o)
    0x08004754   0x08004754   0x00000024   Code   RO         5729    i._printf_post_padding  mc_w.l(printfa.o)
    0x08004778   0x08004778   0x0000002e   Code   RO         5730    i._printf_pre_padding  mc_w.l(printfa.o)
    0x080047a6   0x080047a6   0x00000002   PAD
    0x080047a8   0x080047a8   0x00000028   Code   RO         5026    i.bufchar           mqttpacket.o
    0x080047d0   0x080047d0   0x00000048   Code   RO         2578    i.buffer_skip_whitespace  cjson.o
    0x08004818   0x08004818   0x00000060   Code   RO         2610    i.cJSON_Delete      cjson.o
    0x08004878   0x08004878   0x00000012   Code   RO         2624    i.cJSON_GetObjectItem  cjson.o
    0x0800488a   0x0800488a   0x0000001a   Code   RO         2641    i.cJSON_New_Item    cjson.o
    0x080048a4   0x080048a4   0x00000010   Code   RO         2642    i.cJSON_Parse       cjson.o
    0x080048b4   0x080048b4   0x000000d4   Code   RO         2644    i.cJSON_ParseWithLengthOpts  cjson.o
    0x08004988   0x08004988   0x00000028   Code   RO         2645    i.cJSON_ParseWithOpts  cjson.o
    0x080049b0   0x080049b0   0x00000048   Code   RO         2660    i.case_insensitive_strcmp  cjson.o
    0x080049f8   0x080049f8   0x000000a0   Code   RO         4230    i.close             socket.o
    0x08004a98   0x08004a98   0x0000015c   Code   RO         4231    i.connect           socket.o
    0x08004bf4   0x08004bf4   0x0000013e   Code   RO         4711    i.cycle             mqttclient.o
    0x08004d32   0x08004d32   0x0000006a   Code   RO         4712    i.decodePacket      mqttclient.o
    0x08004d9c   0x08004d9c   0x0000008c   Code   RO         4713    i.deliverMessage    mqttclient.o
    0x08004e28   0x08004e28   0x000000bc   Code   RO         4233    i.disconnect        socket.o
    0x08004ee4   0x08004ee4   0x0000001c   Code   RO         2519    i.fputc             com_debug.o
    0x08004f00   0x08004f00   0x00000018   Code   RO         4714    i.getNextPacketId   mqttclient.o
    0x08004f18   0x08004f18   0x0000006c   Code   RO         4565    i.getSn_RX_RSR      w5500.o
    0x08004f84   0x08004f84   0x0000006c   Code   RO         4566    i.getSn_TX_FSR      w5500.o
    0x08004ff0   0x08004ff0   0x00000004   Code   RO         2666    i.get_decimal_point  cjson.o
    0x08004ff4   0x08004ff4   0x00000052   Code   RO         2667    i.get_object_item   cjson.o
    0x08005046   0x08005046   0x00000076   Code   RO         4715    i.isTopicMatched    mqttclient.o
    0x080050bc   0x080050bc   0x00000056   Code   RO         4716    i.keepalive         mqttclient.o
    0x08005112   0x08005112   0x00000002   PAD
    0x08005114   0x08005114   0x00000074   Code   RO           15    i.main              main.o
    0x08005188   0x08005188   0x00000014   Code   RO         5267    i.mqtt_clinet_receiveCallBack  int_mqtt_client.o
    0x0800519c   0x0800519c   0x000000f8   Code   RO         2669    i.parse_array       cjson.o
    0x08005294   0x08005294   0x0000005a   Code   RO         2670    i.parse_hex4        cjson.o
    0x080052ee   0x080052ee   0x00000002   PAD
    0x080052f0   0x080052f0   0x00000170   Code   RO         2671    i.parse_number      cjson.o
    0x08005460   0x08005460   0x0000014c   Code   RO         2672    i.parse_object      cjson.o
    0x080055ac   0x080055ac   0x0000018e   Code   RO         2673    i.parse_string      cjson.o
    0x0800573a   0x0800573a   0x00000002   PAD
    0x0800573c   0x0800573c   0x0000013c   Code   RO         2674    i.parse_value       cjson.o
    0x08005878   0x08005878   0x00000124   Code   RO         4192    i.print_network_info  int_w5500.o
    0x0800599c   0x0800599c   0x000000c0   Code   RO         3678    i.prvAddCurrentTaskToDelayedList  tasks.o
    0x08005a5c   0x08005a5c   0x000000e4   Code   RO         3679    i.prvAddNewTaskToReadyList  tasks.o
    0x08005b40   0x08005b40   0x00000048   Code   RO         3680    i.prvCheckTasksWaitingTermination  tasks.o
    0x08005b88   0x08005b88   0x00000012   Code   RO         3681    i.prvDeleteTCB      tasks.o
    0x08005b9a   0x08005b9a   0x00000002   PAD
    0x08005b9c   0x08005b9c   0x00000070   Code   RO         3987    i.prvHeapInit       heap_4.o
    0x08005c0c   0x08005c0c   0x00000028   Code   RO         3682    i.prvIdleTask       tasks.o
    0x08005c34   0x08005c34   0x0000007a   Code   RO         3683    i.prvInitialiseNewTask  tasks.o
    0x08005cae   0x08005cae   0x00000002   PAD
    0x08005cb0   0x08005cb0   0x00000068   Code   RO         3684    i.prvInitialiseTaskLists  tasks.o
    0x08005d18   0x08005d18   0x00000068   Code   RO         3988    i.prvInsertBlockIntoFreeList  heap_4.o
    0x08005d80   0x08005d80   0x00000030   Code   RO         3685    i.prvResetNextTaskUnblockTime  tasks.o
    0x08005db0   0x08005db0   0x00000016   Code   RO         4055    i.prvTaskExitError  port.o
    0x08005dc6   0x08005dc6   0x00000002   PAD
    0x08005dc8   0x08005dc8   0x000000e4   Code   RO         3990    i.pvPortMalloc      heap_4.o
    0x08005eac   0x08005eac   0x00000024   Code   RO         4056    i.pxPortInitialiseStack  port.o
    0x08005ed0   0x08005ed0   0x0000000e   Code   RO         5028    i.readChar          mqttpacket.o
    0x08005ede   0x08005ede   0x0000001a   Code   RO         5029    i.readInt           mqttpacket.o
    0x08005ef8   0x08005ef8   0x0000003a   Code   RO         5030    i.readMQTTLenString  mqttpacket.o
    0x08005f32   0x08005f32   0x0000008c   Code   RO         4717    i.readPacket        mqttclient.o
    0x08005fbe   0x08005fbe   0x00000002   PAD
    0x08005fc0   0x08005fc0   0x00000120   Code   RO         4236    i.recv              socket.o
    0x080060e0   0x080060e0   0x00000028   Code   RO         4321    i.reg_wizchip_cris_cbfunc  wizchip_conf.o
    0x08006108   0x08006108   0x00000028   Code   RO         4322    i.reg_wizchip_cs_cbfunc  wizchip_conf.o
    0x08006130   0x08006130   0x00000034   Code   RO         4323    i.reg_wizchip_spi_cbfunc  wizchip_conf.o
    0x08006164   0x08006164   0x00000180   Code   RO         4238    i.send              socket.o
    0x080062e4   0x080062e4   0x00000060   Code   RO         4718    i.sendPacket        mqttclient.o
    0x08006344   0x08006344   0x0000003c   Code   RO         2685    i.skip_utf8_bom     cjson.o
    0x08006380   0x08006380   0x00000194   Code   RO         4241    i.socket            socket.o
    0x08006514   0x08006514   0x0000001c   Code   RO         5459    i.strtod            m_ws.l(strtod.o)
    0x08006530   0x08006530   0x0000001c   Code   RO         4161    i.task1             app_task1.o
    0x0800654c   0x0800654c   0x00000048   Code   RO         4162    i.task1_callBack    app_task1.o
    0x08006594   0x08006594   0x00000034   Code   RO         4325    i.user_register_callBack  wizchip_conf.o
    0x080065c8   0x080065c8   0x0000012c   Code   RO         2688    i.utf16_literal_to_utf8  cjson.o
    0x080066f4   0x080066f4   0x00000028   Code   RO         3365    i.uxListRemove      list.o
    0x0800671c   0x0800671c   0x0000001a   Code   RO         3366    i.vListInitialise   list.o
    0x08006736   0x08006736   0x00000006   Code   RO         3367    i.vListInitialiseItem  list.o
    0x0800673c   0x0800673c   0x00000034   Code   RO         3368    i.vListInsert       list.o
    0x08006770   0x08006770   0x00000024   Code   RO         4058    i.vPortEnterCritical  port.o
    0x08006794   0x08006794   0x00000020   Code   RO         4059    i.vPortExitCritical  port.o
    0x080067b4   0x080067b4   0x0000004c   Code   RO         3992    i.vPortFree         heap_4.o
    0x08006800   0x08006800   0x00000018   Code   RO         4060    i.vPortSetupTimerInterrupt  port.o
    0x08006818   0x08006818   0x00000034   Code   RO         3693    i.vTaskDelay        tasks.o
    0x0800684c   0x0800684c   0x0000006c   Code   RO         3705    i.vTaskStartScheduler  tasks.o
    0x080068b8   0x080068b8   0x00000010   Code   RO         3707    i.vTaskSuspendAll   tasks.o
    0x080068c8   0x080068c8   0x00000060   Code   RO         3708    i.vTaskSwitchContext  tasks.o
    0x08006928   0x08006928   0x0000000c   Code   RO         4632    i.w5x00_disconnect  mqtt_interface.o
    0x08006934   0x08006934   0x0000003e   Code   RO         4633    i.w5x00_read        mqtt_interface.o
    0x08006972   0x08006972   0x00000034   Code   RO         4634    i.w5x00_write       mqtt_interface.o
    0x080069a6   0x080069a6   0x00000030   Code   RO         4719    i.waitfor           mqttclient.o
    0x080069d6   0x080069d6   0x00000084   Code   RO         4567    i.wiz_recv_data     w5500.o
    0x08006a5a   0x08006a5a   0x00000084   Code   RO         4569    i.wiz_send_data     w5500.o
    0x08006ade   0x08006ade   0x00000006   Code   RO         4326    i.wizchip_bus_readdata  wizchip_conf.o
    0x08006ae4   0x08006ae4   0x00000004   Code   RO         4327    i.wizchip_bus_writedata  wizchip_conf.o
    0x08006ae8   0x08006ae8   0x00000008   Code   RO         4329    i.wizchip_cris_enter  wizchip_conf.o
    0x08006af0   0x08006af0   0x00000008   Code   RO         4330    i.wizchip_cris_exit  wizchip_conf.o
    0x08006af8   0x08006af8   0x00000014   Code   RO         4331    i.wizchip_cs_deselect  wizchip_conf.o
    0x08006b0c   0x08006b0c   0x00000014   Code   RO         4332    i.wizchip_cs_select  wizchip_conf.o
    0x08006b20   0x08006b20   0x00000020   Code   RO         4344    i.wizchip_spi_readbyte  wizchip_conf.o
    0x08006b40   0x08006b40   0x00000018   Code   RO         4346    i.wizchip_spi_writebyte  wizchip_conf.o
    0x08006b58   0x08006b58   0x00000028   Code   RO         5031    i.writeCString      mqttpacket.o
    0x08006b80   0x08006b80   0x0000000c   Code   RO         5032    i.writeChar         mqttpacket.o
    0x08006b8c   0x08006b8c   0x00000030   Code   RO         5033    i.writeInt          mqttpacket.o
    0x08006bbc   0x08006bbc   0x0000003e   Code   RO         5034    i.writeMQTTString   mqttpacket.o
    0x08006bfa   0x08006bfa   0x00000002   PAD
    0x08006bfc   0x08006bfc   0x00000034   Code   RO         4061    i.xPortStartScheduler  port.o
    0x08006c30   0x08006c30   0x00000034   Code   RO         4062    i.xPortSysTickHandler  port.o
    0x08006c64   0x08006c64   0x00000068   Code   RO         3711    i.xTaskCreate       tasks.o
    0x08006ccc   0x08006ccc   0x00000020   Code   RO         3718    i.xTaskGetSchedulerState  tasks.o
    0x08006cec   0x08006cec   0x00000190   Code   RO         3721    i.xTaskIncrementTick  tasks.o
    0x08006e7c   0x08006e7c   0x0000015c   Code   RO         3723    i.xTaskResumeAll    tasks.o
    0x08006fd8   0x08006fd8   0x00000012   Data   RO          968    .constdata          stm32f1xx_hal_rcc.o
    0x08006fea   0x08006fea   0x00000018   Data   RO         2484    .constdata          system_stm32f1xx.o
    0x08007002   0x08007002   0x00000002   PAD
    0x08007004   0x08007004   0x00000058   Data   RO         4720    .constdata          mqttclient.o
    0x0800705c   0x0800705c   0x00000058   Data   RO         5269    .constdata          int_mqtt_client.o
    0x080070b4   0x080070b4   0x00000040   Data   RO         5849    .constdata          mc_w.l(ctype_c.o)
    0x080070f4   0x080070f4   0x00000020   Data   RO         5851    Region$$Table       anon$$obj.o


    Execution Region RW_IRAM1 (Exec base: 0x20000000, Load base: 0x08007114, Size: 0x00003750, Max: 0x00005000, ABSOLUTE)

    Exec Addr    Load Addr    Size         Type   Attr      Idx    E Section Name        Object

    0x20000000   0x08007114   0x00000009   Data   RW          804    .data               stm32f1xx_hal.o
    0x20000009   0x0800711d   0x00000003   PAD
    0x2000000c   0x08007120   0x00000004   Data   RW         2485    .data               system_stm32f1xx.o
    0x20000010   0x08007124   0x00000014   Data   RW         2690    .data               cjson.o
    0x20000024   0x08007138   0x00000040   Data   RW         3726    .data               tasks.o
    0x20000064   0x08007178   0x0000001c   Data   RW         3998    .data               heap_4.o
    0x20000080   0x08007194   0x00000004   Data   RW         4063    .data               port.o
    0x20000084   0x08007198   0x00000004   Data   RW         4129    .data               app_main.o
    0x20000088   0x0800719c   0x00000017   Data   RW         4193    .data               int_w5500.o
    0x2000009f   0x080071b3   0x00000001   PAD
    0x200000a0   0x080071b4   0x0000000e   Data   RW         4243    .data               socket.o
    0x200000ae   0x080071c2   0x00000002   PAD
    0x200000b0   0x080071c4   0x00000031   Data   RW         4355    .data               wizchip_conf.o
    0x200000e1   0x080071f5   0x00000003   PAD
    0x200000e4   0x080071f8   0x00000004   Data   RW         4635    .data               mqtt_interface.o
    0x200000e8   0x080071fc   0x00000004   Data   RW         5035    .data               mqttpacket.o
    0x200000ec   0x08007200   0x00000008   Data   RW         5270    .data               int_mqtt_client.o
    0x200000f4   0x08007208   0x00000004   Data   RW         5812    .data               mc_w.l(stdout.o)
    0x200000f8        -       0x00000028   Zero   RW          286    .bss                can.o
    0x20000120        -       0x00000058   Zero   RW          328    .bss                spi.o
    0x20000178        -       0x00000090   Zero   RW          371    .bss                usart.o
    0x20000208        -       0x000000c8   Zero   RW         3725    .bss                tasks.o
    0x200002d0        -       0x00002800   Zero   RW         3997    .bss                heap_4.o
    0x20002ad0        -       0x00000010   Zero   RW         4242    .bss                socket.o
    0x20002ae0        -       0x0000086c   Zero   RW         5268    .bss                int_mqtt_client.o
    0x2000334c   0x0800720c   0x00000004   PAD
    0x20003350        -       0x00000400   Zero   RW            1    STACK               startup_stm32f103xb.o


==============================================================================

Image component sizes


      Code (inc. data)   RO Data    RW Data    ZI Data      Debug   Object Name

        48         18          0          4          0        649   app_main.o
       100         28          0          0          0       1297   app_task1.o
       212         24          0          0         40       1591   can.o
      2750         66          0         20          0      17377   cjson.o
        28          6          0          0          0        500   com_debug.o
        36          0          0          0          0        953   com_delay.o
         0          0          0          0          0       2512   event_groups.o
       228         12          0          0          0        955   gpio.o
       520         58          0         28      10240       4591   heap_4.o
       596        296         88          8       2156       5660   int_mqtt_client.o
       404        126          0         23          0       4190   int_w5500.o
       124          0          0          0          0       2629   list.o
       224         44          0          0          0     429420   main.o
       308         34          0          4          0       7028   mqtt_interface.o
      1606         18         88          0          0      15750   mqttclient.o
       690         18          0          0          0       6849   mqttconnectclient.o
       276          0          0          0          0       2600   mqttdeserializepublish.o
       600         18          0          4          0       9544   mqttpacket.o
       114          0          0          0          0        900   mqttserializepublish.o
       366          0          0          0          0       3279   mqttsubscribeclient.o
       404         48          0          4          0       9020   port.o
      1772         68          0         14         16       5679   socket.o
       204         22          0          0         88       1589   spi.o
        36          8        236          0       1024        792   startup_stm32f103xb.o
       192         36          0          9          0       5809   stm32f1xx_hal.o
       372          0          0          0          0       1355   stm32f1xx_hal_can.o
       304         22          0          0          0      29347   stm32f1xx_hal_cortex.o
       262          4          0          0          0       1723   stm32f1xx_hal_dma.o
       812         34          0          0          0       2640   stm32f1xx_hal_gpio.o
        84          8          0          0          0        874   stm32f1xx_hal_msp.o
      1748         98         18          0          0       5880   stm32f1xx_hal_rcc.o
      2010          6          0          0          0       7398   stm32f1xx_hal_spi.o
      1956          8          0          0          0      10920   stm32f1xx_hal_uart.o
        58          6          0          0          0       3463   stm32f1xx_it.o
         2          0         24          4          0       1083   system_stm32f1xx.o
      1980        270          0         64        200      26396   tasks.o
       368         36          0          0        144       2243   usart.o
       988         16          0          0          0       5728   w5500.o
       306         86          0         49          0       9615   wizchip_conf.o

    ----------------------------------------------------------------------
     23120       1542        488        244      13912     649828   Object Totals
         0          0         32          0          0          0   (incl. Generated)
        32          0          2          9          4          0   (incl. Padding)

    ----------------------------------------------------------------------

      Code (inc. data)   RO Data    RW Data    ZI Data      Debug   Library Member Name

        28          0          0          0          0         80   strtod.o
        64          0          0          0          0         84   _sgetc.o
        40          6         64          0          0         68   ctype_c.o
         0          0          0          0          0          0   entry.o
         0          0          0          0          0          0   entry10a.o
         0          0          0          0          0          0   entry11a.o
         4          0          0          0          0          0   entry12b.o
         8          4          0          0          0          0   entry2.o
         4          0          0          0          0          0   entry5.o
         0          0          0          0          0          0   entry7b.o
         0          0          0          0          0          0   entry8b.o
         8          4          0          0          0          0   entry9a.o
        30          0          0          0          0          0   handlers.o
        36          8          0          0          0         68   init.o
        10          0          0          0          0         68   isspace_c.o
         0          0          0          0          0          0   iusefp.o
        30          0          0          0          0         68   llshl.o
        36          0          0          0          0         68   llsshr.o
        32          0          0          0          0         68   llushr.o
        36          0          0          0          0         68   memcpya.o
        36          0          0          0          0        108   memseta.o
      2218         90          0          0          0        464   printfa.o
       878         12          0          0          0        216   scanf_fp.o
         0          0          0          4          0          0   stdout.o
        28          0          0          0          0         76   strcmp.o
        14          0          0          0          0         68   strlen.o
        30          0          0          0          0         80   strncmp.o
        22          0          0          0          0         68   strrchr.o
       156         12          0          0          0        120   strtod.o
        12          0          0          0          0         68   tolower.o
        44          0          0          0          0         80   uidiv.o
        98          0          0          0          0         92   uldiv.o
        48          0          0          0          0         68   cdcmple.o
        48          0          0          0          0         68   cdrcmple.o
        56          0          0          0          0         88   d2f.o
       334          0          0          0          0        148   dadd.o
       222          0          0          0          0        100   ddiv.o
       186          0          0          0          0        176   depilogue.o
        62          0          0          0          0         80   dfixi.o
        48          0          0          0          0         68   dfixul.o
        24          0          0          0          0         76   dfltul.o
       228          0          0          0          0         96   dmul.o
       110          0          0          0          0        168   fepilogue.o

    ----------------------------------------------------------------------
      5276        136         64          4          0       3216   Library Totals
         8          0          0          0          0          0   (incl. Padding)

    ----------------------------------------------------------------------

      Code (inc. data)   RO Data    RW Data    ZI Data      Debug   Library Name

        28          0          0          0          0         80   m_ws.l
      3874        136         64          4          0       2000   mc_w.l
      1366          0          0          0          0       1136   mf_w.l

    ----------------------------------------------------------------------
      5276        136         64          4          0       3216   Library Totals

    ----------------------------------------------------------------------

==============================================================================


      Code (inc. data)   RO Data    RW Data    ZI Data      Debug   

     28396       1678        552        248      13912     641132   Grand Totals
     28396       1678        552        248      13912     641132   ELF Image Totals
     28396       1678        552        248          0          0   ROM Totals

==============================================================================

    Total RO  Size (Code + RO Data)                28948 (  28.27kB)
    Total RW  Size (RW Data + ZI Data)             14160 (  13.83kB)
    Total ROM Size (Code + RO Data + RW Data)      29196 (  28.51kB)

==============================================================================

